Component: ARM Compiler 5.06 update 6 (build 750) Tool: armlink [4d35ed]

==============================================================================

Section Cross References

    startup_stm32f405xx.o(STACK) refers (Special) to heapauxi.o(.text) for __use_two_region_memory
    startup_stm32f405xx.o(HEAP) refers (Special) to heapauxi.o(.text) for __use_two_region_memory
    startup_stm32f405xx.o(RESET) refers (Special) to heapauxi.o(.text) for __use_two_region_memory
    startup_stm32f405xx.o(RESET) refers to startup_stm32f405xx.o(STACK) for __initial_sp
    startup_stm32f405xx.o(RESET) refers to startup_stm32f405xx.o(.text) for Reset_Handler
    startup_stm32f405xx.o(RESET) refers to stm32f4xx_it.o(i.NMI_Handler) for NMI_Handler
    startup_stm32f405xx.o(RESET) refers to stm32f4xx_it.o(i.HardFault_Handler) for HardFault_Handler
    startup_stm32f405xx.o(RESET) refers to stm32f4xx_it.o(i.MemManage_Handler) for MemManage_Handler
    startup_stm32f405xx.o(RESET) refers to stm32f4xx_it.o(i.BusFault_Handler) for BusFault_Handler
    startup_stm32f405xx.o(RESET) refers to stm32f4xx_it.o(i.UsageFault_Handler) for UsageFault_Handler
    startup_stm32f405xx.o(RESET) refers to port.o(.emb_text) for SVC_Handler
    startup_stm32f405xx.o(RESET) refers to stm32f4xx_it.o(i.DebugMon_Handler) for DebugMon_Handler
    startup_stm32f405xx.o(RESET) refers to stm32f4xx_it.o(i.SysTick_Handler) for SysTick_Handler
    startup_stm32f405xx.o(RESET) refers to stm32f4xx_it.o(i.DMA1_Stream2_IRQHandler) for DMA1_Stream2_IRQHandler
    startup_stm32f405xx.o(RESET) refers to stm32f4xx_it.o(i.DMA1_Stream4_IRQHandler) for DMA1_Stream4_IRQHandler
    startup_stm32f405xx.o(RESET) refers to stm32f4xx_it.o(i.DMA1_Stream5_IRQHandler) for DMA1_Stream5_IRQHandler
    startup_stm32f405xx.o(RESET) refers to stm32f4xx_it.o(i.DMA1_Stream6_IRQHandler) for DMA1_Stream6_IRQHandler
    startup_stm32f405xx.o(RESET) refers to stm32f4xx_it.o(i.ADC_IRQHandler) for ADC_IRQHandler
    startup_stm32f405xx.o(RESET) refers to stm32f4xx_it.o(i.USART2_IRQHandler) for USART2_IRQHandler
    startup_stm32f405xx.o(RESET) refers to stm32f4xx_it.o(i.OTG_FS_IRQHandler) for OTG_FS_IRQHandler
    startup_stm32f405xx.o(.text) refers (Special) to heapauxi.o(.text) for __use_two_region_memory
    startup_stm32f405xx.o(.text) refers to system_stm32f4xx.o(i.SystemInit) for SystemInit
    startup_stm32f405xx.o(.text) refers to __main.o(!!!main) for __main
    startup_stm32f405xx.o(.text) refers to startup_stm32f405xx.o(HEAP) for Heap_Mem
    startup_stm32f405xx.o(.text) refers to startup_stm32f405xx.o(STACK) for Stack_Mem
    main.o(i.MX_ADC1_Init) refers to rt_memclr_w.o(.text) for __aeabi_memclr4
    main.o(i.MX_ADC1_Init) refers to stm32f4xx_hal_adc.o(i.HAL_ADC_Init) for HAL_ADC_Init
    main.o(i.MX_ADC1_Init) refers to stm32f4xx_hal_adc.o(i.HAL_ADC_ConfigChannel) for HAL_ADC_ConfigChannel
    main.o(i.MX_ADC1_Init) refers to stm32f4xx_hal_adc_ex.o(i.HAL_ADCEx_InjectedConfigChannel) for HAL_ADCEx_InjectedConfigChannel
    main.o(i.MX_ADC1_Init) refers to main.o(.bss) for .bss
    main.o(i.MX_ADC2_Init) refers to rt_memclr_w.o(.text) for __aeabi_memclr4
    main.o(i.MX_ADC2_Init) refers to stm32f4xx_hal_adc.o(i.HAL_ADC_Init) for HAL_ADC_Init
    main.o(i.MX_ADC2_Init) refers to stm32f4xx_hal_adc.o(i.HAL_ADC_ConfigChannel) for HAL_ADC_ConfigChannel
    main.o(i.MX_ADC2_Init) refers to stm32f4xx_hal_adc_ex.o(i.HAL_ADCEx_InjectedConfigChannel) for HAL_ADCEx_InjectedConfigChannel
    main.o(i.MX_ADC2_Init) refers to main.o(.bss) for .bss
    main.o(i.MX_ADC3_Init) refers to rt_memclr_w.o(.text) for __aeabi_memclr4
    main.o(i.MX_ADC3_Init) refers to stm32f4xx_hal_adc.o(i.HAL_ADC_Init) for HAL_ADC_Init
    main.o(i.MX_ADC3_Init) refers to stm32f4xx_hal_adc.o(i.HAL_ADC_ConfigChannel) for HAL_ADC_ConfigChannel
    main.o(i.MX_ADC3_Init) refers to stm32f4xx_hal_adc_ex.o(i.HAL_ADCEx_InjectedConfigChannel) for HAL_ADCEx_InjectedConfigChannel
    main.o(i.MX_ADC3_Init) refers to main.o(.bss) for .bss
    main.o(i.MX_CAN1_Init) refers to stm32f4xx_hal_can.o(i.HAL_CAN_Init) for HAL_CAN_Init
    main.o(i.MX_CAN1_Init) refers to main.o(.bss) for .bss
    main.o(i.MX_DMA_Init) refers to stm32f4xx_hal_cortex.o(i.HAL_NVIC_SetPriority) for HAL_NVIC_SetPriority
    main.o(i.MX_DMA_Init) refers to stm32f4xx_hal_cortex.o(i.HAL_NVIC_EnableIRQ) for HAL_NVIC_EnableIRQ
    main.o(i.MX_GPIO_Init) refers to rt_memclr_w.o(.text) for __aeabi_memclr4
    main.o(i.MX_GPIO_Init) refers to stm32f4xx_hal_gpio.o(i.HAL_GPIO_WritePin) for HAL_GPIO_WritePin
    main.o(i.MX_GPIO_Init) refers to stm32f4xx_hal_gpio.o(i.HAL_GPIO_Init) for HAL_GPIO_Init
    main.o(i.MX_SPI3_Init) refers to stm32f4xx_hal_spi.o(i.HAL_SPI_Init) for HAL_SPI_Init
    main.o(i.MX_SPI3_Init) refers to main.o(.bss) for .bss
    main.o(i.MX_TIM1_Init) refers to rt_memclr_w.o(.text) for __aeabi_memclr4
    main.o(i.MX_TIM1_Init) refers to stm32f4xx_hal_tim.o(i.HAL_TIM_PWM_Init) for HAL_TIM_PWM_Init
[...]
    0x080002b0   0x080002b0   0x00000006   Code   RO         8338    .ARM.Collect$$_printf_percent$$00000013  c_w.l(_printf_c.o)
    0x080002b6   0x080002b6   0x00000006   Code   RO         8339    .ARM.Collect$$_printf_percent$$00000014  c_w.l(_printf_s.o)
    0x080002bc   0x080002bc   0x00000006   Code   RO         8354    .ARM.Collect$$_printf_percent$$00000015  c_w.l(_printf_lc.o)
    0x080002c2   0x080002c2   0x00000006   Code   RO         8355    .ARM.Collect$$_printf_percent$$00000016  c_w.l(_printf_ls.o)
    0x080002c8   0x080002c8   0x00000004   Code   RO         8348    .ARM.Collect$$_printf_percent$$00000017  c_w.l(_printf_percent_end.o)
    0x080002cc   0x080002cc   0x00000002   Code   RO         8634    .ARM.Collect$$libinit$$00000000  c_w.l(libinit.o)
    0x080002ce   0x080002ce   0x00000004   Code   RO         8376    .ARM.Collect$$libinit$$00000001  c_w.l(libinit2.o)
    0x080002d2   0x080002d2   0x00000000   Code   RO         8379    .ARM.Collect$$libinit$$00000004  c_w.l(libinit2.o)
    0x080002d2   0x080002d2   0x00000008   Code   RO         8380    .ARM.Collect$$libinit$$00000005  c_w.l(libinit2.o)
    0x080002da   0x080002da   0x00000000   Code   RO         8382    .ARM.Collect$$libinit$$0000000A  c_w.l(libinit2.o)
    0x080002da   0x080002da   0x00000000   Code   RO         8384    .ARM.Collect$$libinit$$0000000C  c_w.l(libinit2.o)
    0x080002da   0x080002da   0x00000000   Code   RO         8386    .ARM.Collect$$libinit$$0000000E  c_w.l(libinit2.o)
    0x080002da   0x080002da   0x00000006   Code   RO         8387    .ARM.Collect$$libinit$$0000000F  c_w.l(libinit2.o)
    0x080002e0   0x080002e0   0x00000000   Code   RO         8389    .ARM.Collect$$libinit$$00000011  c_w.l(libinit2.o)
    0x080002e0   0x080002e0   0x0000000c   Code   RO         8390    .ARM.Collect$$libinit$$00000012  c_w.l(libinit2.o)
    0x080002ec   0x080002ec   0x00000000   Code   RO         8391    .ARM.Collect$$libinit$$00000013  c_w.l(libinit2.o)
    0x080002ec   0x080002ec   0x00000000   Code   RO         8393    .ARM.Collect$$libinit$$00000015  c_w.l(libinit2.o)
    0x080002ec   0x080002ec   0x0000000a   Code   RO         8394    .ARM.Collect$$libinit$$00000016  c_w.l(libinit2.o)
    0x080002f6   0x080002f6   0x00000000   Code   RO         8395    .ARM.Collect$$libinit$$00000017  c_w.l(libinit2.o)
    0x080002f6   0x080002f6   0x00000000   Code   RO         8397    .ARM.Collect$$libinit$$00000019  c_w.l(libinit2.o)
    0x080002f6   0x080002f6   0x00000000   Code   RO         8399    .ARM.Collect$$libinit$$0000001B  c_w.l(libinit2.o)
    0x080002f6   0x080002f6   0x00000000   Code   RO         8401    .ARM.Collect$$libinit$$0000001D  c_w.l(libinit2.o)
    0x080002f6   0x080002f6   0x00000000   Code   RO         8403    .ARM.Collect$$libinit$$0000001F  c_w.l(libinit2.o)
    0x080002f6   0x080002f6   0x00000000   Code   RO         8405    .ARM.Collect$$libinit$$00000021  c_w.l(libinit2.o)
    0x080002f6   0x080002f6   0x00000000   Code   RO         8407    .ARM.Collect$$libinit$$00000023  c_w.l(libinit2.o)
    0x080002f6   0x080002f6   0x00000000   Code   RO         8409    .ARM.Collect$$libinit$$00000025  c_w.l(libinit2.o)
    0x080002f6   0x080002f6   0x00000000   Code   RO         8413    .ARM.Collect$$libinit$$0000002C  c_w.l(libinit2.o)
    0x080002f6   0x080002f6   0x00000000   Code   RO         8415    .ARM.Collect$$libinit$$0000002E  c_w.l(libinit2.o)
    0x080002f6   0x080002f6   0x00000000   Code   RO         8417    .ARM.Collect$$libinit$$00000030  c_w.l(libinit2.o)
    0x080002f6   0x080002f6   0x00000000   Code   RO         8419    .ARM.Collect$$libinit$$00000032  c_w.l(libinit2.o)
    0x080002f6   0x080002f6   0x00000002   Code   RO         8420    .ARM.Collect$$libinit$$00000033  c_w.l(libinit2.o)
    0x080002f8   0x080002f8   0x00000002   Code   RO         8744    .ARM.Collect$$libshutdown$$00000000  c_w.l(libshutdown.o)
    0x080002fa   0x080002fa   0x00000000   Code   RO         8667    .ARM.Collect$$libshutdown$$00000002  c_w.l(libshutdown2.o)
    0x080002fa   0x080002fa   0x00000000   Code   RO         8669    .ARM.Collect$$libshutdown$$00000004  c_w.l(libshutdown2.o)
    0x080002fa   0x080002fa   0x00000000   Code   RO         8672    .ARM.Collect$$libshutdown$$00000007  c_w.l(libshutdown2.o)
    0x080002fa   0x080002fa   0x00000000   Code   RO         8675    .ARM.Collect$$libshutdown$$0000000A  c_w.l(libshutdown2.o)
    0x080002fa   0x080002fa   0x00000000   Code   RO         8677    .ARM.Collect$$libshutdown$$0000000C  c_w.l(libshutdown2.o)
    0x080002fa   0x080002fa   0x00000000   Code   RO         8680    .ARM.Collect$$libshutdown$$0000000F  c_w.l(libshutdown2.o)
    0x080002fa   0x080002fa   0x00000002   Code   RO         8681    .ARM.Collect$$libshutdown$$00000010  c_w.l(libshutdown2.o)
    0x080002fc   0x080002fc   0x00000000   Code   RO         8256    .ARM.Collect$$rtentry$$00000000  c_w.l(__rtentry.o)
    0x080002fc   0x080002fc   0x00000000   Code   RO         8467    .ARM.Collect$$rtentry$$00000002  c_w.l(__rtentry2.o)
    0x080002fc   0x080002fc   0x00000006   Code   RO         8479    .ARM.Collect$$rtentry$$00000004  c_w.l(__rtentry4.o)
    0x08000302   0x08000302   0x00000000   Code   RO         8469    .ARM.Collect$$rtentry$$00000009  c_w.l(__rtentry2.o)
    0x08000302   0x08000302   0x00000004   Code   RO         8470    .ARM.Collect$$rtentry$$0000000A  c_w.l(__rtentry2.o)
    0x08000306   0x08000306   0x00000000   Code   RO         8472    .ARM.Collect$$rtentry$$0000000C  c_w.l(__rtentry2.o)
    0x08000306   0x08000306   0x00000008   Code   RO         8473    .ARM.Collect$$rtentry$$0000000D  c_w.l(__rtentry2.o)
    0x0800030e   0x0800030e   0x00000002   Code   RO         8651    .ARM.Collect$$rtexit$$00000000  c_w.l(rtexit.o)
    0x08000310   0x08000310   0x00000000   Code   RO         8707    .ARM.Collect$$rtexit$$00000002  c_w.l(rtexit2.o)
    0x08000310   0x08000310   0x00000004   Code   RO         8708    .ARM.Collect$$rtexit$$00000003  c_w.l(rtexit2.o)
    0x08000314   0x08000314   0x00000006   Code   RO         8709    .ARM.Collect$$rtexit$$00000004  c_w.l(rtexit2.o)
    0x0800031a   0x0800031a   0x00000002   PAD
    0x0800031c   0x0800031c   0x000000be   Code   RO         5783    .emb_text           port.o
    0x080003da   0x080003da   0x00000002   PAD
    0x080003dc   0x080003dc   0x00000000   Code   RO         8497    .emb_text           c_w.l(maybetermalloc1.o)
    0x080003dc   0x080003dc   0x00000040   Code   RO            4    .text               startup_stm32f405xx.o
    0x0800041c   0x0800041c   0x00000078   Code   RO         7928    .text               arm_cortexM4lf_math.lib(arm_cos_f32.o)
    0x08000494   0x08000494   0x00000094   Code   RO         7978    .text               arm_cortexM4lf_math.lib(arm_sin_f32.o)
    0x08000528   0x08000528   0x0000005e   Code   RO         8087    .text               c_w.l(h1_alloc.o)
    0x08000586   0x08000586   0x0000004e   Code   RO         8089    .text               c_w.l(h1_free.o)
    0x080005d4   0x080005d4   0x000000ee   Code   RO         8145    .text               c_w.l(lludivv7m.o)
    0x080006c2   0x080006c2   0x00000002   PAD
    0x080006c4   0x080006c4   0x00000034   Code   RO         8147    .text               c_w.l(vsnprintf.o)
    0x080006f8   0x080006f8   0x00000038   Code   RO         8149    .text               c_w.l(__2snprintf.o)
    0x08000730   0x08000730   0x00000078   Code   RO         8155    .text               c_w.l(_printf_dec.o)
    0x080007a8   0x080007a8   0x00000188   Code   RO         8174    .text               c_w.l(__printf_flags_ss_wp.o)
    0x08000930   0x08000930   0x0000003c   Code   RO         8181    .text               c_w.l(__0sscanf.o)
    0x0800096c   0x0800096c   0x0000014c   Code   RO         8183    .text               c_w.l(_scanf_int.o)
    0x08000ab8   0x08000ab8   0x000000e0   Code   RO         8185    .text               c_w.l(_scanf_str.o)
    0x08000b98   0x08000b98   0x00000016   Code   RO         8187    .text               c_w.l(abort.o)
    0x08000bae   0x08000bae   0x00000002   PAD
    0x08000bb0   0x08000bb0   0x0000000c   Code   RO         8189    .text               c_w.l(strtok.o)
    0x08000bbc   0x08000bbc   0x00000048   Code   RO         8192    .text               c_w.l(strcpy.o)
    0x08000c04   0x08000c04   0x0000003e   Code   RO         8194    .text               c_w.l(strlen.o)
    0x08000c42   0x08000c42   0x0000008a   Code   RO         8196    .text               c_w.l(rt_memcpy_v6.o)
    0x08000ccc   0x08000ccc   0x00000064   Code   RO         8198    .text               c_w.l(rt_memcpy_w.o)
    0x08000d30   0x08000d30   0x0000004e   Code   RO         8202    .text               c_w.l(rt_memclr_w.o)
    0x08000d7e   0x08000d7e   0x00000002   PAD
    0x08000d80   0x08000d80   0x00000080   Code   RO         8204    .text               c_w.l(strcmpv7m.o)
    0x08000e00   0x08000e00   0x00000006   Code   RO         8206    .text               c_w.l(heapauxi.o)
    0x08000e06   0x08000e06   0x00000002   PAD
    0x08000e08   0x08000e08   0x0000000c   Code   RO         8252    .text               c_w.l(sys_exit.o)
    0x08000e14   0x08000e14   0x00000008   Code   RO         8264    .text               c_w.l(rt_heap_descriptor_intlibspace.o)
    0x08000e1c   0x08000e1c   0x00000004   Code   RO         8266    .text               c_w.l(hguard.o)
    0x08000e20   0x08000e20   0x0000008a   Code   RO         8268    .text               c_w.l(init_alloc.o)
    0x08000eaa   0x08000eaa   0x0000000e   Code   RO         8272    .text               c_w.l(h1_init.o)
    0x08000eb8   0x08000eb8   0x00000016   Code   RO         8286    .text               c_w.l(_rserrno.o)
    0x08000ece   0x08000ece   0x0000004e   Code   RO         8288    .text               c_w.l(_printf_pad.o)
    0x08000f1c   0x08000f1c   0x00000024   Code   RO         8290    .text               c_w.l(_printf_truncate.o)
    0x08000f40   0x08000f40   0x00000052   Code   RO         8292    .text               c_w.l(_printf_str.o)
    0x08000f92   0x08000f92   0x000000b2   Code   RO         8294    .text               c_w.l(_printf_intcommon.o)
    0x08001044   0x08001044   0x00000028   Code   RO         8296    .text               c_w.l(_printf_charcount.o)
    0x0800106c   0x0800106c   0x0000041e   Code   RO         8298    .text               c_w.l(_printf_fp_dec.o)
    0x0800148a   0x0800148a   0x00000002   PAD
    0x0800148c   0x0800148c   0x00000030   Code   RO         8300    .text               c_w.l(_printf_char_common.o)
    0x080014bc   0x080014bc   0x0000000a   Code   RO         8302    .text               c_w.l(_sputc.o)
    0x080014c6   0x080014c6   0x00000010   Code   RO         8304    .text               c_w.l(_snputc.o)
    0x080014d6   0x080014d6   0x00000002   PAD
    0x080014d8   0x080014d8   0x000000bc   Code   RO         8306    .text               c_w.l(_printf_wctomb.o)
    0x08001594   0x08001594   0x0000007c   Code   RO         8309    .text               c_w.l(_printf_longlong_dec.o)
    0x08001610   0x08001610   0x00000070   Code   RO         8315    .text               c_w.l(_printf_oct_int_ll.o)
    0x08001680   0x08001680   0x00000094   Code   RO         8335    .text               c_w.l(_printf_hex_int_ll_ptr.o)
    0x08001714   0x08001714   0x0000001c   Code   RO         8358    .text               c_w.l(_chval.o)
    0x08001730   0x08001730   0x000004f8   Code   RO         8360    .text               c_w.l(scanf_fp.o)
    0x08001c28   0x08001c28   0x0000002c   Code   RO         8362    .text               c_w.l(scanf_char.o)
    0x08001c54   0x08001c54   0x00000040   Code   RO         8364    .text               c_w.l(_sgetc.o)
    0x08001c94   0x08001c94   0x0000000e   Code   RO         8366    .text               c_w.l(defsig_abrt_outer.o)
    0x08001ca2   0x08001ca2   0x00000002   PAD
    0x08001ca4   0x08001ca4   0x00000044   Code   RO         8370    .text               c_w.l(strtok_int.o)
    0x08001ce8   0x08001ce8   0x00000008   Code   RO         8460    .text               c_w.l(libspace.o)
    0x08001cf0   0x08001cf0   0x00000002   Code   RO         8463    .text               c_w.l(use_no_semi.o)
    0x08001cf2   0x08001cf2   0x00000000   Code   RO         8465    .text               c_w.l(indicate_semi.o)
    0x08001cf2   0x08001cf2   0x00000002   PAD
    0x08001cf4   0x08001cf4   0x00000008   Code   RO         8488    .text               c_w.l(rt_locale_intlibspace.o)
    0x08001cfc   0x08001cfc   0x00000008   Code   RO         8493    .text               c_w.l(rt_errno_addr_intlibspace.o)
    0x08001d04   0x08001d04   0x00000034   Code   RO         8499    .text               c_w.l(h1_extend.o)
    0x08001d38   0x08001d38   0x0000008a   Code   RO         8503    .text               c_w.l(lludiv10.o)
    0x08001dc2   0x08001dc2   0x00000012   Code   RO         8505    .text               c_w.l(isspace.o)
    0x08001dd4   0x08001dd4   0x000002fc   Code   RO         8507    .text               c_w.l(_printf_fp_hex.o)
    0x080020d0   0x080020d0   0x00000080   Code   RO         8510    .text               c_w.l(_printf_fp_infnan.o)
    0x08002150   0x08002150   0x0000002c   Code   RO         8514    .text               c_w.l(_printf_char.o)
    0x0800217c   0x0800217c   0x0000002c   Code   RO         8516    .text               c_w.l(_printf_wchar.o)
    0x080021a8   0x080021a8   0x00000374   Code   RO         8518    .text               c_w.l(_scanf.o)
    0x0800251c   0x0800251c   0x000000e4   Code   RO         8520    .text               c_w.l(bigflt0.o)
    0x08002600   0x08002600   0x00000040   Code   RO         8545    .text               c_w.l(_wcrtomb.o)
    0x08002640   0x08002640   0x0000000a   Code   RO         8550    .text               c_w.l(defsig_exit.o)
    0x0800264a   0x0800264a   0x00000002   PAD
    0x0800264c   0x0800264c   0x00000030   Code   RO         8552    .text               c_w.l(defsig_abrt_inner.o)
    0x0800267c   0x0800267c   0x0000000e   Code   RO         8554    .text               c_w.l(defsig_rtmem_outer.o)
    0x0800268a   0x0800268a   0x00000020   Code   RO         8558    .text               c_w.l(strcspn.o)
    0x080026aa   0x080026aa   0x0000001c   Code   RO         8560    .text               c_w.l(strspn.o)
    0x080026c6   0x080026c6   0x0000004a   Code   RO         8601    .text               c_w.l(sys_stackheap_outer.o)
    0x08002710   0x08002710   0x00000010   Code   RO         8603    .text               c_w.l(rt_ctype_table.o)
    0x08002720   0x08002720   0x00000030   Code   RO         8607    .text               c_w.l(_fptrap.o)
    0x08002750   0x08002750   0x00000320   Code   RO         8609    .text               c_w.l(scanf_hexfp.o)
    0x08002a70   0x08002a70   0x00000134   Code   RO         8611    .text               c_w.l(scanf_infnan.o)
    0x08002ba4   0x08002ba4   0x00000012   Code   RO         8613    .text               c_w.l(exit.o)
    0x08002bb6   0x08002bb6   0x00000032   Code   RO         8617    .text               c_w.l(defsig_general.o)
    0x08002be8   0x08002be8   0x0000000e   Code   RO         8619    .text               c_w.l(defsig_fpe_outer.o)
    0x08002bf6   0x08002bf6   0x00000002   PAD
    0x08002bf8   0x08002bf8   0x00000050   Code   RO         8623    .text               c_w.l(defsig_rtmem_inner.o)
    0x08002c48   0x08002c48   0x0000000e   Code   RO         8649    .text               c_w.l(sys_wrch.o)
    0x08002c56   0x08002c56   0x00000026   Code   RO         8657    .text               c_w.l(llshl.o)
    0x08002c7c   0x08002c7c   0x000000ac   Code   RO         8662    .text               c_w.l(defsig_fpe_inner.o)
    0x08002d28   0x08002d28   0x0000003e   Code   RO         8523    CL$$btod_d2e        c_w.l(btod.o)
    0x08002d66   0x08002d66   0x00000046   Code   RO         8525    CL$$btod_d2e_denorm_low  c_w.l(btod.o)
    0x08002dac   0x08002dac   0x00000060   Code   RO         8524    CL$$btod_d2e_norm_op1  c_w.l(btod.o)
    0x08002e0c   0x08002e0c   0x00000338   Code   RO         8533    CL$$btod_div_common  c_w.l(btod.o)
    0x08003144   0x08003144   0x00000084   Code   RO         8531    CL$$btod_e2d        c_w.l(btod.o)
    0x080031c8   0x080031c8   0x000000dc   Code   RO         8530    CL$$btod_e2e        c_w.l(btod.o)
    0x080032a4   0x080032a4   0x0000002a   Code   RO         8527    CL$$btod_ediv       c_w.l(btod.o)
    0x080032ce   0x080032ce   0x0000002a   Code   RO         8529    CL$$btod_edivd      c_w.l(btod.o)
    0x080032f8   0x080032f8   0x0000002a   Code   RO         8526    CL$$btod_emul       c_w.l(btod.o)
    0x08003322   0x08003322   0x0000002a   Code   RO         8528    CL$$btod_emuld      c_w.l(btod.o)
    0x0800334c   0x0800334c   0x00000244   Code   RO         8532    CL$$btod_mult_common  c_w.l(btod.o)
    0x08003590   0x08003590   0x00000034   Code   RO          409    i.ADC_IRQHandler    stm32f4xx_it.o
    0x080035c4   0x080035c4   0x0000004c   Code   RO          410    i.ADC_IRQ_Dispatch  stm32f4xx_it.o
    0x08003610   0x08003610   0x00000128   Code   RO         2367    i.ADC_Init          stm32f4xx_hal_adc.o
    0x08003738   0x08003738   0x00000002   Code   RO          411    i.BusFault_Handler  stm32f4xx_it.o
    0x0800373a   0x0800373a   0x00000004   Code   RO         5997    i.CDC_Control_FS    usbd_cdc_if.o
    0x0800373e   0x0800373e   0x00000004   Code   RO         5998    i.CDC_DeInit_FS     usbd_cdc_if.o
    0x08003742   0x08003742   0x00000002   PAD
    0x08003744   0x08003744   0x00000024   Code   RO         5999    i.CDC_Init_FS       usbd_cdc_if.o
    0x08003768   0x08003768   0x00000018   Code   RO         6000    i.CDC_Receive_FS    usbd_cdc_if.o
    0x08003780   0x08003780   0x00000004   Code   RO         6001    i.CDC_TransmitCplt_FS  usbd_cdc_if.o
    0x08003784   0x08003784   0x0000002c   Code   RO         6002    i.CDC_Transmit_FS   usbd_cdc_if.o
    0x080037b0   0x080037b0   0x0000000c   Code   RO          412    i.DMA1_Stream2_IRQHandler  stm32f4xx_it.o
    0x080037bc   0x080037bc   0x0000000c   Code   RO          413    i.DMA1_Stream4_IRQHandler  stm32f4xx_it.o
    0x080037c8   0x080037c8   0x0000000c   Code   RO          414    i.DMA1_Stream5_IRQHandler  stm32f4xx_it.o
    0x080037d4   0x080037d4   0x0000000c   Code   RO          415    i.DMA1_Stream6_IRQHandler  stm32f4xx_it.o
    0x080037e0   0x080037e0   0x00000028   Code   RO         1691    i.DMA_CalcBaseAndBitshift  stm32f4xx_hal_dma.o
    0x08003808   0x08003808   0x00000054   Code   RO         1692    i.DMA_CheckFifoParam  stm32f4xx_hal_dma.o
    0x0800385c   0x0800385c   0x00000028   Code   RO         1693    i.DMA_SetConfig     stm32f4xx_hal_dma.o
    0x08003884   0x08003884   0x0000005c   Code   RO         7436    i.DRV8301_enable    drv8301.o
    0x080038e0   0x080038e0   0x0000002c   Code   RO         7438    i.DRV8301_getFaultType  drv8301.o
    0x0800390c   0x0800390c   0x000000bc   Code   RO         7450    i.DRV8301_readData  drv8301.o
    0x080039c8   0x080039c8   0x00000094   Code   RO         7451    i.DRV8301_readSpi   drv8301.o
    0x08003a5c   0x08003a5c   0x00000080   Code   RO         6979    i.DRV8301_setup     low_level.o
    0x08003adc   0x08003adc   0x000000be   Code   RO         7466    i.DRV8301_setupSpi  drv8301.o
    0x08003b9a   0x08003b9a   0x00000046   Code   RO         7467    i.DRV8301_writeData  drv8301.o
    0x08003be0   0x08003be0   0x00000048   Code   RO         7468    i.DRV8301_writeSpi  drv8301.o
    0x08003c28   0x08003c28   0x00000002   Code   RO          416    i.DebugMon_Handler  stm32f4xx_it.o
    0x08003c2a   0x08003c2a   0x00000004   Code   RO           13    i.Error_Handler     main.o
    0x08003c2e   0x08003c2e   0x00000002   PAD
    0x08003c30   0x08003c30   0x00000184   Code   RO         6980    i.FOC_current       low_level.o
    0x08003db4   0x08003db4   0x00000066   Code   RO         6981    i.FOC_voltage       low_level.o
    0x08003e1a   0x08003e1a   0x00000002   PAD
    0x08003e1c   0x08003e1c   0x000001bc   Code   RO         2537    i.HAL_ADCEx_InjectedConfigChannel  stm32f4xx_hal_adc_ex.o
    0x08003fd8   0x08003fd8   0x0000003a   Code   RO         2539    i.HAL_ADCEx_InjectedGetValue  stm32f4xx_hal_adc_ex.o
    0x08004012   0x08004012   0x00000002   PAD
    0x08004014   0x08004014   0x0000014c   Code   RO         2369    i.HAL_ADC_ConfigChannel  stm32f4xx_hal_adc.o
    0x08004160   0x08004160   0x00000006   Code   RO         2376    i.HAL_ADC_GetValue  stm32f4xx_hal_adc.o
    0x08004166   0x08004166   0x00000054   Code   RO         2378    i.HAL_ADC_Init      stm32f4xx_hal_adc.o
    0x080041ba   0x080041ba   0x00000002   PAD
    0x080041bc   0x080041bc   0x000000fc   Code   RO          533    i.HAL_ADC_MspInit   stm32f4xx_hal_msp.o
    0x080042b8   0x080042b8   0x0000011a   Code   RO         2656    i.HAL_CAN_Init      stm32f4xx_hal_can.o
    0x080043d2   0x080043d2   0x00000002   PAD
    0x080043d4   0x080043d4   0x0000006c   Code   RO          535    i.HAL_CAN_MspInit   stm32f4xx_hal_msp.o
    0x08004440   0x08004440   0x00000092   Code   RO         1694    i.HAL_DMA_Abort     stm32f4xx_hal_dma.o
    0x080044d2   0x080044d2   0x00000004   Code   RO         1697    i.HAL_DMA_GetError  stm32f4xx_hal_dma.o
    0x080044d6   0x080044d6   0x00000002   PAD
    0x080044d8   0x080044d8   0x000001a0   Code   RO         1699    i.HAL_DMA_IRQHandler  stm32f4xx_hal_dma.o
    0x08004678   0x08004678   0x000000d4   Code   RO         1700    i.HAL_DMA_Init      stm32f4xx_hal_dma.o
    0x0800474c   0x0800474c   0x0000006e   Code   RO         1704    i.HAL_DMA_Start_IT  stm32f4xx_hal_dma.o
    0x080047ba   0x080047ba   0x00000002   PAD
    0x080047bc   0x080047bc   0x00000024   Code   RO         2113    i.HAL_Delay         stm32f4xx_hal.o
    0x080047e0   0x080047e0   0x000001f0   Code   RO         1587    i.HAL_GPIO_Init     stm32f4xx_hal_gpio.o
    0x080049d0   0x080049d0   0x0000000a   Code   RO         1589    i.HAL_GPIO_ReadPin  stm32f4xx_hal_gpio.o
    0x080049da   0x080049da   0x0000000a   Code   RO         1591    i.HAL_GPIO_WritePin  stm32f4xx_hal_gpio.o
    0x080049e4   0x080049e4   0x0000000c   Code   RO         2119    i.HAL_GetTick       stm32f4xx_hal.o
    0x080049f0   0x080049f0   0x00000010   Code   RO         2125    i.HAL_IncTick       stm32f4xx_hal.o
    0x08004a00   0x08004a00   0x00000034   Code   RO         2126    i.HAL_Init          stm32f4xx_hal.o
    0x08004a34   0x08004a34   0x00000040   Code   RO         2127    i.HAL_InitTick      stm32f4xx_hal.o
    0x08004a74   0x08004a74   0x00000038   Code   RO          536    i.HAL_MspInit       stm32f4xx_hal_msp.o
    0x08004aac   0x08004aac   0x00000022   Code   RO         1975    i.HAL_NVIC_DisableIRQ  stm32f4xx_hal_cortex.o
    0x08004ace   0x08004ace   0x0000001a   Code   RO         1976    i.HAL_NVIC_EnableIRQ  stm32f4xx_hal_cortex.o
    0x08004ae8   0x08004ae8   0x00000040   Code   RO         1982    i.HAL_NVIC_SetPriority  stm32f4xx_hal_cortex.o
    0x08004b28   0x08004b28   0x00000024   Code   RO         1983    i.HAL_NVIC_SetPriorityGrouping  stm32f4xx_hal_cortex.o
    0x08004b4c   0x08004b4c   0x00000002   Code   RO          886    i.HAL_PCDEx_LPM_Callback  stm32f4xx_hal_pcd_ex.o
    0x08004b4e   0x08004b4e   0x00000008   Code   RO          887    i.HAL_PCDEx_SetRxFiFo  stm32f4xx_hal_pcd_ex.o
    0x08004b56   0x08004b56   0x00000044   Code   RO          888    i.HAL_PCDEx_SetTxFiFo  stm32f4xx_hal_pcd_ex.o
    0x08004b9a   0x08004b9a   0x00000008   Code   RO         6054    i.HAL_PCD_ConnectCallback  usbd_conf.o
    0x08004ba2   0x08004ba2   0x00000012   Code   RO         6055    i.HAL_PCD_DataInStageCallback  usbd_conf.o
    0x08004bb4   0x08004bb4   0x00000014   Code   RO         6056    i.HAL_PCD_DataOutStageCallback  usbd_conf.o
    0x08004bc8   0x08004bc8   0x00000008   Code   RO         6057    i.HAL_PCD_DisconnectCallback  usbd_conf.o
    0x08004bd0   0x08004bd0   0x0000001e   Code   RO          656    i.HAL_PCD_EP_Abort  stm32f4xx_hal_pcd.o
    0x08004bee   0x08004bee   0x0000004c   Code   RO          657    i.HAL_PCD_EP_Close  stm32f4xx_hal_pcd.o
    0x08004c3a   0x08004c3a   0x0000005c   Code   RO          658    i.HAL_PCD_EP_ClrStall  stm32f4xx_hal_pcd.o
    0x08004c96   0x08004c96   0x00000012   Code   RO          660    i.HAL_PCD_EP_GetRxCount  stm32f4xx_hal_pcd.o
    0x08004ca8   0x08004ca8   0x00000060   Code   RO          661    i.HAL_PCD_EP_Open   stm32f4xx_hal_pcd.o
    0x08004d08   0x08004d08   0x00000048   Code   RO          662    i.HAL_PCD_EP_Receive  stm32f4xx_hal_pcd.o
    0x08004d50   0x08004d50   0x00000074   Code   RO          663    i.HAL_PCD_EP_SetStall  stm32f4xx_hal_pcd.o
    0x08004dc4   0x08004dc4   0x00000040   Code   RO          664    i.HAL_PCD_EP_Transmit  stm32f4xx_hal_pcd.o
    0x08004e04   0x08004e04   0x00000560   Code   RO          666    i.HAL_PCD_IRQHandler  stm32f4xx_hal_pcd.o
    0x08005364   0x08005364   0x00000008   Code   RO         6058    i.HAL_PCD_ISOINIncompleteCallback  usbd_conf.o
    0x0800536c   0x0800536c   0x00000008   Code   RO         6059    i.HAL_PCD_ISOOUTIncompleteCallback  usbd_conf.o
    0x08005374   0x08005374   0x000000e2   Code   RO          669    i.HAL_PCD_Init      stm32f4xx_hal_pcd.o
    0x08005456   0x08005456   0x00000002   PAD
    0x08005458   0x08005458   0x00000084   Code   RO         6061    i.HAL_PCD_MspInit   usbd_conf.o
    0x080054dc   0x080054dc   0x0000002c   Code   RO         6062    i.HAL_PCD_ResetCallback  usbd_conf.o
    0x08005508   0x08005508   0x00000008   Code   RO         6063    i.HAL_PCD_ResumeCallback  usbd_conf.o
    0x08005510   0x08005510   0x00000008   Code   RO         6064    i.HAL_PCD_SOFCallback  usbd_conf.o
    0x08005518   0x08005518   0x00000028   Code   RO          675    i.HAL_PCD_SetAddress  stm32f4xx_hal_pcd.o
    0x08005540   0x08005540   0x0000000e   Code   RO         6065    i.HAL_PCD_SetupStageCallback  usbd_conf.o
    0x0800554e   0x0800554e   0x00000042   Code   RO          678    i.HAL_PCD_Start     stm32f4xx_hal_pcd.o
    0x08005590   0x08005590   0x00000030   Code   RO         6066    i.HAL_PCD_SuspendCallback  usbd_conf.o
    0x080055c0   0x080055c0   0x00000134   Code   RO         1233    i.HAL_RCC_ClockConfig  stm32f4xx_hal_rcc.o
    0x080056f4   0x080056f4   0x0000000c   Code   RO         1238    i.HAL_RCC_GetHCLKFreq  stm32f4xx_hal_rcc.o
    0x08005700   0x08005700   0x00000020   Code   RO         1240    i.HAL_RCC_GetPCLK1Freq  stm32f4xx_hal_rcc.o
    0x08005720   0x08005720   0x00000020   Code   RO         1241    i.HAL_RCC_GetPCLK2Freq  stm32f4xx_hal_rcc.o
    0x08005740   0x08005740   0x00000060   Code   RO         1242    i.HAL_RCC_GetSysClockFreq  stm32f4xx_hal_rcc.o
    0x080057a0   0x080057a0   0x0000036c   Code   RO         1245    i.HAL_RCC_OscConfig  stm32f4xx_hal_rcc.o
    0x08005b0c   0x08005b0c   0x000000bc   Code   RO         2887    i.HAL_SPI_Init      stm32f4xx_hal_spi.o
    0x08005bc8   0x08005bc8   0x0000006c   Code   RO          538    i.HAL_SPI_MspInit   stm32f4xx_hal_msp.o
    0x08005c34   0x08005c34   0x00000166   Code   RO         2895    i.HAL_SPI_Transmit  stm32f4xx_hal_spi.o
    0x08005d9a   0x08005d9a   0x000001e2   Code   RO         2896    i.HAL_SPI_TransmitReceive  stm32f4xx_hal_spi.o
    0x08005f7c   0x08005f7c   0x00000028   Code   RO         1987    i.HAL_SYSTICK_Config  stm32f4xx_hal_cortex.o
    0x08005fa4   0x08005fa4   0x00000054   Code   RO         3907    i.HAL_TIMEx_ConfigBreakDeadTime  stm32f4xx_hal_tim_ex.o
    0x08005ff8   0x08005ff8   0x00000090   Code   RO         3923    i.HAL_TIMEx_MasterConfigSynchronization  stm32f4xx_hal_tim_ex.o
    0x08006088   0x08006088   0x000000c0   Code   RO         3934    i.HAL_TIMEx_PWMN_Start  stm32f4xx_hal_tim_ex.o
    0x08006148   0x08006148   0x0000005a   Code   RO         3200    i.HAL_TIM_Base_Init  stm32f4xx_hal_tim.o
    0x080061a2   0x080061a2   0x00000002   PAD
    0x080061a4   0x080061a4   0x00000028   Code   RO          540    i.HAL_TIM_Base_MspInit  stm32f4xx_hal_msp.o
    0x080061cc   0x080061cc   0x000000a4   Code   RO         3221    i.HAL_TIM_Encoder_Init  stm32f4xx_hal_tim.o
    0x08006270   0x08006270   0x00000094   Code   RO          542    i.HAL_TIM_Encoder_MspInit  stm32f4xx_hal_msp.o
    0x08006304   0x08006304   0x0000008e   Code   RO         3224    i.HAL_TIM_Encoder_Start  stm32f4xx_hal_tim.o
    0x08006392   0x08006392   0x00000002   PAD
    0x08006394   0x08006394   0x00000124   Code   RO          543    i.HAL_TIM_MspPostInit  stm32f4xx_hal_msp.o
    0x080064b8   0x080064b8   0x00000052   Code   RO         3249    i.HAL_TIM_OC_ConfigChannel  stm32f4xx_hal_tim.o
    0x0800650a   0x0800650a   0x0000005a   Code   RO         3253    i.HAL_TIM_OC_Init   stm32f4xx_hal_tim.o
    0x08006564   0x08006564   0x00000002   Code   RO         3255    i.HAL_TIM_OC_MspInit  stm32f4xx_hal_tim.o
    0x08006566   0x08006566   0x000000cc   Code   RO         3272    i.HAL_TIM_PWM_ConfigChannel  stm32f4xx_hal_tim.o
    0x08006632   0x08006632   0x0000005a   Code   RO         3275    i.HAL_TIM_PWM_Init  stm32f4xx_hal_tim.o
    0x0800668c   0x0800668c   0x0000004c   Code   RO          545    i.HAL_TIM_PWM_MspInit  stm32f4xx_hal_msp.o
    0x080066d8   0x080066d8   0x000000c8   Code   RO         3280    i.HAL_TIM_PWM_Start  stm32f4xx_hal_tim.o
    0x080067a0   0x080067a0   0x000000f4   Code   RO         3282    i.HAL_TIM_PWM_Start_IT  stm32f4xx_hal_tim.o
    0x08006894   0x08006894   0x00000002   Code   RO         4182    i.HAL_UARTEx_RxEventCallback  stm32f4xx_hal_uart.o
    0x08006896   0x08006896   0x00000094   Code   RO         4185    i.HAL_UART_AbortReceive  stm32f4xx_hal_uart.o
    0x0800692a   0x0800692a   0x00000002   Code   RO         4196    i.HAL_UART_ErrorCallback  stm32f4xx_hal_uart.o
    0x0800692c   0x0800692c   0x00000062   Code   RO         4200    i.HAL_UART_Init     stm32f4xx_hal_uart.o
    0x0800698e   0x0800698e   0x00000002   PAD
    0x08006990   0x08006990   0x0000018c   Code   RO          547    i.HAL_UART_MspInit  stm32f4xx_hal_msp.o
    0x08006b1c   0x08006b1c   0x0000002a   Code   RO         4204    i.HAL_UART_Receive_DMA  stm32f4xx_hal_uart.o
    0x08006b46   0x08006b46   0x00000002   Code   RO         4206    i.HAL_UART_RxCpltCallback  stm32f4xx_hal_uart.o
    0x08006b48   0x08006b48   0x00000002   Code   RO         4207    i.HAL_UART_RxHalfCpltCallback  stm32f4xx_hal_uart.o
    0x08006b4a   0x08006b4a   0x00000002   PAD
    0x08006b4c   0x08006b4c   0x000000b2   Code   RO         4208    i.HAL_UART_Transmit  stm32f4xx_hal_uart.o
    0x08006bfe   0x08006bfe   0x00000002   Code   RO          417    i.HardFault_Handler  stm32f4xx_it.o
    0x08006c00   0x08006c00   0x00000038   Code   RO         5911    i.IntToUnicode      usbd_desc.o
    0x08006c38   0x08006c38   0x00000098   Code   RO           14    i.MX_ADC1_Init      main.o
    0x08006cd0   0x08006cd0   0x0000009c   Code   RO           15    i.MX_ADC2_Init      main.o
    0x08006d6c   0x08006d6c   0x0000009c   Code   RO           16    i.MX_ADC3_Init      main.o
    0x08006e08   0x08006e08   0x00000038   Code   RO           17    i.MX_CAN1_Init      main.o
    0x08006e40   0x08006e40   0x0000005c   Code   RO           18    i.MX_DMA_Init       main.o
    0x08006e9c   0x08006e9c   0x000000e4   Code   RO           19    i.MX_GPIO_Init      main.o
    0x08006f80   0x08006f80   0x00000048   Code   RO           20    i.MX_SPI3_Init      main.o
    0x08006fc8   0x08006fc8   0x000000cc   Code   RO           21    i.MX_TIM1_Init      main.o
    0x08007094   0x08007094   0x00000088   Code   RO           22    i.MX_TIM2_Init      main.o
    0x0800711c   0x0800711c   0x00000068   Code   RO           23    i.MX_TIM3_Init      main.o
    0x08007184   0x08007184   0x00000068   Code   RO           24    i.MX_TIM4_Init      main.o
    0x080071ec   0x080071ec   0x000000cc   Code   RO           25    i.MX_TIM8_Init      main.o
    0x080072b8   0x080072b8   0x00000054   Code   RO         5863    i.MX_USB_DEVICE_Init  usb_device.o
    0x0800730c   0x0800730c   0x00000002   Code   RO          418    i.MemManage_Handler  stm32f4xx_it.o
    0x0800730e   0x0800730e   0x00000002   Code   RO          419    i.NMI_Handler       stm32f4xx_it.o
    0x08007310   0x08007310   0x00000024   Code   RO           26    i.OC4_PWM_Override  main.o
    0x08007334   0x08007334   0x00000018   Code   RO          420    i.OTG_FS_IRQHandler  stm32f4xx_it.o
    0x0800734c   0x0800734c   0x000000cc   Code   RO          682    i.PCD_EP_OutXfrComplete_int  stm32f4xx_hal_pcd.o
    0x08007418   0x08007418   0x000000a2   Code   RO          683    i.PCD_WriteEmptyTxFifo  stm32f4xx_hal_pcd.o
    0x080074ba   0x080074ba   0x00000002   PAD
    0x080074bc   0x080074bc   0x00000038   Code   RO         7680    i.SEGGER_RTT_Write  segger_rtt.o
    0x080074f4   0x080074f4   0x0000005c   Code   RO         7683    i.SEGGER_RTT_WriteNoLock  segger_rtt.o
    0x08007550   0x08007550   0x00000016   Code   RO         7887    i.SEGGER_RTT_printf  segger_rtt_printf.o
    0x08007566   0x08007566   0x00000196   Code   RO         7888    i.SEGGER_RTT_vprintf  segger_rtt_printf.o
    0x080076fc   0x080076fc   0x00000058   Code   RO         2925    i.SPI_EndRxTxTransaction  stm32f4xx_hal_spi.o
    0x08007754   0x08007754   0x000000b8   Code   RO         2930    i.SPI_WaitFlagStateUntilTimeout  stm32f4xx_hal_spi.o
    0x0800780c   0x0800780c   0x000001b0   Code   RO         7370    i.SVM               utils.o
    0x080079bc   0x080079bc   0x0000000a   Code   RO         6420    i.SWAPBYTE          usbd_ctlreq.o
    0x080079c6   0x080079c6   0x00000002   PAD
    0x080079c8   0x080079c8   0x000000c4   Code   RO           27    i.StartDefaultTask  main.o
    0x08007a8c   0x08007a8c   0x00000018   Code   RO          421    i.SysTick_Handler   stm32f4xx_it.o
    0x08007aa4   0x08007aa4   0x00000094   Code   RO           28    i.SystemClock_Config  main.o
    0x08007b38   0x08007b38   0x00000010   Code   RO         4529    i.SystemInit        system_stm32f4xx.o
    0x08007b48   0x08007b48   0x000000c8   Code   RO         3293    i.TIM_Base_SetConfig  stm32f4xx_hal_tim.o
    0x08007c10   0x08007c10   0x0000001a   Code   RO         3294    i.TIM_CCxChannelCmd  stm32f4xx_hal_tim.o
    0x08007c2a   0x08007c2a   0x0000001a   Code   RO         3943    i.TIM_CCxNChannelCmd  stm32f4xx_hal_tim_ex.o
    0x08007c44   0x08007c44   0x00000060   Code   RO         3306    i.TIM_OC1_SetConfig  stm32f4xx_hal_tim.o
    0x08007ca4   0x08007ca4   0x0000006c   Code   RO         3307    i.TIM_OC2_SetConfig  stm32f4xx_hal_tim.o
    0x08007d10   0x08007d10   0x00000068   Code   RO         3308    i.TIM_OC3_SetConfig  stm32f4xx_hal_tim.o
    0x08007d78   0x08007d78   0x00000050   Code   RO         3309    i.TIM_OC4_SetConfig  stm32f4xx_hal_tim.o
    0x08007dc8   0x08007dc8   0x0000004a   Code   RO         4214    i.UART_DMAError     stm32f4xx_hal_uart.o
    0x08007e12   0x08007e12   0x00000082   Code   RO         4215    i.UART_DMAReceiveCplt  stm32f4xx_hal_uart.o
    0x08007e94   0x08007e94   0x0000001a   Code   RO         4217    i.UART_DMARxHalfCplt  stm32f4xx_hal_uart.o
    0x08007eae   0x08007eae   0x0000004e   Code   RO         4223    i.UART_EndRxTransfer  stm32f4xx_hal_uart.o
    0x08007efc   0x08007efc   0x0000001c   Code   RO         4224    i.UART_EndTxTransfer  stm32f4xx_hal_uart.o
    0x08007f18   0x08007f18   0x0000010c   Code   RO         4226    i.UART_SetConfig    stm32f4xx_hal_uart.o
    0x08008024   0x08008024   0x00000094   Code   RO         4227    i.UART_Start_Receive_DMA  stm32f4xx_hal_uart.o
    0x080080b8   0x080080b8   0x00000078   Code   RO         4229    i.UART_WaitOnFlagUntilTimeout  stm32f4xx_hal_uart.o
    0x08008130   0x08008130   0x00000040   Code   RO          422    i.USART2_IRQHandler  stm32f4xx_it.o
    0x08008170   0x08008170   0x00000076   Code   RO         6553    i.USBD_CDC_DataIn   usbd_cdc.o
    0x080081e6   0x080081e6   0x0000003c   Code   RO         6554    i.USBD_CDC_DataOut  usbd_cdc.o
    0x08008222   0x08008222   0x00000002   PAD
    0x08008224   0x08008224   0x00000090   Code   RO         6555    i.USBD_CDC_DeInit   usbd_cdc.o
    0x080082b4   0x080082b4   0x00000036   Code   RO         6556    i.USBD_CDC_EP0_RxReady  usbd_cdc.o
    0x080082ea   0x080082ea   0x00000002   PAD
    0x080082ec   0x080082ec   0x0000000c   Code   RO         6557    i.USBD_CDC_GetDeviceQualifierDescriptor  usbd_cdc.o
    0x080082f8   0x080082f8   0x0000003c   Code   RO         6558    i.USBD_CDC_GetFSCfgDesc  usbd_cdc.o
    0x08008334   0x08008334   0x00000040   Code   RO         6559    i.USBD_CDC_GetHSCfgDesc  usbd_cdc.o
    0x08008374   0x08008374   0x0000003c   Code   RO         6560    i.USBD_CDC_GetOtherSpeedCfgDesc  usbd_cdc.o
    0x080083b0   0x080083b0   0x00000118   Code   RO         6561    i.USBD_CDC_Init     usbd_cdc.o
    0x080084c8   0x080084c8   0x00000038   Code   RO         6562    i.USBD_CDC_ReceivePacket  usbd_cdc.o
    0x08008500   0x08008500   0x00000016   Code   RO         6563    i.USBD_CDC_RegisterInterface  usbd_cdc.o
    0x08008516   0x08008516   0x0000001a   Code   RO         6564    i.USBD_CDC_SetRxBuffer  usbd_cdc.o
    0x08008530   0x08008530   0x0000001e   Code   RO         6565    i.USBD_CDC_SetTxBuffer  usbd_cdc.o
    0x0800854e   0x0800854e   0x000000d4   Code   RO         6566    i.USBD_CDC_Setup    usbd_cdc.o
    0x08008622   0x08008622   0x00000002   PAD
    0x08008624   0x08008624   0x00000050   Code   RO         6567    i.USBD_CDC_TransmitPacket  usbd_cdc.o
    0x08008674   0x08008674   0x00000014   Code   RO         6261    i.USBD_ClrClassConfig  usbd_core.o
    0x08008688   0x08008688   0x00000004   Code   RO         6262    i.USBD_CoreFindEP   usbd_core.o
    0x0800868c   0x0800868c   0x00000004   Code   RO         6263    i.USBD_CoreFindIF   usbd_core.o
    0x08008690   0x08008690   0x00000010   Code   RO         6493    i.USBD_CtlContinueRx  usbd_ioreq.o
    0x080086a0   0x080086a0   0x00000010   Code   RO         6494    i.USBD_CtlContinueSendData  usbd_ioreq.o
    0x080086b0   0x080086b0   0x00000016   Code   RO         6421    i.USBD_CtlError     usbd_ctlreq.o
    0x080086c6   0x080086c6   0x0000001e   Code   RO         6495    i.USBD_CtlPrepareRx  usbd_ioreq.o
    0x080086e4   0x080086e4   0x00000016   Code   RO         6496    i.USBD_CtlReceiveStatus  usbd_ioreq.o
    0x080086fa   0x080086fa   0x0000001a   Code   RO         6497    i.USBD_CtlSendData  usbd_ioreq.o
    0x08008714   0x08008714   0x00000016   Code   RO         6498    i.USBD_CtlSendStatus  usbd_ioreq.o
    0x0800872a   0x0800872a   0x00000002   PAD
    0x0800872c   0x0800872c   0x00000020   Code   RO         5912    i.USBD_FS_ConfigStrDescriptor  usbd_desc.o
    0x0800874c   0x0800874c   0x0000000c   Code   RO         5913    i.USBD_FS_DeviceDescriptor  usbd_desc.o
    0x08008758   0x08008758   0x00000024   Code   RO         5914    i.USBD_FS_InterfaceStrDescriptor  usbd_desc.o
    0x0800877c   0x0800877c   0x0000000c   Code   RO         5915    i.USBD_FS_LangIDStrDescriptor  usbd_desc.o
    0x08008788   0x08008788   0x00000028   Code   RO         5916    i.USBD_FS_ManufacturerStrDescriptor  usbd_desc.o
    0x080087b0   0x080087b0   0x0000002c   Code   RO         5917    i.USBD_FS_ProductStrDescriptor  usbd_desc.o
    0x080087dc   0x080087dc   0x00000038   Code   RO         5918    i.USBD_FS_SerialStrDescriptor  usbd_desc.o
    0x08008814   0x08008814   0x000000e6   Code   RO         6422    i.USBD_GetDescriptor  usbd_ctlreq.o
    0x080088fa   0x080088fa   0x0000003a   Code   RO         6265    i.USBD_GetEpDesc    usbd_core.o
    0x08008934   0x08008934   0x0000000e   Code   RO         6266    i.USBD_GetNextDesc  usbd_core.o
    0x08008942   0x08008942   0x00000048   Code   RO         6423    i.USBD_GetString    usbd_ctlreq.o
    0x0800898a   0x0800898a   0x00000018   Code   RO         6067    i.USBD_Get_USB_Status  usbd_conf.o
    0x080089a2   0x080089a2   0x00000026   Code   RO         6267    i.USBD_Init         usbd_core.o
    0x080089c8   0x080089c8   0x00000012   Code   RO         6068    i.USBD_LL_ClearStallEP  usbd_conf.o
    0x080089da   0x080089da   0x00000012   Code   RO         6069    i.USBD_LL_CloseEP   usbd_conf.o
    0x080089ec   0x080089ec   0x000000b6   Code   RO         6268    i.USBD_LL_DataInStage  usbd_core.o
    0x08008aa2   0x08008aa2   0x0000008e   Code   RO         6269    i.USBD_LL_DataOutStage  usbd_core.o
    0x08008b30   0x08008b30   0x00000004   Code   RO         6270    i.USBD_LL_DevConnected  usbd_core.o
    0x08008b34   0x08008b34   0x0000001e   Code   RO         6271    i.USBD_LL_DevDisconnected  usbd_core.o
    0x08008b52   0x08008b52   0x00000008   Code   RO         6073    i.USBD_LL_GetRxDataSize  usbd_conf.o
    0x08008b5a   0x08008b5a   0x00000002   PAD
    0x08008b5c   0x08008b5c   0x00000060   Code   RO         6074    i.USBD_LL_Init      usbd_conf.o
    0x08008bbc   0x08008bbc   0x00000020   Code   RO         6075    i.USBD_LL_IsStallEP  usbd_conf.o
    0x08008bdc   0x08008bdc   0x00000028   Code   RO         6272    i.USBD_LL_IsoINIncomplete  usbd_core.o
    0x08008c04   0x08008c04   0x00000028   Code   RO         6273    i.USBD_LL_IsoOUTIncomplete  usbd_core.o
    0x08008c2c   0x08008c2c   0x00000018   Code   RO         6076    i.USBD_LL_OpenEP    usbd_conf.o
    0x08008c44   0x08008c44   0x00000012   Code   RO         6077    i.USBD_LL_PrepareReceive  usbd_conf.o
    0x08008c56   0x08008c56   0x0000005c   Code   RO         6274    i.USBD_LL_Reset     usbd_core.o
    0x08008cb2   0x08008cb2   0x00000014   Code   RO         6275    i.USBD_LL_Resume    usbd_core.o
    0x08008cc6   0x08008cc6   0x0000001a   Code   RO         6276    i.USBD_LL_SOF       usbd_core.o
    0x08008ce0   0x08008ce0   0x00000006   Code   RO         6277    i.USBD_LL_SetSpeed  usbd_core.o
    0x08008ce6   0x08008ce6   0x00000012   Code   RO         6078    i.USBD_LL_SetUSBAddress  usbd_conf.o
    0x08008cf8   0x08008cf8   0x00000060   Code   RO         6278    i.USBD_LL_SetupStage  usbd_core.o
    0x08008d58   0x08008d58   0x00000012   Code   RO         6079    i.USBD_LL_StallEP   usbd_conf.o
    0x08008d6a   0x08008d6a   0x00000012   Code   RO         6080    i.USBD_LL_Start     usbd_conf.o
    0x08008d7c   0x08008d7c   0x00000012   Code   RO         6279    i.USBD_LL_Suspend   usbd_core.o
    0x08008d8e   0x08008d8e   0x00000012   Code   RO         6082    i.USBD_LL_Transmit  usbd_conf.o
    0x08008da0   0x08008da0   0x0000002c   Code   RO         6424    i.USBD_ParseSetupRequest  usbd_ctlreq.o
    0x08008dcc   0x08008dcc   0x0000003a   Code   RO         6280    i.USBD_RegisterClass  usbd_core.o
    0x08008e06   0x08008e06   0x00000014   Code   RO         6282    i.USBD_SetClassConfig  usbd_core.o
    0x08008e1a   0x08008e1a   0x00000002   PAD
    0x08008e1c   0x08008e1c   0x000000b8   Code   RO         6425    i.USBD_SetConfig    usbd_ctlreq.o
    0x08008ed4   0x08008ed4   0x00000004   Code   RO         6283    i.USBD_Start        usbd_core.o
    0x08008ed8   0x08008ed8   0x0000012c   Code   RO         6426    i.USBD_StdDevReq    usbd_ctlreq.o
    0x08009004   0x08009004   0x00000160   Code   RO         6427    i.USBD_StdEPReq     usbd_ctlreq.o
    0x08009164   0x08009164   0x00000072   Code   RO         6428    i.USBD_StdItfReq    usbd_ctlreq.o
    0x080091d6   0x080091d6   0x00000002   Code   RO         6083    i.USBD_static_free  usbd_conf.o
    0x080091d8   0x080091d8   0x00000008   Code   RO         6084    i.USBD_static_malloc  usbd_conf.o
    0x080091e0   0x080091e0   0x00000080   Code   RO          928    i.USB_ActivateEndpoint  stm32f4xx_ll_usb.o
    0x08009260   0x08009260   0x0000001c   Code   RO          930    i.USB_ActivateSetup  stm32f4xx_ll_usb.o
    0x0800927c   0x0800927c   0x00000074   Code   RO          932    i.USB_CoreInit      stm32f4xx_ll_usb.o
    0x080092f0   0x080092f0   0x00000040   Code   RO          933    i.USB_CoreReset     stm32f4xx_ll_usb.o
    0x08009330   0x08009330   0x000000cc   Code   RO          936    i.USB_DeactivateEndpoint  stm32f4xx_ll_usb.o
    0x080093fc   0x080093fc   0x0000001c   Code   RO          937    i.USB_DevConnect    stm32f4xx_ll_usb.o
    0x08009418   0x08009418   0x0000001c   Code   RO          938    i.USB_DevDisconnect  stm32f4xx_ll_usb.o
    0x08009434   0x08009434   0x00000174   Code   RO          939    i.USB_DevInit       stm32f4xx_ll_usb.o
    0x080095a8   0x080095a8   0x0000000c   Code   RO          940    i.USB_DisableGlobalInt  stm32f4xx_ll_usb.o
    0x080095b4   0x080095b4   0x0000011c   Code   RO          943    i.USB_EP0StartXfer  stm32f4xx_ll_usb.o
    0x080096d0   0x080096d0   0x00000058   Code   RO          944    i.USB_EP0_OutStart  stm32f4xx_ll_usb.o
    0x08009728   0x08009728   0x00000058   Code   RO          945    i.USB_EPClearStall  stm32f4xx_ll_usb.o
    0x08009780   0x08009780   0x00000058   Code   RO          946    i.USB_EPSetStall    stm32f4xx_ll_usb.o
    0x080097d8   0x080097d8   0x000001e4   Code   RO          947    i.USB_EPStartXfer   stm32f4xx_ll_usb.o
    0x080099bc   0x080099bc   0x0000009e   Code   RO          948    i.USB_EPStopXfer    stm32f4xx_ll_usb.o
    0x08009a5a   0x08009a5a   0x0000000c   Code   RO          949    i.USB_EnableGlobalInt  stm32f4xx_ll_usb.o
    0x08009a66   0x08009a66   0x00000002   PAD
    0x08009a68   0x08009a68   0x0000003c   Code   RO          950    i.USB_FlushRxFifo   stm32f4xx_ll_usb.o
    0x08009aa4   0x08009aa4   0x00000040   Code   RO          951    i.USB_FlushTxFifo   stm32f4xx_ll_usb.o
    0x08009ae4   0x08009ae4   0x0000001a   Code   RO          953    i.USB_GetDevSpeed   stm32f4xx_ll_usb.o
    0x08009afe   0x08009afe   0x00000008   Code   RO          955    i.USB_GetMode       stm32f4xx_ll_usb.o
    0x08009b06   0x08009b06   0x0000000e   Code   RO          962    i.USB_ReadDevAllInEpInterrupt  stm32f4xx_ll_usb.o
    0x08009b14   0x08009b14   0x0000000e   Code   RO          963    i.USB_ReadDevAllOutEpInterrupt  stm32f4xx_ll_usb.o
    0x08009b22   0x08009b22   0x00000024   Code   RO          964    i.USB_ReadDevInEPInterrupt  stm32f4xx_ll_usb.o
    0x08009b46   0x08009b46   0x00000010   Code   RO          965    i.USB_ReadDevOutEPInterrupt  stm32f4xx_ll_usb.o
    0x08009b56   0x08009b56   0x00000008   Code   RO          966    i.USB_ReadInterrupts  stm32f4xx_ll_usb.o
    0x08009b5e   0x08009b5e   0x0000003e   Code   RO          967    i.USB_ReadPacket    stm32f4xx_ll_usb.o
    0x08009b9c   0x08009b9c   0x0000005c   Code   RO          969    i.USB_SetCurrentMode  stm32f4xx_ll_usb.o
    0x08009bf8   0x08009bf8   0x00000022   Code   RO          970    i.USB_SetDevAddress  stm32f4xx_ll_usb.o
    0x08009c1a   0x08009c1a   0x00000002   PAD
    0x08009c1c   0x08009c1c   0x000000e8   Code   RO          972    i.USB_SetTurnaroundTime  stm32f4xx_ll_usb.o
    0x08009d04   0x08009d04   0x00000028   Code   RO          975    i.USB_WritePacket   stm32f4xx_ll_usb.o
    0x08009d2c   0x08009d2c   0x00000002   Code   RO          423    i.UsageFault_Handler  stm32f4xx_it.o
    0x08009d2e   0x08009d2e   0x00000002   PAD
    0x08009d30   0x08009d30   0x0000006c   Code   RO         7687    i._DoInit           segger_rtt.o
    0x08009d9c   0x08009d9c   0x00000016   Code   RO         7688    i._GetAvailWriteSpace  segger_rtt.o
    0x08009db2   0x08009db2   0x00000002   PAD
    0x08009db4   0x08009db4   0x000000c6   Code   RO         7889    i._PrintInt         segger_rtt_printf.o
    0x08009e7a   0x08009e7a   0x00000002   PAD
    0x08009e7c   0x08009e7c   0x000000d4   Code   RO         7890    i._PrintUnsigned    segger_rtt_printf.o
    0x08009f50   0x08009f50   0x0000003e   Code   RO         7891    i._StoreChar        segger_rtt_printf.o
    0x08009f8e   0x08009f8e   0x0000005a   Code   RO         7690    i._WriteBlocking    segger_rtt.o
    0x08009fe8   0x08009fe8   0x00000042   Code   RO         7691    i._WriteNoCheck     segger_rtt.o
    0x0800a02a   0x0800a02a   0x00000030   Code   RO         8591    i.__ARM_fpclassify  m_wm.l(fpclassify.o)
    0x0800a05a   0x0800a05a   0x00000020   Code   RO         1989    i.__NVIC_SetPriority  stm32f4xx_hal_cortex.o
    0x0800a07a   0x0800a07a   0x00000006   PAD
    0x0800a080   0x0800a080   0x000000f8   Code   RO         8593    i.__hardfp___mathlib_tofloat  m_wm.l(narrow.o)
    0x0800a178   0x0800a178   0x00000070   Code   RO         8216    i.__hardfp_floorf   m_wm.l(floorf.o)
    0x0800a1e8   0x0800a1e8   0x000000d0   Code   RO         8690    i.__hardfp_ldexp    m_wm.l(ldexp.o)
    0x0800a2b8   0x0800a2b8   0x0000003a   Code   RO         8240    i.__hardfp_sqrtf    m_wm.l(sqrtf_full.o)
    0x0800a2f2   0x0800a2f2   0x00000006   PAD
    0x0800a2f8   0x0800a2f8   0x00000020   Code   RO         8731    i.__mathlib_dbl_overflow  m_wm.l(dunder.o)
    0x0800a318   0x0800a318   0x00000020   Code   RO         8733    i.__mathlib_dbl_underflow  m_wm.l(dunder.o)
    0x0800a338   0x0800a338   0x00000012   Code   RO         8594    i.__mathlib_narrow  m_wm.l(narrow.o)
    0x0800a34a   0x0800a34a   0x00000014   Code   RO         8692    i.__support_ldexp   m_wm.l(ldexp.o)
    0x0800a35e   0x0800a35e   0x0000000e   Code   RO         8167    i._is_digit         c_w.l(__printf_wp.o)
    0x0800a36c   0x0800a36c   0x000000b4   Code   RO         6982    i.anti_cogging_calibration  low_level.o
    0x0800a420   0x0800a420   0x00000014   Code   RO         6656    i.buffer_append_float16  buffer.o
    0x0800a434   0x0800a434   0x00000012   Code   RO         6657    i.buffer_append_float32  buffer.o
    0x0800a446   0x0800a446   0x00000016   Code   RO         6659    i.buffer_append_int16  buffer.o
    0x0800a45c   0x0800a45c   0x0000002a   Code   RO         6660    i.buffer_append_int32  buffer.o
    0x0800a486   0x0800a486   0x00000018   Code   RO         6667    i.buffer_get_int32  buffer.o
    0x0800a49e   0x0800a49e   0x00000002   PAD
    0x0800a4a0   0x0800a4a0   0x00000224   Code   RO         6983    i.calib_enc_offset  low_level.o
    0x0800a6c4   0x0800a6c4   0x00000018   Code   RO         6984    i.check_DRV_fault   low_level.o
    0x0800a6dc   0x0800a6dc   0x00000020   Code   RO         6985    i.check_PSU_brownout  low_level.o
    0x0800a6fc   0x0800a6fc   0x0000002a   Code   RO         6986    i.check_timing      low_level.o
    0x0800a726   0x0800a726   0x00000002   PAD
    0x0800a728   0x0800a728   0x00000150   Code   RO         6756    i.cmd_parse_thread  commands.o
    0x0800a878   0x0800a878   0x00000038   Code   RO         6757    i.cmd_printf        commands.o
    0x0800a8b0   0x0800a8b0   0x0000003c   Code   RO         6883    i.commands_printf   commands_pro.o
    0x0800a8ec   0x0800a8ec   0x00000504   Code   RO         6884    i.commands_process_packet  commands_pro.o
    0x0800adf0   0x0800adf0   0x0000059a   Code   RO         6758    i.commands_process_string  commands.o
    0x0800b38a   0x0800b38a   0x00000002   PAD
    0x0800b38c   0x0800b38c   0x00000010   Code   RO         6886    i.commands_send_packet  commands_pro.o
    0x0800b39c   0x0800b39c   0x0000000c   Code   RO         6888    i.commands_set_send_func  commands_pro.o
    0x0800b3a8   0x0800b3a8   0x00000050   Code   RO         6760    i.commands_write    commands.o
    0x0800b3f8   0x0800b3f8   0x0000039c   Code   RO         6987    i.control_motor_loop  low_level.o
    0x0800b794   0x0800b794   0x0000002c   Code   RO         6958    i.crc16             crc.o
    0x0800b7c0   0x0800b7c0   0x00000030   Code   RO         6988    i.decode_hall       low_level.o
    0x0800b7f0   0x0800b7f0   0x00000040   Code   RO         6989    i.do_checks         low_level.o
    0x0800b830   0x0800b830   0x000000a4   Code   RO         7373    i.fast_atan2        utils.o
    0x0800b8d4   0x0800b8d4   0x00000004   PAD
    0x0800b8d8   0x0800b8d8   0x0000008c   Code   RO         8645    i.frexp             m_wm.l(frexp.o)
    0x0800b964   0x0800b964   0x0000005c   Code   RO         6991    i.get_pll_vel       low_level.o
    0x0800b9c0   0x0800b9c0   0x00000038   Code   RO         6992    i.get_rotor_phase   low_level.o
    0x0800b9f8   0x0800b9f8   0x00000058   Code   RO         6993    i.global_fault      low_level.o
    0x0800ba50   0x0800ba50   0x00000090   Code   RO         6994    i.hall_gpio_init    low_level.o
    0x0800bae0   0x0800bae0   0x00000048   Code   RO         6995    i.hall_phase_from_pos  low_level.o
    0x0800bb28   0x0800bb28   0x0000000c   Code   RO         5347    i.inHandlerMode     cmsis_os.o
    0x0800bb34   0x0800bb34   0x00000014   Code   RO         6761    i.init_communication  commands.o
    0x0800bb48   0x0800bb48   0x00000040   Code   RO         6996    i.init_motor_control  low_level.o
    0x0800bb88   0x0800bb88   0x0000000a   Code   RO         6997    i.loop_updates      low_level.o
    0x0800bb92   0x0800bb92   0x00000002   PAD
    0x0800bb94   0x0800bb94   0x00000138   Code   RO           29    i.main              main.o
    0x0800bccc   0x0800bccc   0x0000000c   Code   RO         5349    i.makeFreeRtosPriority  cmsis_os.o
    0x0800bcd8   0x0800bcd8   0x0000010c   Code   RO         6998    i.measure_phase_inductance  low_level.o
    0x0800bde4   0x0800bde4   0x000000fc   Code   RO         6999    i.measure_phase_resistance  low_level.o
    0x0800bee0   0x0800bee0   0x00000010   Code   RO         7375    i.mod               utils.o
    0x0800bef0   0x0800bef0   0x00000114   Code   RO         7000    i.motor_calibration  low_level.o
    0x0800c004   0x0800c004   0x000007e8   Code   RO         6762    i.motor_parse_cmd   commands.o
    0x0800c7ec   0x0800c7ec   0x000000ec   Code   RO         7001    i.motor_thread      low_level.o
    0x0800c8d8   0x0800c8d8   0x0000000e   Code   RO         5351    i.osDelay           cmsis_os.o
    0x0800c8e6   0x0800c8e6   0x0000000a   Code   RO         5354    i.osKernelStart     cmsis_os.o
    0x0800c8f0   0x0800c8f0   0x00000018   Code   RO         5355    i.osKernelSysTick   cmsis_os.o
    0x0800c908   0x0800c908   0x0000003e   Code   RO         5380    i.osSemaphoreCreate  cmsis_os.o
    0x0800c946   0x0800c946   0x00000002   PAD
    0x0800c948   0x0800c948   0x00000050   Code   RO         5383    i.osSemaphoreRelease  cmsis_os.o
    0x0800c998   0x0800c998   0x00000064   Code   RO         5384    i.osSemaphoreWait   cmsis_os.o
    0x0800c9fc   0x0800c9fc   0x0000005c   Code   RO         5385    i.osSignalSet       cmsis_os.o
    0x0800ca58   0x0800ca58   0x00000056   Code   RO         5386    i.osSignalWait      cmsis_os.o
    0x0800caae   0x0800caae   0x00000054   Code   RO         5388    i.osThreadCreate    cmsis_os.o
    0x0800cb02   0x0800cb02   0x00000004   Code   RO         5389    i.osThreadGetId     cmsis_os.o
    0x0800cb06   0x0800cb06   0x00000002   PAD
    0x0800cb08   0x0800cb08   0x00000014   Code   RO         7290    i.packet_init       packet.o
    0x0800cb1c   0x0800cb1c   0x000000bc   Code   RO         7291    i.packet_process_byte  packet.o
    0x0800cbd8   0x0800cbd8   0x0000008c   Code   RO         7292    i.packet_send_packet  packet.o
    0x0800cc64   0x0800cc64   0x0000000c   Code   RO         6763    i.packet_timer_thread  commands.o
    0x0800cc70   0x0800cc70   0x0000002c   Code   RO         7293    i.packet_timerfunc  packet.o
    0x0800cc9c   0x0800cc9c   0x0000002c   Code   RO         7002    i.phase_current_from_adcval  low_level.o
    0x0800ccc8   0x0800ccc8   0x000000b0   Code   RO         6764    i.print_monitoring  commands.o
    0x0800cd78   0x0800cd78   0x0000001c   Code   RO         6765    i.process_packet    commands.o
    0x0800cd94   0x0800cd94   0x00000070   Code   RO         5031    i.prvAddCurrentTaskToDelayedList  tasks.o
    0x0800ce04   0x0800ce04   0x000000d0   Code   RO         5032    i.prvAddNewTaskToReadyList  tasks.o
    0x0800ced4   0x0800ced4   0x00000026   Code   RO         4707    i.prvCopyDataFromQueue  queue.o
    0x0800cefa   0x0800cefa   0x0000006c   Code   RO         4708    i.prvCopyDataToQueue  queue.o
    0x0800cf66   0x0800cf66   0x00000034   Code   RO         5033    i.prvDeleteTCB      tasks.o
    0x0800cf9a   0x0800cf9a   0x00000002   PAD
    0x0800cf9c   0x0800cf9c   0x0000004c   Code   RO         5716    i.prvHeapInit       heap_4.o
    0x0800cfe8   0x0800cfe8   0x00000060   Code   RO         5034    i.prvIdleTask       tasks.o
    0x0800d048   0x0800d048   0x00000016   Code   RO         4710    i.prvInitialiseNewQueue  queue.o
    0x0800d05e   0x0800d05e   0x00000098   Code   RO         5035    i.prvInitialiseNewTask  tasks.o
    0x0800d0f6   0x0800d0f6   0x00000002   PAD
    0x0800d0f8   0x0800d0f8   0x0000004c   Code   RO         5717    i.prvInsertBlockIntoFreeList  heap_4.o
    0x0800d144   0x0800d144   0x0000001c   Code   RO         4711    i.prvIsQueueEmpty   queue.o
    0x0800d160   0x0800d160   0x00000020   Code   RO         5036    i.prvResetNextTaskUnblockTime  tasks.o
    0x0800d180   0x0800d180   0x00000028   Code   RO         5784    i.prvTaskExitError  port.o
    0x0800d1a8   0x0800d1a8   0x0000006a   Code   RO         4712    i.prvUnlockQueue    queue.o
    0x0800d212   0x0800d212   0x00000002   PAD
    0x0800d214   0x0800d214   0x000000dc   Code   RO         5718    i.pvPortMalloc      heap_4.o
    0x0800d2f0   0x0800d2f0   0x00000018   Code   RO         5038    i.pvTaskIncrementMutexHeldCount  tasks.o
    0x0800d308   0x0800d308   0x00000150   Code   RO         7003    i.pwm_trig_adc_cb   low_level.o
    0x0800d458   0x0800d458   0x0000002c   Code   RO         5785    i.pxPortInitialiseStack  port.o
    0x0800d484   0x0800d484   0x00000050   Code   RO         7004    i.queue_modulation_timings  low_level.o
    0x0800d4d4   0x0800d4d4   0x0000002c   Code   RO         7005    i.queue_voltage_timings  low_level.o
    0x0800d500   0x0800d500   0x0000002e   Code   RO         7006    i.read_hall_gpio_state  low_level.o
    0x0800d52e   0x0800d52e   0x00000002   PAD
    0x0800d530   0x0800d530   0x000000a0   Code   RO         7007    i.scan_for_enc_idx  low_level.o
    0x0800d5d0   0x0800d5d0   0x00000004   Code   RO         6766    i.send_packet       commands.o
    0x0800d5d4   0x0800d5d4   0x00000006   Code   RO         6767    i.send_packet_wrapper  commands.o
    0x0800d5da   0x0800d5da   0x00000002   PAD
    0x0800d5dc   0x0800d5dc   0x00000084   Code   RO         7009    i.set_brake_current  low_level.o
    0x0800d660   0x0800d660   0x00000074   Code   RO         7010    i.set_current_setpoint  low_level.o
    0x0800d6d4   0x0800d6d4   0x000000dc   Code   RO         7011    i.set_pos_setpoint  low_level.o
    0x0800d7b0   0x0800d7b0   0x000000a0   Code   RO         7012    i.set_vel_setpoint  low_level.o
    0x0800d850   0x0800d850   0x000000ac   Code   RO         7013    i.spin_up_sensorless  low_level.o
    0x0800d8fc   0x0800d8fc   0x00000060   Code   RO         7014    i.spin_up_timestep  low_level.o
    0x0800d95c   0x0800d95c   0x000000e4   Code   RO         7015    i.start_adc_pwm     low_level.o
    0x0800da40   0x0800da40   0x00000056   Code   RO         7016    i.start_pwm         low_level.o
    0x0800da96   0x0800da96   0x00000134   Code   RO         7018    i.sync_timers       low_level.o
    0x0800dbca   0x0800dbca   0x00000002   PAD
    0x0800dbcc   0x0800dbcc   0x000016f0   Code   RO         7325    i.terminal_process_string  terminal.o
    0x0800f2bc   0x0800f2bc   0x0000029c   Code   RO          335    i.uart2_test_thread  freertos.o
    0x0800f558   0x0800f558   0x00000034   Code   RO         7019    i.update_brake_current  low_level.o
    0x0800f58c   0x0800f58c   0x00000304   Code   RO         7020    i.update_rotor      low_level.o
    0x0800f890   0x0800f890   0x00000028   Code   RO         6769    i.usb_update_thread  commands.o
    0x0800f8b8   0x0800f8b8   0x00000012   Code   RO         7021    i.using_encoder     low_level.o
    0x0800f8ca   0x0800f8ca   0x00000010   Code   RO         7022    i.using_hall        low_level.o
    0x0800f8da   0x0800f8da   0x0000000c   Code   RO         7023    i.using_sensorless  low_level.o
    0x0800f8e6   0x0800f8e6   0x00000026   Code   RO         4667    i.uxListRemove      list.o
    0x0800f90c   0x0800f90c   0x00000014   Code   RO          336    i.vApplicationGetIdleTaskMemory  freertos.o
    0x0800f920   0x0800f920   0x00000016   Code   RO         4668    i.vListInitialise   list.o
    0x0800f936   0x0800f936   0x00000006   Code   RO         4669    i.vListInitialiseItem  list.o
    0x0800f93c   0x0800f93c   0x00000030   Code   RO         4670    i.vListInsert       list.o
    0x0800f96c   0x0800f96c   0x00000018   Code   RO         4671    i.vListInsertEnd    list.o
    0x0800f984   0x0800f984   0x00000040   Code   RO         5787    i.vPortEnterCritical  port.o
    0x0800f9c4   0x0800f9c4   0x00000028   Code   RO         5788    i.vPortExitCritical  port.o
    0x0800f9ec   0x0800f9ec   0x00000064   Code   RO         5719    i.vPortFree         heap_4.o
    0x0800fa50   0x0800fa50   0x00000024   Code   RO         5789    i.vPortSetupTimerInterrupt  port.o
    0x0800fa74   0x0800fa74   0x00000054   Code   RO         5790    i.vPortValidateInterruptPriority  port.o
    0x0800fac8   0x0800fac8   0x0000004c   Code   RO         5045    i.vTaskDelay        tasks.o
    0x0800fb14   0x0800fb14   0x000000ac   Code   RO         5046    i.vTaskDelete       tasks.o
    0x0800fbc0   0x0800fbc0   0x00000010   Code   RO         5048    i.vTaskInternalSetTimeOutState  tasks.o
    0x0800fbd0   0x0800fbd0   0x0000000c   Code   RO         5049    i.vTaskMissedYield  tasks.o
    0x0800fbdc   0x0800fbdc   0x00000030   Code   RO         5051    i.vTaskPlaceOnEventList  tasks.o
    0x0800fc0c   0x0800fc0c   0x000000a0   Code   RO         5053    i.vTaskPriorityDisinheritAfterTimeout  tasks.o
    0x0800fcac   0x0800fcac   0x0000006c   Code   RO         5058    i.vTaskStartScheduler  tasks.o
    0x0800fd18   0x0800fd18   0x00000010   Code   RO         5060    i.vTaskSuspendAll   tasks.o
    0x0800fd28   0x0800fd28   0x0000005c   Code   RO         5061    i.vTaskSwitchContext  tasks.o
    0x0800fd84   0x0800fd84   0x00000028   Code   RO         7024    i.vbus_sense_adc_cb  low_level.o
    0x0800fdac   0x0800fdac   0x00000034   Code   RO         7377    i.wrap_pm_pi        utils.o
    0x0800fde0   0x0800fde0   0x000000f4   Code   RO         5791    i.xPortStartScheduler  port.o
    0x0800fed4   0x0800fed4   0x0000002c   Code   RO         5792    i.xPortSysTickHandler  port.o
    0x0800ff00   0x0800ff00   0x00000042   Code   RO         4721    i.xQueueGenericCreate  queue.o
    0x0800ff42   0x0800ff42   0x00000066   Code   RO         4722    i.xQueueGenericCreateStatic  queue.o
    0x0800ffa8   0x0800ffa8   0x00000088   Code   RO         4723    i.xQueueGenericReset  queue.o
    0x08010030   0x08010030   0x00000160   Code   RO         4724    i.xQueueGenericSend  queue.o
    0x08010190   0x08010190   0x0000009c   Code   RO         4726    i.xQueueGiveFromISR  queue.o
    0x0801022c   0x0801022c   0x0000009a   Code   RO         4732    i.xQueueReceiveFromISR  queue.o
    0x080102c6   0x080102c6   0x00000002   PAD
    0x080102c8   0x080102c8   0x00000178   Code   RO         4733    i.xQueueSemaphoreTake  queue.o
    0x08010440   0x08010440   0x00000074   Code   RO         5063    i.xTaskCheckForTimeOut  tasks.o
    0x080104b4   0x080104b4   0x0000005a   Code   RO         5064    i.xTaskCreate       tasks.o
    0x0801050e   0x0801050e   0x00000056   Code   RO         5065    i.xTaskCreateStatic  tasks.o
    0x08010564   0x08010564   0x000000e0   Code   RO         5066    i.xTaskGenericNotify  tasks.o
    0x08010644   0x08010644   0x00000104   Code   RO         5067    i.xTaskGenericNotifyFromISR  tasks.o
    0x08010748   0x08010748   0x0000000c   Code   RO         5068    i.xTaskGetCurrentTaskHandle  tasks.o
    0x08010754   0x08010754   0x0000001c   Code   RO         5069    i.xTaskGetSchedulerState  tasks.o
    0x08010770   0x08010770   0x0000000c   Code   RO         5070    i.xTaskGetTickCount  tasks.o
    0x0801077c   0x0801077c   0x00000010   Code   RO         5071    i.xTaskGetTickCountFromISR  tasks.o
    0x0801078c   0x0801078c   0x000000cc   Code   RO         5072    i.xTaskIncrementTick  tasks.o
    0x08010858   0x08010858   0x0000008c   Code   RO         5074    i.xTaskNotifyWait   tasks.o
    0x080108e4   0x080108e4   0x00000098   Code   RO         5075    i.xTaskPriorityDisinherit  tasks.o
    0x0801097c   0x0801097c   0x0000008c   Code   RO         5076    i.xTaskPriorityInherit  tasks.o
    0x08010a08   0x08010a08   0x00000074   Code   RO         5077    i.xTaskRemoveFromEventList  tasks.o
    0x08010a7c   0x08010a7c   0x000000c4   Code   RO         5078    i.xTaskResumeAll    tasks.o
    0x08010b40   0x08010b40   0x0000002c   Code   RO         8548    locale$$code        c_w.l(lc_numeric_c.o)
    0x08010b6c   0x08010b6c   0x0000002c   Code   RO         8660    locale$$code        c_w.l(lc_ctype_c.o)
    0x08010b98   0x08010b98   0x000002c4   Code   RO         8421    x$fpl$d2f           g_wm.l(d2f_clz.o)
    0x08010e5c   0x08010e5c   0x0000001c   Code   RO         8751    x$fpl$dcheck1       g_wm.l(dcheck1.o)
    0x08010e78   0x08010e78   0x00000018   Code   RO         8682    x$fpl$dcmpinf       g_wm.l(dcmpi.o)
    0x08010e90   0x08010e90   0x00000074   Code   RO         8635    x$fpl$deqf          g_wm.l(deqf.o)
    0x08010f04   0x08010f04   0x0000001a   Code   RO         8425    x$fpl$dfltn         g_wm.l(dflt_clz.o)
    0x08010f1e   0x08010f1e   0x00000002   PAD
    0x08010f20   0x08010f20   0x00000078   Code   RO         8684    x$fpl$dleqf         g_wm.l(dleqf.o)
    0x08010f98   0x08010f98   0x000001c0   Code   RO         8686    x$fpl$dmul          g_wm.l(dmul_clz.o)
    0x08011158   0x08011158   0x00000102   Code   RO         8567    x$fpl$dnaninf       g_wm.l(dnaninf.o)
    0x0801125a   0x0801125a   0x00000070   Code   RO         8688    x$fpl$drenorm       g_wm.l(drenorm_clz.o)
    0x080112ca   0x080112ca   0x0000000c   Code   RO         8429    x$fpl$dretinf       g_wm.l(dretinf.o)
    0x080112d6   0x080112d6   0x00000062   Code   RO         8637    x$fpl$drleqf        g_wm.l(drleqf.o)
    0x08011338   0x08011338   0x0000017a   Code   RO         8639    x$fpl$dunder        g_wm.l(dunder_clz.o)
    0x080114b2   0x080114b2   0x00000002   PAD
    0x080114b4   0x080114b4   0x000001ec   Code   RO         8569    x$fpl$exception     g_wm.l(except.o)
    0x080116a0   0x080116a0   0x0000007a   Code   RO         8210    x$fpl$f2d           g_wm.l(f2d.o)
    0x0801171a   0x0801171a   0x000000f2   Code   RO         8431    x$fpl$fnaninf       g_wm.l(fnaninf.o)
    0x0801180c   0x0801180c   0x0000000a   Code   RO         8577    x$fpl$fpinit        g_wm.l(fpinit.o)
    0x08011816   0x08011816   0x0000000a   Code   RO         8579    x$fpl$fretinf       g_wm.l(fretinf.o)
    0x08011820   0x08011820   0x0000013c   Code   RO         8581    x$fpl$funder        g_wm.l(funder_clz.o)
    0x0801195c   0x0801195c   0x00000020   Code   RO         8433    x$fpl$ieeestatus    g_wm.l(istatus.o)
    0x0801197c   0x0801197c   0x00000004   Code   RO         8212    x$fpl$printf1       g_wm.l(printf1.o)
    0x08011980   0x08011980   0x00000004   Code   RO         8435    x$fpl$printf2       g_wm.l(printf2.o)
    0x08011984   0x08011984   0x000000b2   Code   RO         8641    x$fpl$retnan        g_wm.l(retnan.o)
    0x08011a36   0x08011a36   0x00000002   PAD
    0x08011a38   0x08011a38   0x00000114   Code   RO         8725    x$fpl$scalbn        g_wm.l(scalbn_clz.o)
    0x08011b4c   0x08011b4c   0x00000004   Code   RO         8214    x$fpl$scanf1        g_wm.l(scanf1.o)
    0x08011b50   0x08011b50   0x00000008   Code   RO         8583    x$fpl$scanf2        g_wm.l(scanf2.o)
    0x08011b58   0x08011b58   0x0000007e   Code   RO         8589    x$fpl$trapveneer    g_wm.l(trapv.o)
    0x08011bd6   0x08011bd6   0x00000000   Code   RO         8443    x$fpl$usenofp       g_wm.l(usenofp.o)
    0x08011bd6   0x08011bd6   0x00000002   PAD
    0x08011bd8   0x08011bd8   0x000000c4   Data   RO           35    .constdata          main.o
    0x08011c9c   0x08011c9c   0x00000008   Data   RO         1706    .constdata          stm32f4xx_hal_dma.o
    0x08011ca4   0x08011ca4   0x00000010   Data   RO         4530    .constdata          system_stm32f4xx.o
    0x08011cb4   0x08011cb4   0x00000008   Data   RO         4531    .constdata          system_stm32f4xx.o
    0x08011cbc   0x08011cbc   0x0000013c   Data   RO         6771    .constdata          commands.o
    0x08011df8   0x08011df8   0x00000200   Data   RO         6959    .constdata          crc.o
    0x08011ff8   0x08011ff8   0x00000004   Data   RO         7025    .constdata          low_level.o
    0x08011ffc   0x08011ffc   0x0000001c   Data   RO         7026    .constdata          low_level.o
    0x08012018   0x08012018   0x00000010   Data   RO         7892    .constdata          segger_rtt_printf.o
    0x08012028   0x08012028   0x00000804   Data   RO         8058    .constdata          arm_cortexM4lf_math.lib(arm_common_tables.o)
    0x0801282c   0x0801282c   0x00000011   Data   RO         8175    .constdata          c_w.l(__printf_flags_ss_wp.o)
    0x0801283d   0x0801283d   0x00000003   PAD
    0x08012840   0x08012840   0x00000008   Data   RO         8307    .constdata          c_w.l(_printf_wctomb.o)
    0x08012848   0x08012848   0x00000028   Data   RO         8336    .constdata          c_w.l(_printf_hex_int_ll_ptr.o)
    0x08012870   0x08012870   0x00000026   Data   RO         8508    .constdata          c_w.l(_printf_fp_hex.o)
    0x08012896   0x08012896   0x00000002   PAD
    0x08012898   0x08012898   0x00000094   Data   RO         8521    .constdata          c_w.l(bigflt0.o)
    0x0801292c   0x0801292c   0x00000070   Data   RO           36    .conststring        main.o
    0x0801299c   0x0801299c   0x0000009c   Data   RO          339    .conststring        freertos.o
    0x08012a38   0x08012a38   0x000000ca   Data   RO         7328    .conststring        terminal.o
    0x08012b02   0x08012b02   0x00000002   PAD
    0x08012b04   0x08012b04   0x00000020   Data   RO         8757    Region$$Table       anon$$obj.o
    0x08012b24   0x08012b24   0x00000008   Data   RO         8573    c$$dinf             g_wm.l(fpconst.o)
    0x08012b2c   0x08012b2c   0x00000008   Data   RO         8576    c$$dmax             g_wm.l(fpconst.o)
    0x08012b34   0x08012b34   0x0000001c   Data   RO         8547    locale$$data        c_w.l(lc_numeric_c.o)
    0x08012b50   0x08012b50   0x00000110   Data   RO         8659    locale$$data        c_w.l(lc_ctype_c.o)


    Execution Region RW_IRAM1 (Exec base: 0x20000000, Load base: 0x08012c60, Size: 0x00009ed0, Max: 0x0001c000, ABSOLUTE, COMPRESSED[0x000001c8])

    Exec Addr    Load Addr    Size         Type   Attr      Idx    E Section Name        Object

    0x20000000   COMPRESSED   0x00000004   Data   RW           37    .data               main.o
    0x20000004   COMPRESSED   0x00000004   Data   RW          340    .data               freertos.o
    0x20000008   COMPRESSED   0x00000004   Data   RW          341    .data               freertos.o
    0x2000000c   COMPRESSED   0x00000004   Data   RW          342    .data               freertos.o
    0x20000010   COMPRESSED   0x00000004   Data   RW          343    .data               freertos.o
    0x20000014   COMPRESSED   0x00000004   Data   RW          344    .data               freertos.o
    0x20000018   COMPRESSED   0x00000004   Data   RW          345    .data               freertos.o
    0x2000001c   COMPRESSED   0x00000004   Data   RW          346    .data               freertos.o
    0x20000020   COMPRESSED   0x00000008   Data   RW          425    .data               stm32f4xx_it.o
    0x20000028   COMPRESSED   0x0000000c   Data   RW         2133    .data               stm32f4xx_hal.o
    0x20000034   COMPRESSED   0x00000004   Data   RW         4532    .data               system_stm32f4xx.o
    0x20000038   COMPRESSED   0x0000003c   Data   RW         5081    .data               tasks.o
    0x20000074   COMPRESSED   0x00000020   Data   RW         5725    .data               heap_4.o
    0x20000094   COMPRESSED   0x0000000c   Data   RW         5793    .data               port.o
    0x200000a0   COMPRESSED   0x0000001c   Data   RW         5920    .data               usbd_desc.o
    0x200000bc   COMPRESSED   0x00000032   Data   RW         5921    .data               usbd_desc.o
    0x200000ee   COMPRESSED   0x00000002   PAD
    0x200000f0   COMPRESSED   0x00000014   Data   RW         6004    .data               usbd_cdc_if.o
    0x20000104   COMPRESSED   0x00000001   Data   RW         6429    .data               usbd_ctlreq.o
    0x20000105   COMPRESSED   0x00000003   PAD
    0x20000108   COMPRESSED   0x00000053   Data   RW         6568    .data               usbd_cdc.o
    0x2000015b   COMPRESSED   0x00000001   PAD
    0x2000015c   COMPRESSED   0x00000038   Data   RW         6569    .data               usbd_cdc.o
    0x20000194   COMPRESSED   0x00000014   Data   RW         6772    .data               commands.o
    0x200001a8   COMPRESSED   0x00000014   Data   RW         6890    .data               commands_pro.o
    0x200001bc   COMPRESSED   0x000003f0   Data   RW         7027    .data               low_level.o
    0x200005ac   COMPRESSED   0x00000008   Data   RW         7329    .data               terminal.o
    0x200005b4   COMPRESSED   0x00000004   Data   RW         8190    .data               c_w.l(strtok.o)
    0x200005b8        -       0x00000390   Zero   RW           30    .bss                main.o
    0x20000948        -       0x00000060   Zero   RW           31    .bss                main.o
    0x200009a8        -       0x00000060   Zero   RW           32    .bss                main.o
    0x20000a08        -       0x00000060   Zero   RW           33    .bss                main.o
    0x20000a68        -       0x00000060   Zero   RW           34    .bss                main.o
    0x20000ac8        -       0x00000254   Zero   RW          338    .bss                freertos.o
    0x20000d1c        -       0x00000040   Zero   RW          424    .bss                stm32f4xx_it.o
    0x20000d5c        -       0x000000f0   Zero   RW         5080    .bss                tasks.o
    0x20000e4c        -       0x00003c00   Zero   RW         5724    .bss                heap_4.o
    0x20004a4c        -       0x000002dc   Zero   RW         5864    .bss                usb_device.o
    0x20004d28        -       0x00000200   Zero   RW         5919    .bss                usbd_desc.o
    0x20004f28        -       0x00001000   Zero   RW         6003    .bss                usbd_cdc_if.o
    0x20005f28        -       0x0000072c   Zero   RW         6085    .bss                usbd_conf.o
    0x20006654        -       0x00000720   Zero   RW         6770    .bss                commands.o
    0x20006d74        -       0x000007ff   Zero   RW         6889    .bss                commands_pro.o
    0x20007573   COMPRESSED   0x00000001   PAD
    0x20007574        -       0x00001040   Zero   RW         7294    .bss                packet.o
    0x200085b4        -       0x00000200   Zero   RW         7327    .bss                terminal.o
    0x200087b4        -       0x000010b8   Zero   RW         7692    .bss                segger_rtt.o
    0x2000986c        -       0x00000060   Zero   RW         8461    .bss                c_w.l(libspace.o)
    0x200098cc   COMPRESSED   0x00000004   PAD
    0x200098d0        -       0x00000200   Zero   RW            2    HEAP                startup_stm32f405xx.o
    0x20009ad0        -       0x00000400   Zero   RW            1    STACK               startup_stm32f405xx.o


    Execution Region RW_IRAM2 (Exec base: 0x2001c000, Load base: 0x08012e28, Size: 0x00000000, Max: 0x00004000, ABSOLUTE)

    **** No section assigned to this execution region ****


==============================================================================

Image component sizes


      Code (inc. data)   RO Data    RW Data    ZI Data      Debug   Object Name

       126          0          0          0          0       4072   buffer.o
       580         16          0          0          0      35311   cmsis_os.o
      4216        978        316         20       1824      18939   commands.o
      1372        316          0         20       2047      14275   commands_pro.o
        44          6        512          0          0       1352   crc.o
       804          0          0          0          0      11555   drv8301.o
         0          0          0          0          0      20276   event_groups.o
       688        130        156         28        596       8645   freertos.o
       472         24          0         32      15360       7775   heap_4.o
       138          0          0          0          0       3854   list.o
      7176        746         32       1008          0      44763   low_level.o
      2360        192        308          4       1296     750892   main.o
       392         28          0          0       4160       4012   packet.o
       786         82          0         12          0      12441   port.o
      1644         14          0          0          0      18788   queue.o
       434         46          0          0       4280       9434   segger_rtt.o
       900          6         16          0          0       6117   segger_rtt_printf.o
        64         26        392          0       1536        892   startup_stm32f405xx.o
       180         28          0         12          0       9805   stm32f4xx_hal.o
       718         28          0          0          0       3714   stm32f4xx_hal_adc.o
       502         16          0          0          0       2455   stm32f4xx_hal_adc_ex.o
       282          0          0          0          0       1439   stm32f4xx_hal_can.o
       232         14          0          0          0      35009   stm32f4xx_hal_cortex.o
      1052         16          8          0          0       7722   stm32f4xx_hal_dma.o
       516         46          0          0          0       3043   stm32f4xx_hal_gpio.o
      1476        158          0          0          0       8160   stm32f4xx_hal_msp.o
      2638         12          0          0          0      14440   stm32f4xx_hal_pcd.o
        78          0          0          0          0       2601   stm32f4xx_hal_pcd_ex.o
      1356         78          0          0          0       6060   stm32f4xx_hal_rcc.o
      1300         12          0          0          0       6732   stm32f4xx_hal_spi.o
      1922        136          0          0          0      15042   stm32f4xx_hal_tim.o
       446         56          0          0          0       3871   stm32f4xx_hal_tim_ex.o
      1346         24          0          0          0      12898   stm32f4xx_hal_uart.o
       300         66          0          8         64       9591   stm32f4xx_it.o
      2888        134          0          0          0      25523   stm32f4xx_ll_usb.o
         0          0          0          0          0        424   stream_buffer.o
        16          4         24          4          0       1271   system_stm32f4xx.o
      3168        248          0         60        240      36087   tasks.o
      5872       2572        202          8        512       4274   terminal.o
        84         18          0          0        732       2767   usb_device.o
      1278         36          0        139          0      15273   usbd_cdc.o
       116         22          0         20       4096       4308   usbd_cdc_if.o
       644         24          0          0       1836      18192   usbd_conf.o
       916          0          0          0          0      16531   usbd_core.o
      1328         28          0          1          0      15428   usbd_ctlreq.o
       288        104          0         78        512       6673   usbd_desc.o
       132          0          0          0          0       4872   usbd_ioreq.o
       664         52          0          0          0       3426   utils.o

    ----------------------------------------------------------------------
     54024       6546       2000       1460      39092    1271024   Object Totals
         0          0         32          0          0          0   (incl. Generated)
        90          4          2          6          1          0   (incl. Padding)

    ----------------------------------------------------------------------

      Code (inc. data)   RO Data    RW Data    ZI Data      Debug   Library Member Name

         0          0       2052          0          0       4704   arm_common_tables.o
       120         12          0          0          0      17170   arm_cos_f32.o
       148         18          0          0          0        814   arm_sin_f32.o
        60          8          0          0          0         84   __0sscanf.o
        56          6          0          0          0         88   __2snprintf.o
        90          0          0          0          0          0   __dczerorl2.o
         8          0          0          0          0         68   __main.o
       392          4         17          0          0         92   __printf_flags_ss_wp.o
        14          0          0          0          0         68   __printf_wp.o
         0          0          0          0          0          0   __rtentry.o
        12          0          0          0          0          0   __rtentry2.o
         6          0          0          0          0          0   __rtentry4.o
        52          8          0          0          0          0   __scatter.o
        28          0          0          0          0          0   __scatter_zi.o
        28          0          0          0          0         68   _chval.o
        48          4          0          0          0         84   _fptrap.o
         6          0          0          0          0          0   _printf_a.o
         6          0          0          0          0          0   _printf_c.o
        44          0          0          0          0        108   _printf_char.o
        48          6          0          0          0         96   _printf_char_common.o
        40          0          0          0          0         68   _printf_charcount.o
         6          0          0          0          0          0   _printf_d.o
       120         16          0          0          0         92   _printf_dec.o
         6          0          0          0          0          0   _printf_e.o
         6          0          0          0          0          0   _printf_f.o
      1054          0          0          0          0        216   _printf_fp_dec.o
       764          8         38          0          0        100   _printf_fp_hex.o
       128         16          0          0          0         84   _printf_fp_infnan.o
         6          0          0          0          0          0   _printf_g.o
       148          4         40          0          0        160   _printf_hex_int_ll_ptr.o
         6          0          0          0          0          0   _printf_i.o
       178          0          0          0          0         88   _printf_intcommon.o
        10          0          0          0          0          0   _printf_l.o
         6          0          0          0          0          0   _printf_lc.o
        10          0          0          0          0          0   _printf_ll.o
         6          0          0          0          0          0   _printf_lld.o
         6          0          0          0          0          0   _printf_lli.o
         6          0          0          0          0          0   _printf_llo.o
         6          0          0          0          0          0   _printf_llu.o
         6          0          0          0          0          0   _printf_llx.o
       124         16          0          0          0         92   _printf_longlong_dec.o
         6          0          0          0          0          0   _printf_ls.o
         6          0          0          0          0          0   _printf_n.o
         6          0          0          0          0          0   _printf_o.o
       112         10          0          0          0        124   _printf_oct_int_ll.o
         6          0          0          0          0          0   _printf_p.o
        78          0          0          0          0        108   _printf_pad.o
         0          0          0          0          0          0   _printf_percent.o
         4          0          0          0          0          0   _printf_percent_end.o
         6          0          0          0          0          0   _printf_s.o
        82          0          0          0          0         80   _printf_str.o
        36          0          0          0          0         84   _printf_truncate.o
         6          0          0          0          0          0   _printf_u.o
        44          0          0          0          0        108   _printf_wchar.o
       188          6          8          0          0         92   _printf_wctomb.o
         6          0          0          0          0          0   _printf_x.o
        22          0          0          0          0        100   _rserrno.o
       884          6          0          0          0        100   _scanf.o
       332          0          0          0          0         96   _scanf_int.o
       224          0          0          0          0         96   _scanf_str.o
        64          0          0          0          0         84   _sgetc.o
        16          0          0          0          0         68   _snputc.o
        10          0          0          0          0         68   _sputc.o
        64          0          0          0          0         92   _wcrtomb.o
        22          0          0          0          0         80   abort.o
       228          4        148          0          0         96   bigflt0.o
      2152        136          0          0          0        960   btod.o
        48         34          0          0          0         76   defsig_abrt_inner.o
        14          0          0          0          0         80   defsig_abrt_outer.o
        10          0          0          0          0         68   defsig_exit.o
       172        110          0          0          0         76   defsig_fpe_inner.o
        14          0          0          0          0         80   defsig_fpe_outer.o
        50          0          0          0          0         88   defsig_general.o
        80         58          0          0          0         76   defsig_rtmem_inner.o
        14          0          0          0          0         80   defsig_rtmem_outer.o
        18          0          0          0          0         80   exit.o
        94          0          0          0          0         80   h1_alloc.o
        52          0          0          0          0         68   h1_extend.o
        78          0          0          0          0         80   h1_free.o
        14          0          0          0          0         84   h1_init.o
         6          0          0          0          0        152   heapauxi.o
         4          0          0          0          0        136   hguard.o
         0          0          0          0          0          0   indicate_semi.o
       138          0          0          0          0        168   init_alloc.o
        18          0          0          0          0         76   isspace.o
        44         10        272          0          0         76   lc_ctype_c.o
        44         10         28          0          0         76   lc_numeric_c.o
         2          0          0          0          0          0   libinit.o
        42          0          0          0          0          0   libinit2.o
         2          0          0          0          0          0   libshutdown.o
         2          0          0          0          0          0   libshutdown2.o
         8          4          0          0         96         68   libspace.o
        38          0          0          0          0         68   llshl.o
       138          0          0          0          0         80   lludiv10.o
       238          0          0          0          0        100   lludivv7m.o
         0          0          0          0          0          0   maybetermalloc1.o
        16          4          0          0          0         76   rt_ctype_table.o
         8          4          0          0          0         68   rt_errno_addr_intlibspace.o
         8          4          0          0          0         68   rt_heap_descriptor_intlibspace.o
         8          4          0          0          0         68   rt_locale_intlibspace.o
        78          0          0          0          0         80   rt_memclr_w.o
       138          0          0          0          0         68   rt_memcpy_v6.o
       100          0          0          0          0         80   rt_memcpy_w.o
         2          0          0          0          0          0   rtexit.o
        10          0          0          0          0          0   rtexit2.o
        44          8          0          0          0         84   scanf_char.o
      1272         16          0          0          0        168   scanf_fp.o
       800         14          0          0          0        100   scanf_hexfp.o
       308         16          0          0          0        100   scanf_infnan.o
       128          0          0          0          0         68   strcmpv7m.o
        72          0          0          0          0         80   strcpy.o
        32          0          0          0          0         80   strcspn.o
        62          0          0          0          0         76   strlen.o
        28          0          0          0          0         80   strspn.o
        12          6          0          4          0         68   strtok.o
        68          4          0          0          0         84   strtok_int.o
        12          4          0          0          0         68   sys_exit.o
        74          0          0          0          0         80   sys_stackheap_outer.o
        14          0          0          0          0         76   sys_wrch.o
         2          0          0          0          0         68   use_no_semi.o
        52          4          0          0          0         80   vsnprintf.o
       708         16          0          0          0        140   d2f_clz.o
        28          0          0          0          0        116   dcheck1.o
        24          0          0          0          0        116   dcmpi.o
       116          8          0          0          0        140   deqf.o
        26          0          0          0          0        116   dflt_clz.o
       120          8          0          0          0        140   dleqf.o
       448         16          0          0          0        164   dmul_clz.o
       258          4          0          0          0        156   dnaninf.o
       112          0          0          0          0        160   drenorm_clz.o
        12          0          0          0          0        116   dretinf.o
        98          0          0          0          0        128   drleqf.o
       378          0          0          0          0        168   dunder_clz.o
       492         36          0          0          0        148   except.o
       122          8          0          0          0        132   f2d.o
       242          4          0          0          0        144   fnaninf.o
         0          0         16          0          0          0   fpconst.o
        10          0          0          0          0        116   fpinit.o
        10          0          0          0          0        116   fretinf.o
       316          0          0          0          0        132   funder_clz.o
        32          4          0          0          0        116   istatus.o
         4          0          0          0          0        116   printf1.o
         4          0          0          0          0        116   printf2.o
       178          0          0          0          0        116   retnan.o
       276          4          0          0          0        124   scalbn_clz.o
         4          0          0          0          0        116   scanf1.o
         8          0          0          0          0        132   scanf2.o
       126          0          0          0          0        148   trapv.o
         0          0          0          0          0          0   usenofp.o
        64         16          0          0          0        248   dunder.o
       112         14          0          0          0        116   floorf.o
        48          0          0          0          0        124   fpclassify.o
       140         22          0          0          0        132   frexp.o
       228          8          0          0          0        308   ldexp.o
       266         16          0          0          0        308   narrow.o
        58          0          0          0          0        136   sqrtf_full.o

    ----------------------------------------------------------------------
     18248        786       2624          4        100      35468   Library Totals
        38          0          5          0          4          0   (incl. Padding)

    ----------------------------------------------------------------------

      Code (inc. data)   RO Data    RW Data    ZI Data      Debug   Library Name

       268         30       2052          0          0      22688   arm_cortexM4lf_math.lib
     12874        572        551          4         96       7976   c_w.l
      4152        108         16          0          0       3432   g_wm.l
       916         76          0          0          0       1372   m_wm.l

    ----------------------------------------------------------------------
     18248        786       2624          4        100      35468   Library Totals

    ----------------------------------------------------------------------

==============================================================================


      Code (inc. data)   RO Data    RW Data    ZI Data      Debug   

     72272       7332       4624       1464      39192    1257616   Grand Totals
     72272       7332       4624        456      39192    1257616   ELF Image Totals (compressed)
     72272       7332       4624        456          0          0   ROM Totals

==============================================================================

    Total RO  Size (Code + RO Data)                76896 (  75.09kB)
    Total RW  Size (RW Data + ZI Data)             40656 (  39.70kB)
    Total ROM Size (Code + RO Data + RW Data)      77352 (  75.54kB)

==============================================================================

