Component: ARM Compiler 5.06 update 6 (build 750) Tool: armlink [4d35ed]

==============================================================================

Section Cross References

    adc.o(i.HAL_ADC_MspDeInit) refers to stm32f4xx_hal_gpio.o(i.HAL_GPIO_DeInit) for HAL_GPIO_DeInit
    adc.o(i.HAL_ADC_MspInit) refers to stm32f4xx_hal_gpio.o(i.HAL_GPIO_Init) for HAL_GPIO_Init
    adc.o(i.HAL_ADC_MspInit) refers to stm32f4xx_hal_cortex.o(i.HAL_NVIC_SetPriority) for HAL_NVIC_SetPriority
    adc.o(i.HAL_ADC_MspInit) refers to stm32f4xx_hal_cortex.o(i.HAL_NVIC_EnableIRQ) for HAL_NVIC_EnableIRQ
    adc.o(i.MX_ADC1_Init) refers to stm32f4xx_hal_adc.o(i.HAL_ADC_Init) for HAL_ADC_Init
    adc.o(i.MX_ADC1_Init) refers to main.o(i._Error_Handler) for _Error_Handler
    adc.o(i.MX_ADC1_Init) refers to stm32f4xx_hal_adc.o(i.HAL_ADC_ConfigChannel) for HAL_ADC_ConfigChannel
    adc.o(i.MX_ADC1_Init) refers to stm32f4xx_hal_adc_ex.o(i.HAL_ADCEx_InjectedConfigChannel) for HAL_ADCEx_InjectedConfigChannel
    adc.o(i.MX_ADC1_Init) refers to adc.o(.bss) for .bss
    adc.o(i.MX_ADC2_Init) refers to stm32f4xx_hal_adc.o(i.HAL_ADC_Init) for HAL_ADC_Init
    adc.o(i.MX_ADC2_Init) refers to main.o(i._Error_Handler) for _Error_Handler
    adc.o(i.MX_ADC2_Init) refers to stm32f4xx_hal_adc.o(i.HAL_ADC_ConfigChannel) for HAL_ADC_ConfigChannel
    adc.o(i.MX_ADC2_Init) refers to stm32f4xx_hal_adc_ex.o(i.HAL_ADCEx_InjectedConfigChannel) for HAL_ADCEx_InjectedConfigChannel
    adc.o(i.MX_ADC2_Init) refers to adc.o(.bss) for .bss
    adc.o(i.MX_ADC3_Init) refers to stm32f4xx_hal_adc.o(i.HAL_ADC_Init) for HAL_ADC_Init
    adc.o(i.MX_ADC3_Init) refers to main.o(i._Error_Handler) for _Error_Handler
    adc.o(i.MX_ADC3_Init) refers to stm32f4xx_hal_adc.o(i.HAL_ADC_ConfigChannel) for HAL_ADC_ConfigChannel
    adc.o(i.MX_ADC3_Init) refers to stm32f4xx_hal_adc_ex.o(i.HAL_ADCEx_InjectedConfigChannel) for HAL_ADCEx_InjectedConfigChannel
    adc.o(i.MX_ADC3_Init) refers to adc.o(.bss) for .bss
    adc.o(i.read_ADC_volts) refers to stm32f4xx_hal_adc_ex.o(i.HAL_ADCEx_InjectedGetValue) for HAL_ADCEx_InjectedGetValue
    adc.o(i.read_ADC_volts) refers to stm32f4xx_hal_adc.o(i.HAL_ADC_GetValue) for HAL_ADC_GetValue
    can.o(i.HAL_CAN_MspDeInit) refers to stm32f4xx_hal_gpio.o(i.HAL_GPIO_DeInit) for HAL_GPIO_DeInit
    can.o(i.HAL_CAN_MspInit) refers to stm32f4xx_hal_gpio.o(i.HAL_GPIO_Init) for HAL_GPIO_Init
    can.o(i.MX_CAN1_Init) refers to stm32f4xx_hal_can.o(i.HAL_CAN_Init) for HAL_CAN_Init
    can.o(i.MX_CAN1_Init) refers to main.o(i._Error_Handler) for _Error_Handler
    can.o(i.MX_CAN1_Init) refers to can.o(.bss) for .bss
    dma.o(i.MX_DMA_Init) refers to stm32f4xx_hal_cortex.o(i.HAL_NVIC_SetPriority) for HAL_NVIC_SetPriority
    dma.o(i.MX_DMA_Init) refers to stm32f4xx_hal_cortex.o(i.HAL_NVIC_EnableIRQ) for HAL_NVIC_EnableIRQ
    freertos.o(i.MX_FREERTOS_Init) refers to cmsis_os.o(i.osSemaphoreCreate) for osSemaphoreCreate
    freertos.o(i.MX_FREERTOS_Init) refers to cmsis_os.o(i.osSemaphoreWait) for osSemaphoreWait
    freertos.o(i.MX_FREERTOS_Init) refers to cmsis_os.o(i.osThreadCreate) for osThreadCreate
    freertos.o(i.MX_FREERTOS_Init) refers to freertos.o(.data) for .data
    freertos.o(i.MX_FREERTOS_Init) refers to freertos.o(.constdata) for .constdata
    freertos.o(i.StartDefaultTask) refers to usb_device.o(i.MX_USB_DEVICE_Init) for MX_USB_DEVICE_Init
    freertos.o(i.StartDefaultTask) refers to commands.o(i.init_communication) for init_communication
    freertos.o(i.StartDefaultTask) refers to low_level.o(i.init_motor_control) for init_motor_control
    freertos.o(i.StartDefaultTask) refers to cmsis_os.o(i.osThreadCreate) for osThreadCreate
    freertos.o(i.StartDefaultTask) refers to tasks.o(i.vTaskDelete) for vTaskDelete
    freertos.o(i.StartDefaultTask) refers to freertos.o(.constdata) for .constdata
    freertos.o(i.StartDefaultTask) refers to low_level.o(.data) for motors
    freertos.o(i.StartDefaultTask) refers to freertos.o(.data) for .data
    freertos.o(i.uart2_test_thread) refers to strlen.o(.text) for strlen
    freertos.o(i.uart2_test_thread) refers to stm32f4xx_hal_uart.o(i.HAL_UART_Transmit) for HAL_UART_Transmit
    freertos.o(i.uart2_test_thread) refers to commands.o(i.motor_parse_cmd) for motor_parse_cmd
    freertos.o(i.uart2_test_thread) refers to cmsis_os.o(i.osKernelSysTick) for osKernelSysTick
    freertos.o(i.uart2_test_thread) refers to low_level.o(i.read_hall_gpio_state) for read_hall_gpio_state
    freertos.o(i.uart2_test_thread) refers to low_level.o(i.get_pll_vel) for get_pll_vel
    freertos.o(i.uart2_test_thread) refers to f2d.o(.text) for __aeabi_f2d
    freertos.o(i.uart2_test_thread) refers to printfa.o(i.__0snprintf) for __2snprintf
    freertos.o(i.uart2_test_thread) refers to cmsis_os.o(i.osDelay) for osDelay
    freertos.o(i.uart2_test_thread) refers to freertos.o(.conststring) for .conststring
    freertos.o(i.uart2_test_thread) refers to usart.o(.bss) for huart2
[...]
    USBD_LL_DevConnected                     0x08012cdb   Thumb Code     4  usbd_core.o(i.USBD_LL_DevConnected)
    USBD_LL_DevDisconnected                  0x08012cdf   Thumb Code    22  usbd_core.o(i.USBD_LL_DevDisconnected)
    USBD_LL_GetRxDataSize                    0x08012cf5   Thumb Code     8  usbd_conf.o(i.USBD_LL_GetRxDataSize)
    USBD_LL_Init                             0x08012cfd   Thumb Code   100  usbd_conf.o(i.USBD_LL_Init)
    USBD_LL_IsStallEP                        0x08012d79   Thumb Code    32  usbd_conf.o(i.USBD_LL_IsStallEP)
    USBD_LL_IsoINIncomplete                  0x08012d99   Thumb Code     4  usbd_core.o(i.USBD_LL_IsoINIncomplete)
    USBD_LL_IsoOUTIncomplete                 0x08012d9d   Thumb Code     4  usbd_core.o(i.USBD_LL_IsoOUTIncomplete)
    USBD_LL_OpenEP                           0x08012da1   Thumb Code    38  usbd_conf.o(i.USBD_LL_OpenEP)
    USBD_LL_PrepareReceive                   0x08012dc7   Thumb Code    32  usbd_conf.o(i.USBD_LL_PrepareReceive)
    USBD_LL_Reset                            0x08012de7   Thumb Code    62  usbd_core.o(i.USBD_LL_Reset)
    USBD_LL_Resume                           0x08012e25   Thumb Code    12  usbd_core.o(i.USBD_LL_Resume)
    USBD_LL_SOF                              0x08012e31   Thumb Code    26  usbd_core.o(i.USBD_LL_SOF)
    USBD_LL_SetSpeed                         0x08012e4b   Thumb Code     6  usbd_core.o(i.USBD_LL_SetSpeed)
    USBD_LL_SetUSBAddress                    0x08012e51   Thumb Code    32  usbd_conf.o(i.USBD_LL_SetUSBAddress)
    USBD_LL_SetupStage                       0x08012e71   Thumb Code    94  usbd_core.o(i.USBD_LL_SetupStage)
    USBD_LL_StallEP                          0x08012ecf   Thumb Code    32  usbd_conf.o(i.USBD_LL_StallEP)
    USBD_LL_Start                            0x08012eef   Thumb Code    32  usbd_conf.o(i.USBD_LL_Start)
    USBD_LL_Suspend                          0x08012f0f   Thumb Code    18  usbd_core.o(i.USBD_LL_Suspend)
    USBD_LL_Transmit                         0x08012f21   Thumb Code    32  usbd_conf.o(i.USBD_LL_Transmit)
    USBD_ParseSetupRequest                   0x08012f41   Thumb Code    40  usbd_ctlreq.o(i.USBD_ParseSetupRequest)
    USBD_RegisterClass                       0x08012f69   Thumb Code    16  usbd_core.o(i.USBD_RegisterClass)
    USBD_SetClassConfig                      0x08012f79   Thumb Code    24  usbd_core.o(i.USBD_SetClassConfig)
    USBD_Start                               0x08012f91   Thumb Code    10  usbd_core.o(i.USBD_Start)
    USBD_StdDevReq                           0x08012f9d   Thumb Code   652  usbd_ctlreq.o(i.USBD_StdDevReq)
    USBD_StdEPReq                            0x0801322d   Thumb Code   266  usbd_ctlreq.o(i.USBD_StdEPReq)
    USBD_StdItfReq                           0x08013337   Thumb Code    64  usbd_ctlreq.o(i.USBD_StdItfReq)
    USB_ActivateEndpoint                     0x08013379   Thumb Code   140  stm32f4xx_ll_usb.o(i.USB_ActivateEndpoint)
    USB_ActivateSetup                        0x08013409   Thumb Code    52  stm32f4xx_ll_usb.o(i.USB_ActivateSetup)
    USB_CoreInit                             0x0801343d   Thumb Code   206  stm32f4xx_ll_usb.o(i.USB_CoreInit)
    USB_DeactivateEndpoint                   0x08013511   Thumb Code   200  stm32f4xx_ll_usb.o(i.USB_DeactivateEndpoint)
    USB_DevConnect                           0x080135dd   Thumb Code    24  stm32f4xx_ll_usb.o(i.USB_DevConnect)
    USB_DevDisconnect                        0x080135f5   Thumb Code    24  stm32f4xx_ll_usb.o(i.USB_DevDisconnect)
    USB_DevInit                              0x0801360d   Thumb Code   330  stm32f4xx_ll_usb.o(i.USB_DevInit)
    USB_DisableGlobalInt                     0x08013765   Thumb Code    12  stm32f4xx_ll_usb.o(i.USB_DisableGlobalInt)
    USB_EP0StartXfer                         0x08013771   Thumb Code   338  stm32f4xx_ll_usb.o(i.USB_EP0StartXfer)
    USB_EP0_OutStart                         0x080138c3   Thumb Code    62  stm32f4xx_ll_usb.o(i.USB_EP0_OutStart)
    USB_EPClearStall                         0x08013901   Thumb Code   102  stm32f4xx_ll_usb.o(i.USB_EPClearStall)
    USB_EPSetStall                           0x08013967   Thumb Code   100  stm32f4xx_ll_usb.o(i.USB_EPSetStall)
    USB_EPStartXfer                          0x080139cb   Thumb Code   606  stm32f4xx_ll_usb.o(i.USB_EPStartXfer)
    USB_EnableGlobalInt                      0x08013c29   Thumb Code    12  stm32f4xx_ll_usb.o(i.USB_EnableGlobalInt)
    USB_FlushTxFifo                          0x08013c35   Thumb Code    34  stm32f4xx_ll_usb.o(i.USB_FlushTxFifo)
    USB_GetDevSpeed                          0x08013c5d   Thumb Code    58  stm32f4xx_ll_usb.o(i.USB_GetDevSpeed)
    USB_GetMode                              0x08013c97   Thumb Code     8  stm32f4xx_ll_usb.o(i.USB_GetMode)
    USB_ReadDevAllInEpInterrupt              0x08013c9f   Thumb Code    14  stm32f4xx_ll_usb.o(i.USB_ReadDevAllInEpInterrupt)
    USB_ReadDevAllOutEpInterrupt             0x08013cad   Thumb Code    14  stm32f4xx_ll_usb.o(i.USB_ReadDevAllOutEpInterrupt)
    USB_ReadDevInEPInterrupt                 0x08013cbb   Thumb Code    30  stm32f4xx_ll_usb.o(i.USB_ReadDevInEPInterrupt)
    USB_ReadDevOutEPInterrupt                0x08013cd9   Thumb Code    16  stm32f4xx_ll_usb.o(i.USB_ReadDevOutEPInterrupt)
    USB_ReadInterrupts                       0x08013ce9   Thumb Code     8  stm32f4xx_ll_usb.o(i.USB_ReadInterrupts)
    USB_ReadPacket                           0x08013cf1   Thumb Code    34  stm32f4xx_ll_usb.o(i.USB_ReadPacket)
    USB_SetCurrentMode                       0x08013d13   Thumb Code    46  stm32f4xx_ll_usb.o(i.USB_SetCurrentMode)
    USB_SetDevAddress                        0x08013d41   Thumb Code    34  stm32f4xx_ll_usb.o(i.USB_SetDevAddress)
    USB_WritePacket                          0x08013d63   Thumb Code    46  stm32f4xx_ll_usb.o(i.USB_WritePacket)
    UsageFault_Handler                       0x08013d91   Thumb Code     2  stm32f4xx_it.o(i.UsageFault_Handler)
    _Error_Handler                           0x08013e01   Thumb Code     2  main.o(i._Error_Handler)
    __0snprintf                              0x08013fdd   Thumb Code    44  printfa.o(i.__0snprintf)
    __1snprintf                              0x08013fdd   Thumb Code     0  printfa.o(i.__0snprintf)
    __2snprintf                              0x08013fdd   Thumb Code     0  printfa.o(i.__0snprintf)
    __c89snprintf                            0x08013fdd   Thumb Code     0  printfa.o(i.__0snprintf)
    snprintf                                 0x08013fdd   Thumb Code     0  printfa.o(i.__0snprintf)
    __0vsnprintf                             0x0801400d   Thumb Code    40  printfa.o(i.__0vsnprintf)
    __1vsnprintf                             0x0801400d   Thumb Code     0  printfa.o(i.__0vsnprintf)
    __2vsnprintf                             0x0801400d   Thumb Code     0  printfa.o(i.__0vsnprintf)
    __c89vsnprintf                           0x0801400d   Thumb Code     0  printfa.o(i.__0vsnprintf)
    vsnprintf                                0x0801400d   Thumb Code     0  printfa.o(i.__0vsnprintf)
    __ARM_common_memcpy4_5                   0x08014039   Thumb Code    10  commands_pro.o(i.__ARM_common_memcpy4_5)
    __ARM_common_memcpy4_7                   0x08014043   Thumb Code    18  segger_rtt.o(i.__ARM_common_memcpy4_7)
    __hardfp_floorf                          0x08014055   Thumb Code    98  floorf.o(i.__hardfp_floorf)
    _is_digit                                0x08014249   Thumb Code    14  scanf_fp.o(i._is_digit)
    arm_cos_f32                              0x0801499d   Thumb Code   108  arm_cos_f32.o(i.arm_cos_f32)
    arm_sin_f32                              0x08014a15   Thumb Code   104  arm_sin_f32.o(i.arm_sin_f32)
    buffer_append_float16                    0x08014a89   Thumb Code    44  buffer.o(i.buffer_append_float16)
    buffer_append_float32                    0x08014ab5   Thumb Code    72  buffer.o(i.buffer_append_float32)
    buffer_append_int32                      0x08014afd   Thumb Code    60  buffer.o(i.buffer_append_int32)
    buffer_get_int32                         0x08014b39   Thumb Code    24  buffer.o(i.buffer_get_int32)
    calib_enc_offset                         0x08014b51   Thumb Code   582  low_level.o(i.calib_enc_offset)
    check_timing                             0x08014dc5   Thumb Code    42  low_level.o(i.check_timing)
    cmd_parse_thread                         0x08014df1   Thumb Code   288  commands.o(i.cmd_parse_thread)
    cmd_printf                               0x08014f35   Thumb Code    54  commands.o(i.cmd_printf)
    commands_printf                          0x08014f71   Thumb Code    60  commands_pro.o(i.commands_printf)
    commands_process_packet                  0x08014fb1   Thumb Code  1372  commands_pro.o(i.commands_process_packet)
    commands_process_string                  0x0801550d   Thumb Code  1522  commands.o(i.commands_process_string)
    commands_send_packet                     0x08015b29   Thumb Code    12  commands_pro.o(i.commands_send_packet)
    commands_set_send_func                   0x08015b39   Thumb Code     6  commands_pro.o(i.commands_set_send_func)
    commands_write                           0x08015b45   Thumb Code   118  commands.o(i.commands_write)
    control_motor_loop                       0x08015bd5   Thumb Code  1164  low_level.o(i.control_motor_loop)
    crc16                                    0x08016095   Thumb Code    48  crc.o(i.crc16)
    do_checks                                0x080160c9   Thumb Code    82  low_level.o(i.do_checks)
    enc_index_cb                             0x08016125   Thumb Code    80  low_level.o(i.enc_index_cb)
    fast_atan2                               0x0801617d   Thumb Code   132  utils.o(i.fast_atan2)
    free                                     0x08016215   Thumb Code    76  malloc.o(i.free)
    get_pll_vel                              0x08016265   Thumb Code    74  low_level.o(i.get_pll_vel)
    get_rotor_phase                          0x080162b9   Thumb Code    40  low_level.o(i.get_rotor_phase)
    global_fault                             0x080162e5   Thumb Code    74  low_level.o(i.global_fault)
    hall_gpio_init                           0x08016339   Thumb Code   248  low_level.o(i.hall_gpio_init)
    init_communication                       0x08016441   Thumb Code    20  commands.o(i.init_communication)
    init_motor_control                       0x0801645d   Thumb Code    70  low_level.o(i.init_motor_control)
    main                                     0x080164b1   Thumb Code    86  main.o(i.main)
    malloc                                   0x08016511   Thumb Code    92  malloc.o(i.malloc)
    measure_phase_inductance                 0x0801657d   Thumb Code   322  low_level.o(i.measure_phase_inductance)
    measure_phase_resistance                 0x080166d9   Thumb Code   298  low_level.o(i.measure_phase_resistance)
    mod                                      0x08016819   Thumb Code    16  utils.o(i.mod)
    motor_calibration                        0x08016829   Thumb Code   284  low_level.o(i.motor_calibration)
    motor_parse_cmd                          0x08016959   Thumb Code  1892  commands.o(i.motor_parse_cmd)
    motor_thread                             0x08017189   Thumb Code   262  low_level.o(i.motor_thread)
    osDelay                                  0x0801729d   Thumb Code    16  cmsis_os.o(i.osDelay)
    osKernelStart                            0x080172ad   Thumb Code    10  cmsis_os.o(i.osKernelStart)
    osKernelSysTick                          0x080172b7   Thumb Code    14  cmsis_os.o(i.osKernelSysTick)
    osSemaphoreCreate                        0x080172c5   Thumb Code    38  cmsis_os.o(i.osSemaphoreCreate)
    osSemaphoreRelease                       0x080172ed   Thumb Code    76  cmsis_os.o(i.osSemaphoreRelease)
    osSemaphoreWait                          0x0801733d   Thumb Code    96  cmsis_os.o(i.osSemaphoreWait)
    osSignalSet                              0x080173a1   Thumb Code    82  cmsis_os.o(i.osSignalSet)
    osSignalWait                             0x080173f9   Thumb Code   100  cmsis_os.o(i.osSignalWait)
    osSystickHandler                         0x0801745d   Thumb Code    20  cmsis_os.o(i.osSystickHandler)
    osThreadCreate                           0x08017471   Thumb Code    46  cmsis_os.o(i.osThreadCreate)
    osThreadGetId                            0x0801749f   Thumb Code     4  cmsis_os.o(i.osThreadGetId)
    packet_init                              0x080174a5   Thumb Code    16  packet.o(i.packet_init)
    packet_process_byte                      0x080174b9   Thumb Code   202  packet.o(i.packet_process_byte)
    packet_send_packet                       0x08017589   Thumb Code   136  packet.o(i.packet_send_packet)
    packet_timer_thread                      0x08017615   Thumb Code    12  commands.o(i.packet_timer_thread)
    packet_timerfunc                         0x08017621   Thumb Code    48  packet.o(i.packet_timerfunc)
    print_monitoring                         0x08017655   Thumb Code   154  commands.o(i.print_monitoring)
    pvPortMalloc                             0x08017911   Thumb Code   286  heap_4.o(i.pvPortMalloc)
    pvTaskIncrementMutexHeldCount            0x08017a3d   Thumb Code    18  tasks.o(i.pvTaskIncrementMutexHeldCount)
    pwm_trig_adc_cb                          0x08017a55   Thumb Code   380  low_level.o(i.pwm_trig_adc_cb)
    pxPortInitialiseStack                    0x08017be9   Thumb Code    38  port.o(i.pxPortInitialiseStack)
    queue_modulation_timings                 0x08017c15   Thumb Code    84  low_level.o(i.queue_modulation_timings)
    queue_voltage_timings                    0x08017c6d   Thumb Code    34  low_level.o(i.queue_voltage_timings)
    read_hall_gpio_state                     0x08017c99   Thumb Code    42  low_level.o(i.read_hall_gpio_state)
    scan_for_enc_idx                         0x08017cc5   Thumb Code   212  low_level.o(i.scan_for_enc_idx)
    set_brake_current                        0x08017db9   Thumb Code   108  low_level.o(i.set_brake_current)
    set_cmd_buffer                           0x08017e3d   Thumb Code     8  commands.o(i.set_cmd_buffer)
    set_current_setpoint                     0x08017e49   Thumb Code    46  low_level.o(i.set_current_setpoint)
    set_pos_setpoint                         0x08017ebd   Thumb Code    98  low_level.o(i.set_pos_setpoint)
    set_vel_setpoint                         0x08017f99   Thumb Code    72  low_level.o(i.set_vel_setpoint)
    spin_up_sensorless                       0x08018039   Thumb Code   258  low_level.o(i.spin_up_sensorless)
    start_adc_pwm                            0x08018151   Thumb Code   198  low_level.o(i.start_adc_pwm)
    start_pwm                                0x08018235   Thumb Code    86  low_level.o(i.start_pwm)
    step_cb                                  0x0801828d   Thumb Code   116  low_level.o(i.step_cb)
    sync_timers                              0x08018309   Thumb Code   340  low_level.o(i.sync_timers)
    terminal_process_string                  0x0801845d   Thumb Code  5550  terminal.o(i.terminal_process_string)
    update_rotor                             0x08019f19   Thumb Code   914  low_level.o(i.update_rotor)
    usb_update_thread                        0x0801a2cd   Thumb Code    30  commands.o(i.usb_update_thread)
    uxListRemove                             0x0801a2f5   Thumb Code    36  list.o(i.uxListRemove)
    vApplicationStackOverflowHook            0x0801a319   Thumb Code     4  freertos.o(i.vApplicationStackOverflowHook)
    vListInitialise                          0x0801a31d   Thumb Code    22  list.o(i.vListInitialise)
    vListInitialiseItem                      0x0801a333   Thumb Code     6  list.o(i.vListInitialiseItem)
    vListInsert                              0x0801a339   Thumb Code    54  list.o(i.vListInsert)
    vListInsertEnd                           0x0801a36f   Thumb Code    24  list.o(i.vListInsertEnd)
    vPortEnterCritical                       0x0801a389   Thumb Code    56  port.o(i.vPortEnterCritical)
    vPortExitCritical                        0x0801a3c9   Thumb Code    38  port.o(i.vPortExitCritical)
    vPortFree                                0x0801a3f5   Thumb Code    90  heap_4.o(i.vPortFree)
    vPortValidateInterruptPriority           0x0801a455   Thumb Code    74  port.o(i.vPortValidateInterruptPriority)
    vTaskDelay                               0x0801a4a9   Thumb Code    66  tasks.o(i.vTaskDelay)
    vTaskDelete                              0x0801a4f5   Thumb Code   194  tasks.o(i.vTaskDelete)
    vTaskMissedYield                         0x0801a5c9   Thumb Code     8  tasks.o(i.vTaskMissedYield)
    vTaskPlaceOnEventList                    0x0801a5d5   Thumb Code    46  tasks.o(i.vTaskPlaceOnEventList)
    vTaskPriorityInherit                     0x0801a609   Thumb Code   132  tasks.o(i.vTaskPriorityInherit)
    vTaskSetTimeOutState                     0x0801a695   Thumb Code    30  tasks.o(i.vTaskSetTimeOutState)
    vTaskStartScheduler                      0x0801a6b9   Thumb Code    92  tasks.o(i.vTaskStartScheduler)
    vTaskSuspendAll                          0x0801a729   Thumb Code    10  tasks.o(i.vTaskSuspendAll)
    vTaskSwitchContext                       0x0801a739   Thumb Code   134  tasks.o(i.vTaskSwitchContext)
    vbus_sense_adc_cb                        0x0801a7c9   Thumb Code    32  low_level.o(i.vbus_sense_adc_cb)
    wrap_pm_pi                               0x0801a7f1   Thumb Code    52  utils.o(i.wrap_pm_pi)
    xPortStartScheduler                      0x0801a831   Thumb Code   236  port.o(i.xPortStartScheduler)
    xPortSysTickHandler                      0x0801a93d   Thumb Code    38  port.o(i.xPortSysTickHandler)
    xQueueGenericCreate                      0x0801a969   Thumb Code    70  queue.o(i.xQueueGenericCreate)
    xQueueGenericReceive                     0x0801a9b1   Thumb Code   426  queue.o(i.xQueueGenericReceive)
    xQueueGenericReset                       0x0801ab61   Thumb Code   130  queue.o(i.xQueueGenericReset)
    xQueueGenericSend                        0x0801abe9   Thumb Code   462  queue.o(i.xQueueGenericSend)
    xQueueGiveFromISR                        0x0801adbd   Thumb Code   158  queue.o(i.xQueueGiveFromISR)
    xQueueReceiveFromISR                     0x0801ae5b   Thumb Code   172  queue.o(i.xQueueReceiveFromISR)
    xTaskCheckForTimeOut                     0x0801af09   Thumb Code   112  tasks.o(i.xTaskCheckForTimeOut)
    xTaskCreate                              0x0801af7d   Thumb Code   356  tasks.o(i.xTaskCreate)
    xTaskGenericNotify                       0x0801b101   Thumb Code   190  tasks.o(i.xTaskGenericNotify)
    xTaskGenericNotifyFromISR                0x0801b1cd   Thumb Code   232  tasks.o(i.xTaskGenericNotifyFromISR)
    xTaskGetCurrentTaskHandle                0x0801b2c1   Thumb Code     6  tasks.o(i.xTaskGetCurrentTaskHandle)
    xTaskGetSchedulerState                   0x0801b2cd   Thumb Code    24  tasks.o(i.xTaskGetSchedulerState)
    xTaskGetTickCount                        0x0801b2e9   Thumb Code     6  tasks.o(i.xTaskGetTickCount)
    xTaskGetTickCountFromISR                 0x0801b2f5   Thumb Code    12  tasks.o(i.xTaskGetTickCountFromISR)
    xTaskIncrementTick                       0x0801b305   Thumb Code   226  tasks.o(i.xTaskIncrementTick)
    xTaskNotifyWait                          0x0801b3f1   Thumb Code   136  tasks.o(i.xTaskNotifyWait)
    xTaskPriorityDisinherit                  0x0801b481   Thumb Code   146  tasks.o(i.xTaskPriorityDisinherit)
    xTaskRemoveFromEventList                 0x0801b51d   Thumb Code   104  tasks.o(i.xTaskRemoveFromEventList)
    xTaskResumeAll                           0x0801b591   Thumb Code   214  tasks.o(i.xTaskResumeAll)
    AHBPrescTable                            0x0801b704   Data          16  system_stm32f4xx.o(.constdata)
    APBPrescTable                            0x0801b714   Data           8  system_stm32f4xx.o(.constdata)
    num_motors                               0x0801b71c   Data           4  low_level.o(.constdata)
    crc16_tab                                0x0801b73c   Data         512  crc.o(.constdata)
    exposed_floats                           0x0801b940   Data         232  commands.o(.constdata)
    exposed_ints                             0x0801ba28   Data          32  commands.o(.constdata)
    exposed_bools                            0x0801ba48   Data          32  commands.o(.constdata)
    exposed_uint16                           0x0801ba68   Data          16  commands.o(.constdata)
    sinTable_f32                             0x0801ba78   Data        2052  arm_common_tables.o(.constdata)
    __ctype_categories                       0x0801c294   Data          64  ctype_c.o(.constdata)
    sem_usb_irq                              0x20000000   Data           4  freertos.o(.data)
    sem_uart_dma                             0x20000004   Data           4  freertos.o(.data)
    sem_usb_rx                               0x20000008   Data           4  freertos.o(.data)
    sem_usb_tx                               0x2000000c   Data           4  freertos.o(.data)
    thread_motor_0                           0x20000010   Data           4  freertos.o(.data)
    thread_motor_1                           0x20000014   Data           4  freertos.o(.data)
    thread_cmd_parse                         0x20000018   Data           4  freertos.o(.data)
    thread_usb_pump                          0x2000001c   Data           4  freertos.o(.data)
    task_packet_timer                        0x20000020   Data           4  freertos.o(.data)
    defaultTaskHandle                        0x20000024   Data           4  freertos.o(.data)
    SystemCoreClock                          0x20000028   Data           4  system_stm32f4xx.o(.data)
    uart2_rx_head                            0x2000002c   Data           4  usart.o(.data)
    uart2_rx_tail                            0x20000030   Data           4  usart.o(.data)
    USBD_Interface_fops_FS                   0x20000034   Data          16  usbd_cdc_if.o(.data)
    FS_Desc                                  0x20000044   Data          28  usbd_desc.o(.data)
    USBD_LangIDDesc                          0x20000060   Data           4  usbd_desc.o(.data)
    USBD_FS_DeviceDesc                       0x20000064   Data          18  usbd_desc.o(.data)
    vbus_voltage                             0x20000078   Data           4  low_level.o(.data)
    brake_resistance                         0x2000007c   Data           4  low_level.o(.data)
    motors                                   0x20000090   Data        1048  low_level.o(.data)
    serial_printf_select                     0x200004a8   Data           4  commands.o(.data)
    pxCurrentTCB                             0x200004d8   Data           4  tasks.o(.data)
    USBD_CDC_CfgHSDesc                       0x2000054c   Data          67  usbd_cdc.o(.data)
    USBD_CDC_CfgFSDesc                       0x20000590   Data          67  usbd_cdc.o(.data)
    USBD_CDC_OtherSpeedCfgDesc               0x200005d4   Data          67  usbd_cdc.o(.data)
    USBD_CDC                                 0x20000618   Data          56  usbd_cdc.o(.data)
    uwTick                                   0x20000650   Data           4  stm32f4xx_hal.o(.data)
    __microlib_freelist                      0x20000658   Data           4  mvars.o(.data)
    __microlib_freelist_initialised          0x2000065c   Data           4  mvars.o(.data)
    hadc1                                    0x20000660   Data          72  adc.o(.bss)
    hadc2                                    0x200006a8   Data          72  adc.o(.bss)
    hadc3                                    0x200006f0   Data          72  adc.o(.bss)
    hcan1                                    0x20000738   Data          72  can.o(.bss)
    hspi3                                    0x20000780   Data          92  spi.o(.bss)
    htim14                                   0x200007dc   Data          64  stm32f4xx_hal_timebase_tim.o(.bss)
    htim1                                    0x2000081c   Data          64  tim.o(.bss)
    htim2                                    0x2000085c   Data          64  tim.o(.bss)
    htim3                                    0x2000089c   Data          64  tim.o(.bss)
    htim4                                    0x200008dc   Data          64  tim.o(.bss)
    htim8                                    0x2000091c   Data          64  tim.o(.bss)
    huart4                                   0x2000095c   Data          72  usart.o(.bss)
    hdma_uart4_rx                            0x200009a4   Data         100  usart.o(.bss)
    hdma_uart4_tx                            0x20000a08   Data         100  usart.o(.bss)
    huart2                                   0x20000a6c   Data          72  usart.o(.bss)
    uart2_rx_buf                             0x20000ab4   Data          64  usart.o(.bss)
    hUsbDeviceFS                             0x20000af4   Data         548  usb_device.o(.bss)
    UserRxBufferFS                           0x20000d18   Data          64  usbd_cdc_if.o(.bss)
    UserTxBufferFS                           0x20000d58   Data          64  usbd_cdc_if.o(.bss)
    hpcd_USB_OTG_FS                          0x20000d98   Data        1012  usbd_conf.o(.bss)
    USBD_StrDesc                             0x2000118c   Data         512  usbd_desc.o(.bss)
    monitoring_slots                         0x200023cc   Data         160  commands.o(.bss)
    _SEGGER_RTT                              0x200075dc   Data         168  segger_rtt.o(.bss)
    __heap_base                              0x20008698   Data           0  startup_stm32f4xx.o(HEAP)
    __heap_limit                             0x20008e98   Data           0  startup_stm32f4xx.o(HEAP)
    __initial_sp                             0x20009e98   Data           0  startup_stm32f4xx.o(STACK)



==============================================================================

Memory Map of the image

  Image Entry point : 0x08000189

  Load Region LR_IROM1 (Base: 0x08000000, Size: 0x00000860, Max: 0x00004000, ABSOLUTE, COMPRESSED[0x000003d4])

    Execution Region ER_IROM1 (Exec base: 0x08000000, Load base: 0x08000000, Size: 0x00000200, Max: 0x00004000, ABSOLUTE)

    Exec Addr    Load Addr    Size         Type   Attr      Idx    E Section Name        Object

    0x08000000   0x08000000   0x00000188   Data   RO         2209    RESET               startup_stm32f4xx.o
    0x08000188   0x08000188   0x00000000   Code   RO         7660  * .ARM.Collect$$$$00000000  mc_w.l(entry.o)
    0x08000188   0x08000188   0x00000004   Code   RO         7996    .ARM.Collect$$$$00000001  mc_w.l(entry2.o)
    0x0800018c   0x0800018c   0x00000004   Code   RO         7999    .ARM.Collect$$$$00000004  mc_w.l(entry5.o)
    0x08000190   0x08000190   0x00000000   Code   RO         8001    .ARM.Collect$$$$00000008  mc_w.l(entry7b.o)
    0x08000190   0x08000190   0x00000000   Code   RO         8003    .ARM.Collect$$$$0000000A  mc_w.l(entry8b.o)
    0x08000190   0x08000190   0x00000008   Code   RO         8004    .ARM.Collect$$$$0000000B  mc_w.l(entry9a.o)
    0x08000198   0x08000198   0x00000000   Code   RO         8006    .ARM.Collect$$$$0000000D  mc_w.l(entry10a.o)
    0x08000198   0x08000198   0x00000000   Code   RO         8008    .ARM.Collect$$$$0000000F  mc_w.l(entry11a.o)
    0x08000198   0x08000198   0x00000004   Code   RO         7997    .ARM.Collect$$$$00002712  mc_w.l(entry2.o)
    0x0800019c   0x0800019c   0x00000024   Code   RO         8053    .text               mc_w.l(init.o)
    0x080001c0   0x080001c0   0x0000000e   Code   RO         8072    i.__scatterload_copy  mc_w.l(handlers.o)
    0x080001ce   0x080001ce   0x00000002   Code   RO         8073    i.__scatterload_null  mc_w.l(handlers.o)
    0x080001d0   0x080001d0   0x0000000e   Code   RO         8074    i.__scatterload_zeroinit  mc_w.l(handlers.o)
    0x080001de   0x080001de   0x00000002   PAD
    0x080001e0   0x080001e0   0x00000020   Data   RO         8070    Region$$Table       anon$$obj.o


    Execution Region RW_IRAM3 (Exec base: 0x10000000, Load base: 0x080003d4, Size: 0x00000000, Max: 0x00010000, ABSOLUTE)

    **** No section assigned to this execution region ****


    Execution Region RW_IRAM1 (Exec base: 0x20000000, Load base: 0x08000200, Size: 0x00009e98, Max: 0x00020000, ABSOLUTE, COMPRESSED[0x000001d4])

    Exec Addr    Load Addr    Size         Type   Attr      Idx    E Section Name        Object

    0x20000000   COMPRESSED   0x00000028   Data   RW          269    .data               freertos.o
    0x20000028   COMPRESSED   0x00000004   Data   RW          878    .data               system_stm32f4xx.o
    0x2000002c   COMPRESSED   0x00000004   Data   RW         1024    .data               usart.o
    0x20000030   COMPRESSED   0x00000004   Data   RW         1025    .data               usart.o
    0x20000034   COMPRESSED   0x00000010   Data   RW         1120    .data               usbd_cdc_if.o
    0x20000044   COMPRESSED   0x0000001c   Data   RW         1392    .data               usbd_desc.o
    0x20000060   COMPRESSED   0x00000016   Data   RW         1393    .data               usbd_desc.o
    0x20000076   COMPRESSED   0x00000002   PAD
    0x20000078   COMPRESSED   0x00000430   Data   RW         1502    .data               low_level.o
    0x200004a8   COMPRESSED   0x00000014   Data   RW         1906    .data               commands.o
    0x200004bc   COMPRESSED   0x00000008   Data   RW         2093    .data               terminal.o
    0x200004c4   COMPRESSED   0x00000014   Data   RW         2152    .data               commands_pro.o
    0x200004d8   COMPRESSED   0x0000003c   Data   RW         2650    .data               tasks.o
    0x20000514   COMPRESSED   0x0000000c   Data   RW         2879    .data               port.o
    0x20000520   COMPRESSED   0x00000018   Data   RW         2953    .data               heap_4.o
    0x20000538   COMPRESSED   0x00000001   Data   RW         3509    .data               usbd_ctlreq.o
    0x20000539   COMPRESSED   0x00000003   PAD
    0x2000053c   COMPRESSED   0x000000db   Data   RW         3641    .data               usbd_cdc.o
    0x20000617   COMPRESSED   0x00000001   PAD
    0x20000618   COMPRESSED   0x00000038   Data   RW         3642    .data               usbd_cdc.o
    0x20000650   COMPRESSED   0x00000004   Data   RW         3987    .data               stm32f4xx_hal.o
    0x20000654   COMPRESSED   0x00000004   Data   RW         7674    .data               mc_w.l(strtok.o)
    0x20000658   COMPRESSED   0x00000004   Data   RW         8019    .data               mc_w.l(mvars.o)
    0x2000065c   COMPRESSED   0x00000004   Data   RW         8020    .data               mc_w.l(mvars.o)
    0x20000660        -       0x000000d8   Zero   RW           12    .bss                adc.o
    0x20000738        -       0x00000048   Zero   RW          189    .bss                can.o
    0x20000780        -       0x0000005c   Zero   RW          555    .bss                spi.o
    0x200007dc        -       0x00000040   Zero   RW          629    .bss                stm32f4xx_hal_timebase_tim.o
    0x2000081c        -       0x00000140   Zero   RW          925    .bss                tim.o
    0x2000095c        -       0x00000158   Zero   RW         1022    .bss                usart.o
    0x20000ab4        -       0x00000040   Zero   RW         1023    .bss                usart.o
    0x20000af4        -       0x00000224   Zero   RW         1074    .bss                usb_device.o
    0x20000d18        -       0x00000080   Zero   RW         1119    .bss                usbd_cdc_if.o
    0x20000d98        -       0x000003f4   Zero   RW         1219    .bss                usbd_conf.o
    0x2000118c        -       0x00000200   Zero   RW         1391    .bss                usbd_desc.o
    0x2000138c        -       0x00001040   Zero   RW         1853    .bss                packet.o
    0x200023cc        -       0x00000b20   Zero   RW         1904    .bss                commands.o
    0x20002eec        -       0x00000200   Zero   RW         2091    .bss                terminal.o
    0x200030ec        -       0x000007ff   Zero   RW         2151    .bss                commands_pro.o
    0x200038eb   COMPRESSED   0x00000001   PAD
    0x200038ec        -       0x000000f0   Zero   RW         2649    .bss                tasks.o
    0x200039dc        -       0x00003c00   Zero   RW         2952    .bss                heap_4.o
    0x200075dc        -       0x000010b8   Zero   RW         7422    .bss                segger_rtt.o
    0x20008694   COMPRESSED   0x00000004   PAD
    0x20008698        -       0x00000800   Zero   RW         2208    HEAP                startup_stm32f4xx.o
    0x20008e98        -       0x00001000   Zero   RW         2207    STACK               startup_stm32f4xx.o


    Execution Region RW_IRAM2 (Exec base: 0x20020000, Load base: 0x080003d4, Size: 0x00000000, Max: 0x00000001, ABSOLUTE)

    **** No section assigned to this execution region ****



  Load Region LR_IROM2 (Base: 0x08004000, Size: 0x00000000, Max: 0x00004000, ABSOLUTE)

    Execution Region ER_IROM2 (Exec base: 0x08004000, Load base: 0x08004000, Size: 0x00004000, Max: 0x00004000, ABSOLUTE)

    Exec Addr    Load Addr    Size         Type   Attr      Idx    E Section Name        Object

    0x08004000        -       0x00004000   Zero   RW            1    ER_IROM2.bss        anon$$obj.o



  Load Region LR_IROM3 (Base: 0x08008000, Size: 0x00000000, Max: 0x00004000, ABSOLUTE)

    Execution Region ER_IROM3 (Exec base: 0x08008000, Load base: 0x08008000, Size: 0x00004000, Max: 0x00004000, ABSOLUTE)

    Exec Addr    Load Addr    Size         Type   Attr      Idx    E Section Name        Object

    0x08008000        -       0x00004000   Zero   RW            2    ER_IROM3.bss        anon$$obj.o



  Load Region LR_IROM4 (Base: 0x0800c000, Size: 0x000104ac, Max: 0x000f4000, ABSOLUTE)

    Execution Region ER_IROM4 (Exec base: 0x0800c000, Load base: 0x0800c000, Size: 0x000104ac, Max: 0x000f4000, ABSOLUTE)

    Exec Addr    Load Addr    Size         Type   Attr      Idx    E Section Name        Object

    0x0800c000   0x0800c000   0x000000b6   Code   RO         2869    .emb_text           port.o
    0x0800c0b6   0x0800c0b6   0x00000002   PAD
    0x0800c0b8   0x0800c0b8   0x00000024   Code   RO         2210    .text               startup_stm32f4xx.o
    0x0800c0dc   0x0800c0dc   0x00000062   Code   RO         7663    .text               mc_w.l(uldiv.o)
    0x0800c13e   0x0800c13e   0x00000024   Code   RO         7665    .text               mc_w.l(memcpya.o)
    0x0800c162   0x0800c162   0x00000024   Code   RO         7667    .text               mc_w.l(memseta.o)
    0x0800c186   0x0800c186   0x0000000e   Code   RO         7669    .text               mc_w.l(strlen.o)
    0x0800c194   0x0800c194   0x0000001c   Code   RO         7671    .text               mc_w.l(strcmp.o)
    0x0800c1b0   0x0800c1b0   0x00000044   Code   RO         7673    .text               mc_w.l(strtok.o)
    0x0800c1f4   0x0800c1f4   0x00000038   Code   RO         7970    .text               mc_w.l(__0sscanf.o)
    0x0800c22c   0x0800c22c   0x0000014c   Code   RO         7972    .text               mc_w.l(_scanf_int.o)
    0x0800c378   0x0800c378   0x000000e0   Code   RO         7974    .text               mc_w.l(_scanf_str.o)
    0x0800c458   0x0800c458   0x00000360   Code   RO         7976    .text               mc_w.l(scanf_fp.o)
    0x0800c7b8   0x0800c7b8   0x00000026   Code   RO         7980    .text               mf_w.l(f2d.o)
    0x0800c7de   0x0800c7de   0x0000002c   Code   RO         8013    .text               mc_w.l(uidiv.o)
    0x0800c80a   0x0800c80a   0x0000001e   Code   RO         8015    .text               mc_w.l(llshl.o)
    0x0800c828   0x0800c828   0x00000020   Code   RO         8017    .text               mc_w.l(llushr.o)
    0x0800c848   0x0800c848   0x0000001c   Code   RO         8028    .text               mc_w.l(_chval.o)
    0x0800c864   0x0800c864   0x00000028   Code   RO         8030    .text               mc_w.l(scanf_char.o)
    0x0800c88c   0x0800c88c   0x00000040   Code   RO         8032    .text               mc_w.l(_sgetc.o)
    0x0800c8cc   0x0800c8cc   0x00000000   Code   RO         8034    .text               mc_w.l(iusefp.o)
    0x0800c8cc   0x0800c8cc   0x0000014e   Code   RO         8037    .text               mf_w.l(dadd.o)
    0x0800ca1a   0x0800ca1a   0x000000e4   Code   RO         8039    .text               mf_w.l(dmul.o)
    0x0800cafe   0x0800cafe   0x000000de   Code   RO         8041    .text               mf_w.l(ddiv.o)
    0x0800cbdc   0x0800cbdc   0x00000018   Code   RO         8043    .text               mf_w.l(dfltul.o)
    0x0800cbf4   0x0800cbf4   0x00000030   Code   RO         8045    .text               mf_w.l(dfixul.o)
    0x0800cc24   0x0800cc24   0x00000030   Code   RO         8047    .text               mf_w.l(cdrcmple.o)
    0x0800cc54   0x0800cc54   0x00000038   Code   RO         8049    .text               mf_w.l(d2f.o)
    0x0800cc8c   0x0800cc8c   0x00000024   Code   RO         8056    .text               mc_w.l(llsshr.o)
    0x0800ccb0   0x0800ccb0   0x0000000a   Code   RO         8058    .text               mc_w.l(isspace_c.o)
    0x0800ccba   0x0800ccba   0x00000002   PAD
    0x0800ccbc   0x0800ccbc   0x0000032c   Code   RO         8060    .text               mc_w.l(_scanf.o)
    0x0800cfe8   0x0800cfe8   0x0000006e   Code   RO         8063    .text               mf_w.l(fepilogue.o)
    0x0800d056   0x0800d056   0x000000ba   Code   RO         8065    .text               mf_w.l(depilogue.o)
    0x0800d110   0x0800d110   0x00000028   Code   RO         8067    .text               mc_w.l(ctype_c.o)
    0x0800d138   0x0800d138   0x00000056   Code   RO         8078    .text               mc_w.l(__dczerorl2.o)
    0x0800d18e   0x0800d18e   0x00000002   PAD
    0x0800d190   0x0800d190   0x00000034   Code   RO          670    i.ADC_IRQHandler    stm32f4xx_it.o
    0x0800d1c4   0x0800d1c4   0x00000054   Code   RO          671    i.ADC_IRQ_Dispatch  stm32f4xx_it.o
    0x0800d218   0x0800d218   0x00000002   Code   RO          672    i.BusFault_Handler  stm32f4xx_it.o
    0x0800d21a   0x0800d21a   0x00000004   Code   RO         1114    i.CDC_Control_FS    usbd_cdc_if.o
    0x0800d21e   0x0800d21e   0x00000004   Code   RO         1115    i.CDC_DeInit_FS     usbd_cdc_if.o
    0x0800d222   0x0800d222   0x00000002   PAD
    0x0800d224   0x0800d224   0x00000024   Code   RO         1116    i.CDC_Init_FS       usbd_cdc_if.o
    0x0800d248   0x0800d248   0x0000002c   Code   RO         1117    i.CDC_Receive_FS    usbd_cdc_if.o
    0x0800d274   0x0800d274   0x00000044   Code   RO         1118    i.CDC_Transmit_FS   usbd_cdc_if.o
    0x0800d2b8   0x0800d2b8   0x0000000c   Code   RO          673    i.DMA1_Stream2_IRQHandler  stm32f4xx_it.o
    0x0800d2c4   0x0800d2c4   0x0000000c   Code   RO          674    i.DMA1_Stream4_IRQHandler  stm32f4xx_it.o
    0x0800d2d0   0x0800d2d0   0x0000006a   Code   RO         3739    i.DRV8301_enable    drv8301.o
    0x0800d33a   0x0800d33a   0x00000030   Code   RO         3741    i.DRV8301_getFaultType  drv8301.o
    0x0800d36a   0x0800d36a   0x000000c2   Code   RO         3753    i.DRV8301_readData  drv8301.o
    0x0800d42c   0x0800d42c   0x00000090   Code   RO         3754    i.DRV8301_readSpi   drv8301.o
    0x0800d4bc   0x0800d4bc   0x00000084   Code   RO         1456    i.DRV8301_setup     low_level.o
    0x0800d540   0x0800d540   0x000000c2   Code   RO         3769    i.DRV8301_setupSpi  drv8301.o
    0x0800d602   0x0800d602   0x00000050   Code   RO         3770    i.DRV8301_writeData  drv8301.o
    0x0800d652   0x0800d652   0x00000048   Code   RO         3771    i.DRV8301_writeSpi  drv8301.o
    0x0800d69a   0x0800d69a   0x00000002   Code   RO          675    i.DebugMon_Handler  stm32f4xx_it.o
    0x0800d69c   0x0800d69c   0x00000006   Code   RO          676    i.EXTI0_IRQHandler  stm32f4xx_it.o
    0x0800d6a2   0x0800d6a2   0x00000006   Code   RO          677    i.EXTI2_IRQHandler  stm32f4xx_it.o
    0x0800d6a8   0x0800d6a8   0x00000006   Code   RO          678    i.EXTI4_IRQHandler  stm32f4xx_it.o
    0x0800d6ae   0x0800d6ae   0x00000002   PAD
    0x0800d6b0   0x0800d6b0   0x000001b0   Code   RO         1457    i.FOC_current       low_level.o
    0x0800d860   0x0800d860   0x000001e8   Code   RO         4294    i.HAL_ADCEx_InjectedConfigChannel  stm32f4xx_hal_adc_ex.o
    0x0800da48   0x0800da48   0x00000040   Code   RO         4296    i.HAL_ADCEx_InjectedGetValue  stm32f4xx_hal_adc_ex.o
    0x0800da88   0x0800da88   0x00000164   Code   RO         4126    i.HAL_ADC_ConfigChannel  stm32f4xx_hal_adc.o
    0x0800dbec   0x0800dbec   0x00000006   Code   RO         4133    i.HAL_ADC_GetValue  stm32f4xx_hal_adc.o
    0x0800dbf2   0x0800dbf2   0x00000002   PAD
    0x0800dbf4   0x0800dbf4   0x0000017c   Code   RO         4135    i.HAL_ADC_Init      stm32f4xx_hal_adc.o
    0x0800dd70   0x0800dd70   0x000000f4   Code   RO            7    i.HAL_ADC_MspInit   adc.o
    0x0800de64   0x0800de64   0x00000154   Code   RO         4407    i.HAL_CAN_Init      stm32f4xx_hal_can.o
    0x0800dfb8   0x0800dfb8   0x00000050   Code   RO          187    i.HAL_CAN_MspInit   can.o
    0x0800e008   0x0800e008   0x0000009a   Code   RO         4663    i.HAL_DMA_Abort     stm32f4xx_hal_dma.o
    0x0800e0a2   0x0800e0a2   0x00000020   Code   RO         4664    i.HAL_DMA_Abort_IT  stm32f4xx_hal_dma.o
    0x0800e0c2   0x0800e0c2   0x00000002   PAD
    0x0800e0c4   0x0800e0c4   0x000001dc   Code   RO         4668    i.HAL_DMA_IRQHandler  stm32f4xx_hal_dma.o
    0x0800e2a0   0x0800e2a0   0x00000150   Code   RO         4669    i.HAL_DMA_Init      stm32f4xx_hal_dma.o
    0x0800e3f0   0x0800e3f0   0x000000a6   Code   RO         4673    i.HAL_DMA_Start_IT  stm32f4xx_hal_dma.o
    0x0800e496   0x0800e496   0x0000001e   Code   RO         3972    i.HAL_Delay         stm32f4xx_hal.o
    0x0800e4b4   0x0800e4b4   0x00000018   Code   RO          387    i.HAL_GPIO_EXTI_Callback  gpio.o
    0x0800e4cc   0x0800e4cc   0x00000018   Code   RO         4981    i.HAL_GPIO_EXTI_IRQHandler  stm32f4xx_hal_gpio.o
    0x0800e4e4   0x0800e4e4   0x00000224   Code   RO         4982    i.HAL_GPIO_Init     stm32f4xx_hal_gpio.o
    0x0800e708   0x0800e708   0x0000000a   Code   RO         4984    i.HAL_GPIO_ReadPin  stm32f4xx_hal_gpio.o
    0x0800e712   0x0800e712   0x0000000a   Code   RO         4986    i.HAL_GPIO_WritePin  stm32f4xx_hal_gpio.o
    0x0800e71c   0x0800e71c   0x0000000c   Code   RO         3978    i.HAL_GetTick       stm32f4xx_hal.o
    0x0800e728   0x0800e728   0x00000010   Code   RO         3980    i.HAL_IncTick       stm32f4xx_hal.o
    0x0800e738   0x0800e738   0x00000034   Code   RO         3981    i.HAL_Init          stm32f4xx_hal.o
    0x0800e76c   0x0800e76c   0x00000074   Code   RO          626    i.HAL_InitTick      stm32f4xx_hal_timebase_tim.o
    0x0800e7e0   0x0800e7e0   0x00000058   Code   RO          598    i.HAL_MspInit       stm32f4xx_hal_msp.o
    0x0800e838   0x0800e838   0x00000018   Code   RO         4533    i.HAL_NVIC_DisableIRQ  stm32f4xx_hal_cortex.o
    0x0800e850   0x0800e850   0x00000018   Code   RO         4534    i.HAL_NVIC_EnableIRQ  stm32f4xx_hal_cortex.o
    0x0800e868   0x0800e868   0x00000064   Code   RO         4540    i.HAL_NVIC_SetPriority  stm32f4xx_hal_cortex.o
    0x0800e8cc   0x0800e8cc   0x00000024   Code   RO         4541    i.HAL_NVIC_SetPriorityGrouping  stm32f4xx_hal_cortex.o
    0x0800e8f0   0x0800e8f0   0x00000008   Code   RO         5263    i.HAL_PCDEx_SetRxFiFo  stm32f4xx_hal_pcd_ex.o
    0x0800e8f8   0x0800e8f8   0x0000004e   Code   RO         5264    i.HAL_PCDEx_SetTxFiFo  stm32f4xx_hal_pcd_ex.o
    0x0800e946   0x0800e946   0x00000008   Code   RO         1191    i.HAL_PCD_ConnectCallback  usbd_conf.o
    0x0800e94e   0x0800e94e   0x00000012   Code   RO         1192    i.HAL_PCD_DataInStageCallback  usbd_conf.o
    0x0800e960   0x0800e960   0x00000014   Code   RO         1193    i.HAL_PCD_DataOutStageCallback  usbd_conf.o
    0x0800e974   0x0800e974   0x00000008   Code   RO         1194    i.HAL_PCD_DisconnectCallback  usbd_conf.o
    0x0800e97c   0x0800e97c   0x00000044   Code   RO         5058    i.HAL_PCD_EP_Close  stm32f4xx_hal_pcd.o
    0x0800e9c0   0x0800e9c0   0x0000004e   Code   RO         5059    i.HAL_PCD_EP_ClrStall  stm32f4xx_hal_pcd.o
    0x0800ea0e   0x0800ea0e   0x00000014   Code   RO         5061    i.HAL_PCD_EP_GetRxCount  stm32f4xx_hal_pcd.o
    0x0800ea22   0x0800ea22   0x00000058   Code   RO         5062    i.HAL_PCD_EP_Open   stm32f4xx_hal_pcd.o
    0x0800ea7a   0x0800ea7a   0x0000004a   Code   RO         5063    i.HAL_PCD_EP_Receive  stm32f4xx_hal_pcd.o
    0x0800eac4   0x0800eac4   0x0000005e   Code   RO         5064    i.HAL_PCD_EP_SetStall  stm32f4xx_hal_pcd.o
    0x0800eb22   0x0800eb22   0x00000042   Code   RO         5065    i.HAL_PCD_EP_Transmit  stm32f4xx_hal_pcd.o
    0x0800eb64   0x0800eb64   0x000005e4   Code   RO         5067    i.HAL_PCD_IRQHandler  stm32f4xx_hal_pcd.o
    0x0800f148   0x0800f148   0x00000008   Code   RO         1195    i.HAL_PCD_ISOINIncompleteCallback  usbd_conf.o
    0x0800f150   0x0800f150   0x00000008   Code   RO         1196    i.HAL_PCD_ISOOUTIncompleteCallback  usbd_conf.o
    0x0800f158   0x0800f158   0x000000d6   Code   RO         5070    i.HAL_PCD_Init      stm32f4xx_hal_pcd.o
    0x0800f22e   0x0800f22e   0x00000002   PAD
    0x0800f230   0x0800f230   0x0000006c   Code   RO         1198    i.HAL_PCD_MspInit   usbd_conf.o
    0x0800f29c   0x0800f29c   0x00000022   Code   RO         1199    i.HAL_PCD_ResetCallback  usbd_conf.o
    0x0800f2be   0x0800f2be   0x00000008   Code   RO         1200    i.HAL_PCD_ResumeCallback  usbd_conf.o
    0x0800f2c6   0x0800f2c6   0x00000008   Code   RO         1201    i.HAL_PCD_SOFCallback  usbd_conf.o
    0x0800f2ce   0x0800f2ce   0x00000024   Code   RO         5076    i.HAL_PCD_SetAddress  stm32f4xx_hal_pcd.o
    0x0800f2f2   0x0800f2f2   0x0000000e   Code   RO         1202    i.HAL_PCD_SetupStageCallback  usbd_conf.o
    0x0800f300   0x0800f300   0x0000002a   Code   RO         5078    i.HAL_PCD_Start     stm32f4xx_hal_pcd.o
    0x0800f32a   0x0800f32a   0x00000002   PAD
    0x0800f32c   0x0800f32c   0x00000034   Code   RO         1203    i.HAL_PCD_SuspendCallback  usbd_conf.o
    0x0800f360   0x0800f360   0x000001c4   Code   RO         5480    i.HAL_RCC_ClockConfig  stm32f4xx_hal_rcc.o
    0x0800f524   0x0800f524   0x00000040   Code   RO         5484    i.HAL_RCC_GetClockConfig  stm32f4xx_hal_rcc.o
    0x0800f564   0x0800f564   0x0000000c   Code   RO         5485    i.HAL_RCC_GetHCLKFreq  stm32f4xx_hal_rcc.o
    0x0800f570   0x0800f570   0x00000030   Code   RO         5487    i.HAL_RCC_GetPCLK1Freq  stm32f4xx_hal_rcc.o
    0x0800f5a0   0x0800f5a0   0x00000030   Code   RO         5488    i.HAL_RCC_GetPCLK2Freq  stm32f4xx_hal_rcc.o
    0x0800f5d0   0x0800f5d0   0x00000090   Code   RO         5489    i.HAL_RCC_GetSysClockFreq  stm32f4xx_hal_rcc.o
    0x0800f660   0x0800f660   0x000003cc   Code   RO         5492    i.HAL_RCC_OscConfig  stm32f4xx_hal_rcc.o
    0x0800fa2c   0x0800fa2c   0x00000078   Code   RO         5642    i.HAL_SPI_Init      stm32f4xx_hal_spi.o
    0x0800faa4   0x0800faa4   0x00000050   Code   RO          553    i.HAL_SPI_MspInit   spi.o
    0x0800faf4   0x0800faf4   0x0000018a   Code   RO         5650    i.HAL_SPI_Transmit  stm32f4xx_hal_spi.o
    0x0800fc7e   0x0800fc7e   0x000001ec   Code   RO         5651    i.HAL_SPI_TransmitReceive  stm32f4xx_hal_spi.o
    0x0800fe6a   0x0800fe6a   0x00000016   Code   RO         4543    i.HAL_SYSTICK_CLKSourceConfig  stm32f4xx_hal_cortex.o
    0x0800fe80   0x0800fe80   0x0000002c   Code   RO         4545    i.HAL_SYSTICK_Config  stm32f4xx_hal_cortex.o
    0x0800feac   0x0800feac   0x00000002   Code   RO         6550    i.HAL_TIMEx_BreakCallback  stm32f4xx_hal_tim_ex.o
    0x0800feae   0x0800feae   0x00000002   Code   RO         6551    i.HAL_TIMEx_CommutationCallback  stm32f4xx_hal_tim_ex.o
    0x0800feb0   0x0800feb0   0x00000066   Code   RO         6552    i.HAL_TIMEx_ConfigBreakDeadTime  stm32f4xx_hal_tim_ex.o
    0x0800ff16   0x0800ff16   0x0000005a   Code   RO         6567    i.HAL_TIMEx_MasterConfigSynchronization  stm32f4xx_hal_tim_ex.o
    0x0800ff70   0x0800ff70   0x00000024   Code   RO         6578    i.HAL_TIMEx_PWMN_Start  stm32f4xx_hal_tim_ex.o
    0x0800ff94   0x0800ff94   0x0000002e   Code   RO         5954    i.HAL_TIM_Base_Init  stm32f4xx_hal_tim.o
    0x0800ffc2   0x0800ffc2   0x00000002   PAD
    0x0800ffc4   0x0800ffc4   0x0000002c   Code   RO          913    i.HAL_TIM_Base_MspInit  tim.o
    0x0800fff0   0x0800fff0   0x00000018   Code   RO         5959    i.HAL_TIM_Base_Start_IT  stm32f4xx_hal_tim.o
    0x08010008   0x08010008   0x000001ae   Code   RO         5963    i.HAL_TIM_ConfigClockSource  stm32f4xx_hal_tim.o
    0x080101b6   0x080101b6   0x000000a4   Code   RO         5972    i.HAL_TIM_Encoder_Init  stm32f4xx_hal_tim.o
    0x0801025a   0x0801025a   0x00000002   PAD
    0x0801025c   0x0801025c   0x0000007c   Code   RO          915    i.HAL_TIM_Encoder_MspInit  tim.o
    0x080102d8   0x080102d8   0x0000003a   Code   RO         5975    i.HAL_TIM_Encoder_Start  stm32f4xx_hal_tim.o
    0x08010312   0x08010312   0x00000002   Code   RO         5983    i.HAL_TIM_IC_CaptureCallback  stm32f4xx_hal_tim.o
    0x08010314   0x08010314   0x0000016c   Code   RO         5996    i.HAL_TIM_IRQHandler  stm32f4xx_hal_tim.o
    0x08010480   0x08010480   0x000000d4   Code   RO          916    i.HAL_TIM_MspPostInit  tim.o
    0x08010554   0x08010554   0x000000f8   Code   RO         5997    i.HAL_TIM_OC_ConfigChannel  stm32f4xx_hal_tim.o
    0x0801064c   0x0801064c   0x00000002   Code   RO         5999    i.HAL_TIM_OC_DelayElapsedCallback  stm32f4xx_hal_tim.o
    0x0801064e   0x0801064e   0x0000002e   Code   RO         6001    i.HAL_TIM_OC_Init   stm32f4xx_hal_tim.o
    0x0801067c   0x0801067c   0x00000002   Code   RO         6003    i.HAL_TIM_OC_MspInit  stm32f4xx_hal_tim.o
    0x0801067e   0x0801067e   0x00000002   PAD
    0x08010680   0x08010680   0x00000178   Code   RO         6020    i.HAL_TIM_PWM_ConfigChannel  stm32f4xx_hal_tim.o
    0x080107f8   0x080107f8   0x0000002e   Code   RO         6023    i.HAL_TIM_PWM_Init  stm32f4xx_hal_tim.o
    0x08010826   0x08010826   0x00000002   PAD
    0x08010828   0x08010828   0x00000058   Code   RO          918    i.HAL_TIM_PWM_MspInit  tim.o
    0x08010880   0x08010880   0x00000002   Code   RO         6026    i.HAL_TIM_PWM_PulseFinishedCallback  stm32f4xx_hal_tim.o
    0x08010882   0x08010882   0x00000038   Code   RO         6027    i.HAL_TIM_PWM_Start  stm32f4xx_hal_tim.o
    0x080108ba   0x080108ba   0x0000006c   Code   RO         6029    i.HAL_TIM_PWM_Start_IT  stm32f4xx_hal_tim.o
    0x08010926   0x08010926   0x00000012   Code   RO          456    i.HAL_TIM_PeriodElapsedCallback  main.o
    0x08010938   0x08010938   0x00000002   Code   RO         6037    i.HAL_TIM_TriggerCallback  stm32f4xx_hal_tim.o
    0x0801093a   0x0801093a   0x00000044   Code   RO         6803    i.HAL_UART_AbortReceive  stm32f4xx_hal_uart.o
    0x0801097e   0x0801097e   0x00000002   Code   RO         6814    i.HAL_UART_ErrorCallback  stm32f4xx_hal_uart.o
    0x08010980   0x08010980   0x00000198   Code   RO         6817    i.HAL_UART_IRQHandler  stm32f4xx_hal_uart.o
    0x08010b18   0x08010b18   0x00000058   Code   RO         6818    i.HAL_UART_Init     stm32f4xx_hal_uart.o
    0x08010b70   0x08010b70   0x0000013c   Code   RO         1019    i.HAL_UART_MspInit  usart.o
    0x08010cac   0x08010cac   0x00000090   Code   RO         6822    i.HAL_UART_Receive_DMA  stm32f4xx_hal_uart.o
    0x08010d3c   0x08010d3c   0x00000002   Code   RO         6824    i.HAL_UART_RxCpltCallback  stm32f4xx_hal_uart.o
    0x08010d3e   0x08010d3e   0x00000002   Code   RO         6825    i.HAL_UART_RxHalfCpltCallback  stm32f4xx_hal_uart.o
    0x08010d40   0x08010d40   0x000000ba   Code   RO         6826    i.HAL_UART_Transmit  stm32f4xx_hal_uart.o
    0x08010dfa   0x08010dfa   0x00000002   PAD
    0x08010dfc   0x08010dfc   0x00000084   Code   RO         6827    i.HAL_UART_Transmit_DMA  stm32f4xx_hal_uart.o
    0x08010e80   0x08010e80   0x0000000c   Code   RO          818    i.HAL_UART_TxCpltCallback  syscalls.o
    0x08010e8c   0x08010e8c   0x00000002   Code   RO         6830    i.HAL_UART_TxHalfCpltCallback  stm32f4xx_hal_uart.o
    0x08010e8e   0x08010e8e   0x00000002   Code   RO          679    i.HardFault_Handler  stm32f4xx_it.o
    0x08010e90   0x08010e90   0x000000a0   Code   RO            8    i.MX_ADC1_Init      adc.o
    0x08010f30   0x08010f30   0x000000a4   Code   RO            9    i.MX_ADC2_Init      adc.o
    0x08010fd4   0x08010fd4   0x000000a4   Code   RO           10    i.MX_ADC3_Init      adc.o
    0x08011078   0x08011078   0x00000050   Code   RO          188    i.MX_CAN1_Init      can.o
    0x080110c8   0x080110c8   0x0000003c   Code   RO          232    i.MX_DMA_Init       dma.o
    0x08011104   0x08011104   0x00000068   Code   RO          263    i.MX_FREERTOS_Init  freertos.o
    0x0801116c   0x0801116c   0x0000011c   Code   RO          388    i.MX_GPIO_Init      gpio.o
    0x08011288   0x08011288   0x00000060   Code   RO          554    i.MX_SPI3_Init      spi.o
    0x080112e8   0x080112e8   0x0000012c   Code   RO          919    i.MX_TIM1_Init      tim.o
    0x08011414   0x08011414   0x0000009c   Code   RO          920    i.MX_TIM2_Init      tim.o
    0x080114b0   0x080114b0   0x0000007c   Code   RO          921    i.MX_TIM3_Init      tim.o
    0x0801152c   0x0801152c   0x00000080   Code   RO          922    i.MX_TIM4_Init      tim.o
    0x080115ac   0x080115ac   0x000000e8   Code   RO          923    i.MX_TIM8_Init      tim.o
    0x08011694   0x08011694   0x0000004c   Code   RO         1020    i.MX_UART4_Init     usart.o
    0x080116e0   0x080116e0   0x00000064   Code   RO         1021    i.MX_USART2_Init    usart.o
    0x08011744   0x08011744   0x00000038   Code   RO         1073    i.MX_USB_DEVICE_Init  usb_device.o
    0x0801177c   0x0801177c   0x00000002   Code   RO          680    i.MemManage_Handler  stm32f4xx_it.o
    0x0801177e   0x0801177e   0x00000002   Code   RO          681    i.NMI_Handler       stm32f4xx_it.o
    0x08011780   0x08011780   0x00000024   Code   RO          924    i.OC4_PWM_Override  tim.o
    0x080117a4   0x080117a4   0x00000018   Code   RO          682    i.OTG_FS_IRQHandler  stm32f4xx_it.o
    0x080117bc   0x080117bc   0x00000084   Code   RO         7411    i.SEGGER_RTT_Write  segger_rtt.o
    0x08011840   0x08011840   0x00000016   Code   RO         7607    i.SEGGER_RTT_printf  segger_rtt_printf.o
    0x08011856   0x08011856   0x00000276   Code   RO         7608    i.SEGGER_RTT_vprintf  segger_rtt_printf.o
    0x08011acc   0x08011acc   0x00000022   Code   RO         5666    i.SPI_CheckFlag_BSY  stm32f4xx_hal_spi.o
    0x08011aee   0x08011aee   0x000000a0   Code   RO         5684    i.SPI_WaitFlagStateUntilTimeout  stm32f4xx_hal_spi.o
    0x08011b8e   0x08011b8e   0x00000002   PAD
    0x08011b90   0x08011b90   0x000001dc   Code   RO         1764    i.SVM               utils.o
    0x08011d6c   0x08011d6c   0x00000044   Code   RO          390    i.SetGPIO12toUART   gpio.o
    0x08011db0   0x08011db0   0x00000048   Code   RO          391    i.SetupENCIndexGPIO  gpio.o
    0x08011df8   0x08011df8   0x000000b8   Code   RO          264    i.StartDefaultTask  freertos.o
    0x08011eb0   0x08011eb0   0x00000004   Code   RO          683    i.SysTick_Handler   stm32f4xx_it.o
    0x08011eb4   0x08011eb4   0x000000a0   Code   RO          457    i.SystemClock_Config  main.o
    0x08011f54   0x08011f54   0x00000058   Code   RO          875    i.SystemInit        system_stm32f4xx.o
    0x08011fac   0x08011fac   0x0000001c   Code   RO          684    i.TIM8_TRG_COM_TIM14_IRQHandler  stm32f4xx_it.o
    0x08011fc8   0x08011fc8   0x000000c8   Code   RO         6038    i.TIM_Base_SetConfig  stm32f4xx_hal_tim.o
    0x08012090   0x08012090   0x0000001a   Code   RO         6039    i.TIM_CCxChannelCmd  stm32f4xx_hal_tim.o
    0x080120aa   0x080120aa   0x0000001a   Code   RO         6586    i.TIM_CCxNChannelCmd  stm32f4xx_hal_tim_ex.o
    0x080120c4   0x080120c4   0x00000060   Code   RO         6045    i.TIM_OC1_SetConfig  stm32f4xx_hal_tim.o
    0x08012124   0x08012124   0x00000068   Code   RO         6046    i.TIM_OC2_SetConfig  stm32f4xx_hal_tim.o
    0x0801218c   0x0801218c   0x0000000c   Code   RO          685    i.UART4_IRQHandler  stm32f4xx_it.o
    0x08012198   0x08012198   0x00000010   Code   RO         6831    i.UART_DMAAbortOnError  stm32f4xx_hal_uart.o
    0x080121a8   0x080121a8   0x00000060   Code   RO         6832    i.UART_DMAError     stm32f4xx_hal_uart.o
    0x08012208   0x08012208   0x0000003c   Code   RO         6833    i.UART_DMAReceiveCplt  stm32f4xx_hal_uart.o
    0x08012244   0x08012244   0x0000000a   Code   RO         6835    i.UART_DMARxHalfCplt  stm32f4xx_hal_uart.o
    0x0801224e   0x0801224e   0x00000030   Code   RO         6837    i.UART_DMATransmitCplt  stm32f4xx_hal_uart.o
    0x0801227e   0x0801227e   0x0000000a   Code   RO         6839    i.UART_DMATxHalfCplt  stm32f4xx_hal_uart.o
    0x08012288   0x08012288   0x00000086   Code   RO         6841    i.UART_Receive_IT   stm32f4xx_hal_uart.o
    0x0801230e   0x0801230e   0x00000002   PAD
    0x08012310   0x08012310   0x00000340   Code   RO         6842    i.UART_SetConfig    stm32f4xx_hal_uart.o
    0x08012650   0x08012650   0x0000006e   Code   RO         6843    i.UART_WaitOnFlagUntilTimeout  stm32f4xx_hal_uart.o
    0x080126be   0x080126be   0x00000002   PAD
    0x080126c0   0x080126c0   0x00000050   Code   RO          686    i.USART2_IRQHandler  stm32f4xx_it.o
    0x08012710   0x08012710   0x00000024   Code   RO         3626    i.USBD_CDC_DataIn   usbd_cdc.o
    0x08012734   0x08012734   0x00000030   Code   RO         3627    i.USBD_CDC_DataOut  usbd_cdc.o
    0x08012764   0x08012764   0x0000003c   Code   RO         3628    i.USBD_CDC_DeInit   usbd_cdc.o
    0x080127a0   0x080127a0   0x00000026   Code   RO         3629    i.USBD_CDC_EP0_RxReady  usbd_cdc.o
    0x080127c6   0x080127c6   0x00000002   PAD
    0x080127c8   0x080127c8   0x0000000c   Code   RO         3630    i.USBD_CDC_GetDeviceQualifierDescriptor  usbd_cdc.o
    0x080127d4   0x080127d4   0x0000000c   Code   RO         3631    i.USBD_CDC_GetFSCfgDesc  usbd_cdc.o
    0x080127e0   0x080127e0   0x0000000c   Code   RO         3632    i.USBD_CDC_GetHSCfgDesc  usbd_cdc.o
    0x080127ec   0x080127ec   0x0000000c   Code   RO         3633    i.USBD_CDC_GetOtherSpeedCfgDesc  usbd_cdc.o
    0x080127f8   0x080127f8   0x0000009a   Code   RO         3634    i.USBD_CDC_Init     usbd_cdc.o
    0x08012892   0x08012892   0x00000030   Code   RO         3635    i.USBD_CDC_ReceivePacket  usbd_cdc.o
    0x080128c2   0x080128c2   0x00000010   Code   RO         3636    i.USBD_CDC_RegisterInterface  usbd_cdc.o
    0x080128d2   0x080128d2   0x0000000c   Code   RO         3637    i.USBD_CDC_SetRxBuffer  usbd_cdc.o
    0x080128de   0x080128de   0x00000010   Code   RO         3638    i.USBD_CDC_SetTxBuffer  usbd_cdc.o
    0x080128ee   0x080128ee   0x00000002   PAD
    0x080128f0   0x080128f0   0x00000078   Code   RO         3639    i.USBD_CDC_Setup    usbd_cdc.o
    0x08012968   0x08012968   0x00000034   Code   RO         3640    i.USBD_CDC_TransmitPacket  usbd_cdc.o
    0x0801299c   0x0801299c   0x0000000e   Code   RO         3361    i.USBD_ClrClassConfig  usbd_core.o
    0x080129aa   0x080129aa   0x00000010   Code   RO         3562    i.USBD_CtlContinueRx  usbd_ioreq.o
    0x080129ba   0x080129ba   0x00000010   Code   RO         3563    i.USBD_CtlContinueSendData  usbd_ioreq.o
    0x080129ca   0x080129ca   0x0000001e   Code   RO         3564    i.USBD_CtlPrepareRx  usbd_ioreq.o
    0x080129e8   0x080129e8   0x00000016   Code   RO         3565    i.USBD_CtlReceiveStatus  usbd_ioreq.o
    0x080129fe   0x080129fe   0x0000001a   Code   RO         3566    i.USBD_CtlSendData  usbd_ioreq.o
    0x08012a18   0x08012a18   0x00000016   Code   RO         3567    i.USBD_CtlSendStatus  usbd_ioreq.o
    0x08012a2e   0x08012a2e   0x00000002   PAD
    0x08012a30   0x08012a30   0x00000020   Code   RO         1384    i.USBD_FS_ConfigStrDescriptor  usbd_desc.o
    0x08012a50   0x08012a50   0x0000000c   Code   RO         1385    i.USBD_FS_DeviceDescriptor  usbd_desc.o
    0x08012a5c   0x08012a5c   0x00000024   Code   RO         1386    i.USBD_FS_InterfaceStrDescriptor  usbd_desc.o
    0x08012a80   0x08012a80   0x0000000c   Code   RO         1387    i.USBD_FS_LangIDStrDescriptor  usbd_desc.o
    0x08012a8c   0x08012a8c   0x0000001c   Code   RO         1388    i.USBD_FS_ManufacturerStrDescriptor  usbd_desc.o
    0x08012aa8   0x08012aa8   0x00000020   Code   RO         1389    i.USBD_FS_ProductStrDescriptor  usbd_desc.o
    0x08012ac8   0x08012ac8   0x00000024   Code   RO         1390    i.USBD_FS_SerialStrDescriptor  usbd_desc.o
    0x08012aec   0x08012aec   0x00000064   Code   RO         3504    i.USBD_GetString    usbd_ctlreq.o
    0x08012b50   0x08012b50   0x00000030   Code   RO         3363    i.USBD_Init         usbd_core.o
    0x08012b80   0x08012b80   0x00000020   Code   RO         1204    i.USBD_LL_ClearStallEP  usbd_conf.o
    0x08012ba0   0x08012ba0   0x00000020   Code   RO         1205    i.USBD_LL_CloseEP   usbd_conf.o
    0x08012bc0   0x08012bc0   0x000000b0   Code   RO         3364    i.USBD_LL_DataInStage  usbd_core.o
    0x08012c70   0x08012c70   0x0000006a   Code   RO         3365    i.USBD_LL_DataOutStage  usbd_core.o
    0x08012cda   0x08012cda   0x00000004   Code   RO         3366    i.USBD_LL_DevConnected  usbd_core.o
    0x08012cde   0x08012cde   0x00000016   Code   RO         3367    i.USBD_LL_DevDisconnected  usbd_core.o
    0x08012cf4   0x08012cf4   0x00000008   Code   RO         1209    i.USBD_LL_GetRxDataSize  usbd_conf.o
    0x08012cfc   0x08012cfc   0x0000007c   Code   RO         1210    i.USBD_LL_Init      usbd_conf.o
    0x08012d78   0x08012d78   0x00000020   Code   RO         1211    i.USBD_LL_IsStallEP  usbd_conf.o
    0x08012d98   0x08012d98   0x00000004   Code   RO         3368    i.USBD_LL_IsoINIncomplete  usbd_core.o
    0x08012d9c   0x08012d9c   0x00000004   Code   RO         3369    i.USBD_LL_IsoOUTIncomplete  usbd_core.o
    0x08012da0   0x08012da0   0x00000026   Code   RO         1212    i.USBD_LL_OpenEP    usbd_conf.o
    0x08012dc6   0x08012dc6   0x00000020   Code   RO         1213    i.USBD_LL_PrepareReceive  usbd_conf.o
    0x08012de6   0x08012de6   0x0000003e   Code   RO         3370    i.USBD_LL_Reset     usbd_core.o
    0x08012e24   0x08012e24   0x0000000c   Code   RO         3371    i.USBD_LL_Resume    usbd_core.o
    0x08012e30   0x08012e30   0x0000001a   Code   RO         3372    i.USBD_LL_SOF       usbd_core.o
    0x08012e4a   0x08012e4a   0x00000006   Code   RO         3373    i.USBD_LL_SetSpeed  usbd_core.o
    0x08012e50   0x08012e50   0x00000020   Code   RO         1214    i.USBD_LL_SetUSBAddress  usbd_conf.o
    0x08012e70   0x08012e70   0x0000005e   Code   RO         3374    i.USBD_LL_SetupStage  usbd_core.o
    0x08012ece   0x08012ece   0x00000020   Code   RO         1215    i.USBD_LL_StallEP   usbd_conf.o
    0x08012eee   0x08012eee   0x00000020   Code   RO         1216    i.USBD_LL_Start     usbd_conf.o
    0x08012f0e   0x08012f0e   0x00000012   Code   RO         3375    i.USBD_LL_Suspend   usbd_core.o
    0x08012f20   0x08012f20   0x00000020   Code   RO         1218    i.USBD_LL_Transmit  usbd_conf.o
    0x08012f40   0x08012f40   0x00000028   Code   RO         3505    i.USBD_ParseSetupRequest  usbd_ctlreq.o
    0x08012f68   0x08012f68   0x00000010   Code   RO         3376    i.USBD_RegisterClass  usbd_core.o
    0x08012f78   0x08012f78   0x00000018   Code   RO         3378    i.USBD_SetClassConfig  usbd_core.o
    0x08012f90   0x08012f90   0x0000000a   Code   RO         3379    i.USBD_Start        usbd_core.o
    0x08012f9a   0x08012f9a   0x00000002   PAD
    0x08012f9c   0x08012f9c   0x00000290   Code   RO         3506    i.USBD_StdDevReq    usbd_ctlreq.o
    0x0801322c   0x0801322c   0x0000010a   Code   RO         3507    i.USBD_StdEPReq     usbd_ctlreq.o
    0x08013336   0x08013336   0x00000040   Code   RO         3508    i.USBD_StdItfReq    usbd_ctlreq.o
    0x08013376   0x08013376   0x00000002   PAD
    0x08013378   0x08013378   0x00000090   Code   RO         7109    i.USB_ActivateEndpoint  stm32f4xx_ll_usb.o
    0x08013408   0x08013408   0x00000034   Code   RO         7110    i.USB_ActivateSetup  stm32f4xx_ll_usb.o
    0x0801343c   0x0801343c   0x000000d4   Code   RO         7112    i.USB_CoreInit      stm32f4xx_ll_usb.o
    0x08013510   0x08013510   0x000000cc   Code   RO         7114    i.USB_DeactivateEndpoint  stm32f4xx_ll_usb.o
    0x080135dc   0x080135dc   0x00000018   Code   RO         7115    i.USB_DevConnect    stm32f4xx_ll_usb.o
    0x080135f4   0x080135f4   0x00000018   Code   RO         7116    i.USB_DevDisconnect  stm32f4xx_ll_usb.o
    0x0801360c   0x0801360c   0x00000158   Code   RO         7117    i.USB_DevInit       stm32f4xx_ll_usb.o
    0x08013764   0x08013764   0x0000000c   Code   RO         7118    i.USB_DisableGlobalInt  stm32f4xx_ll_usb.o
    0x08013770   0x08013770   0x00000152   Code   RO         7121    i.USB_EP0StartXfer  stm32f4xx_ll_usb.o
    0x080138c2   0x080138c2   0x0000003e   Code   RO         7122    i.USB_EP0_OutStart  stm32f4xx_ll_usb.o
    0x08013900   0x08013900   0x00000066   Code   RO         7123    i.USB_EPClearStall  stm32f4xx_ll_usb.o
    0x08013966   0x08013966   0x00000064   Code   RO         7124    i.USB_EPSetStall    stm32f4xx_ll_usb.o
    0x080139ca   0x080139ca   0x0000025e   Code   RO         7125    i.USB_EPStartXfer   stm32f4xx_ll_usb.o
    0x08013c28   0x08013c28   0x0000000c   Code   RO         7126    i.USB_EnableGlobalInt  stm32f4xx_ll_usb.o
    0x08013c34   0x08013c34   0x00000028   Code   RO         7128    i.USB_FlushTxFifo   stm32f4xx_ll_usb.o
    0x08013c5c   0x08013c5c   0x0000003a   Code   RO         7130    i.USB_GetDevSpeed   stm32f4xx_ll_usb.o
    0x08013c96   0x08013c96   0x00000008   Code   RO         7132    i.USB_GetMode       stm32f4xx_ll_usb.o
    0x08013c9e   0x08013c9e   0x0000000e   Code   RO         7139    i.USB_ReadDevAllInEpInterrupt  stm32f4xx_ll_usb.o
    0x08013cac   0x08013cac   0x0000000e   Code   RO         7140    i.USB_ReadDevAllOutEpInterrupt  stm32f4xx_ll_usb.o
    0x08013cba   0x08013cba   0x0000001e   Code   RO         7141    i.USB_ReadDevInEPInterrupt  stm32f4xx_ll_usb.o
    0x08013cd8   0x08013cd8   0x00000010   Code   RO         7142    i.USB_ReadDevOutEPInterrupt  stm32f4xx_ll_usb.o
    0x08013ce8   0x08013ce8   0x00000008   Code   RO         7143    i.USB_ReadInterrupts  stm32f4xx_ll_usb.o
    0x08013cf0   0x08013cf0   0x00000022   Code   RO         7144    i.USB_ReadPacket    stm32f4xx_ll_usb.o
    0x08013d12   0x08013d12   0x0000002e   Code   RO         7146    i.USB_SetCurrentMode  stm32f4xx_ll_usb.o
    0x08013d40   0x08013d40   0x00000022   Code   RO         7147    i.USB_SetDevAddress  stm32f4xx_ll_usb.o
    0x08013d62   0x08013d62   0x0000002e   Code   RO         7151    i.USB_WritePacket   stm32f4xx_ll_usb.o
    0x08013d90   0x08013d90   0x00000002   Code   RO          687    i.UsageFault_Handler  stm32f4xx_it.o
    0x08013d92   0x08013d92   0x00000002   PAD
    0x08013d94   0x08013d94   0x0000006c   Code   RO         7418    i._DoInit           segger_rtt.o
    0x08013e00   0x08013e00   0x00000002   Code   RO          459    i._Error_Handler    main.o
    0x08013e02   0x08013e02   0x00000014   Code   RO         7419    i._GetAvailWriteSpace  segger_rtt.o
    0x08013e16   0x08013e16   0x00000002   PAD
    0x08013e18   0x08013e18   0x000000e8   Code   RO         7609    i._PrintUnsigned    segger_rtt_printf.o
    0x08013f00   0x08013f00   0x0000003e   Code   RO         7610    i._StoreChar        segger_rtt_printf.o
    0x08013f3e   0x08013f3e   0x00000058   Code   RO         7420    i._WriteBlocking    segger_rtt.o
    0x08013f96   0x08013f96   0x00000044   Code   RO         7421    i._WriteNoCheck     segger_rtt.o
    0x08013fda   0x08013fda   0x00000002   PAD
    0x08013fdc   0x08013fdc   0x00000030   Code   RO         7915    i.__0snprintf       mc_w.l(printfa.o)
    0x0801400c   0x0801400c   0x0000002c   Code   RO         7919    i.__0vsnprintf      mc_w.l(printfa.o)
    0x08014038   0x08014038   0x0000000a   Code   RO         2194    i.__ARM_common_memcpy4_5  commands_pro.o
    0x08014042   0x08014042   0x00000012   Code   RO         7598    i.__ARM_common_memcpy4_7  segger_rtt.o
    0x08014054   0x08014054   0x00000070   Code   RO         7636    i.__hardfp_floorf   m_wm.l(floorf.o)
    0x080140c4   0x080140c4   0x00000184   Code   RO         7921    i._fp_digits        mc_w.l(printfa.o)
    0x08014248   0x08014248   0x0000000e   Code   RO         7978    i._is_digit         mc_w.l(scanf_fp.o)
    0x08014256   0x08014256   0x00000002   PAD
    0x08014258   0x08014258   0x000006dc   Code   RO         7922    i._printf_core      mc_w.l(printfa.o)
    0x08014934   0x08014934   0x00000024   Code   RO         7923    i._printf_post_padding  mc_w.l(printfa.o)
    0x08014958   0x08014958   0x0000002e   Code   RO         7924    i._printf_pre_padding  mc_w.l(printfa.o)
    0x08014986   0x08014986   0x00000016   Code   RO         7925    i._snputc           mc_w.l(printfa.o)
    0x0801499c   0x0801499c   0x00000078   Code   RO         2217    i.arm_cos_f32       arm_cos_f32.o
    0x08014a14   0x08014a14   0x00000074   Code   RO         2248    i.arm_sin_f32       arm_sin_f32.o
    0x08014a88   0x08014a88   0x0000002c   Code   RO         1998    i.buffer_append_float16  buffer.o
    0x08014ab4   0x08014ab4   0x00000048   Code   RO         1999    i.buffer_append_float32  buffer.o
    0x08014afc   0x08014afc   0x0000003c   Code   RO         2002    i.buffer_append_int32  buffer.o
    0x08014b38   0x08014b38   0x00000018   Code   RO         2009    i.buffer_get_int32  buffer.o
    0x08014b50   0x08014b50   0x00000274   Code   RO         1460    i.calib_enc_offset  low_level.o
    0x08014dc4   0x08014dc4   0x0000002a   Code   RO         1463    i.check_timing      low_level.o
    0x08014dee   0x08014dee   0x00000002   PAD
    0x08014df0   0x08014df0   0x00000144   Code   RO         1890    i.cmd_parse_thread  commands.o
    0x08014f34   0x08014f34   0x0000003c   Code   RO         1891    i.cmd_printf        commands.o
    0x08014f70   0x08014f70   0x00000040   Code   RO         2145    i.commands_printf   commands_pro.o
    0x08014fb0   0x08014fb0   0x0000055c   Code   RO         2146    i.commands_process_packet  commands_pro.o
    0x0801550c   0x0801550c   0x0000061c   Code   RO         1892    i.commands_process_string  commands.o
    0x08015b28   0x08015b28   0x00000010   Code   RO         2148    i.commands_send_packet  commands_pro.o
    0x08015b38   0x08015b38   0x0000000c   Code   RO         2150    i.commands_set_send_func  commands_pro.o
    0x08015b44   0x08015b44   0x00000090   Code   RO         1894    i.commands_write    commands.o
    0x08015bd4   0x08015bd4   0x000004c0   Code   RO         1464    i.control_motor_loop  low_level.o
    0x08016094   0x08016094   0x00000034   Code   RO         1831    i.crc16             crc.o
    0x080160c8   0x080160c8   0x0000005c   Code   RO         1465    i.do_checks         low_level.o
    0x08016124   0x08016124   0x00000058   Code   RO         1466    i.enc_index_cb      low_level.o
    0x0801617c   0x0801617c   0x00000098   Code   RO         1767    i.fast_atan2        utils.o
    0x08016214   0x08016214   0x00000050   Code   RO         7942    i.free              mc_w.l(malloc.o)
    0x08016264   0x08016264   0x00000054   Code   RO         1467    i.get_pll_vel       low_level.o
    0x080162b8   0x080162b8   0x0000002c   Code   RO         1468    i.get_rotor_phase   low_level.o
    0x080162e4   0x080162e4   0x00000054   Code   RO         1469    i.global_fault      low_level.o
    0x08016338   0x08016338   0x00000108   Code   RO         1470    i.hall_gpio_init    low_level.o
    0x08016440   0x08016440   0x0000001c   Code   RO         1895    i.init_communication  commands.o
    0x0801645c   0x0801645c   0x00000054   Code   RO         1471    i.init_motor_control  low_level.o
    0x080164b0   0x080164b0   0x00000060   Code   RO          460    i.main              main.o
    0x08016510   0x08016510   0x0000006c   Code   RO         7943    i.malloc            mc_w.l(malloc.o)
    0x0801657c   0x0801657c   0x0000015c   Code   RO         1473    i.measure_phase_inductance  low_level.o
    0x080166d8   0x080166d8   0x00000140   Code   RO         1474    i.measure_phase_resistance  low_level.o
    0x08016818   0x08016818   0x00000010   Code   RO         1769    i.mod               utils.o
    0x08016828   0x08016828   0x00000130   Code   RO         1475    i.motor_calibration  low_level.o
    0x08016958   0x08016958   0x00000830   Code   RO         1896    i.motor_parse_cmd   commands.o
    0x08017188   0x08017188   0x00000114   Code   RO         1476    i.motor_thread      low_level.o
    0x0801729c   0x0801729c   0x00000010   Code   RO         3005    i.osDelay           cmsis_os.o
    0x080172ac   0x080172ac   0x0000000a   Code   RO         3008    i.osKernelStart     cmsis_os.o
    0x080172b6   0x080172b6   0x0000000e   Code   RO         3009    i.osKernelSysTick   cmsis_os.o
    0x080172c4   0x080172c4   0x00000026   Code   RO         3034    i.osSemaphoreCreate  cmsis_os.o
    0x080172ea   0x080172ea   0x00000002   PAD
    0x080172ec   0x080172ec   0x00000050   Code   RO         3037    i.osSemaphoreRelease  cmsis_os.o
    0x0801733c   0x0801733c   0x00000064   Code   RO         3038    i.osSemaphoreWait   cmsis_os.o
    0x080173a0   0x080173a0   0x00000058   Code   RO         3039    i.osSignalSet       cmsis_os.o
    0x080173f8   0x080173f8   0x00000064   Code   RO         3040    i.osSignalWait      cmsis_os.o
    0x0801745c   0x0801745c   0x00000014   Code   RO         3041    i.osSystickHandler  cmsis_os.o
    0x08017470   0x08017470   0x0000002e   Code   RO         3042    i.osThreadCreate    cmsis_os.o
    0x0801749e   0x0801749e   0x00000004   Code   RO         3043    i.osThreadGetId     cmsis_os.o
    0x080174a2   0x080174a2   0x00000002   PAD
    0x080174a4   0x080174a4   0x00000014   Code   RO         1849    i.packet_init       packet.o
    0x080174b8   0x080174b8   0x000000d0   Code   RO         1850    i.packet_process_byte  packet.o
    0x08017588   0x08017588   0x0000008c   Code   RO         1851    i.packet_send_packet  packet.o
    0x08017614   0x08017614   0x0000000c   Code   RO         1897    i.packet_timer_thread  commands.o
    0x08017620   0x08017620   0x00000034   Code   RO         1852    i.packet_timerfunc  packet.o
    0x08017654   0x08017654   0x000000b8   Code   RO         1898    i.print_monitoring  commands.o
    0x0801770c   0x0801770c   0x0000001c   Code   RO         1899    i.process_packet    commands.o
    0x08017728   0x08017728   0x00000074   Code   RO         2609    i.prvAddCurrentTaskToDelayedList  tasks.o
    0x0801779c   0x0801779c   0x0000007c   Code   RO         2610    i.prvIdleTask       tasks.o
    0x08017818   0x08017818   0x00000060   Code   RO         2946    i.prvInsertBlockIntoFreeList  heap_4.o
    0x08017878   0x08017878   0x0000002c   Code   RO         2870    i.prvTaskExitError  port.o
    0x080178a4   0x080178a4   0x0000006c   Code   RO         2482    i.prvUnlockQueue    queue.o
    0x08017910   0x08017910   0x0000012c   Code   RO         2947    i.pvPortMalloc      heap_4.o
    0x08017a3c   0x08017a3c   0x00000018   Code   RO         2611    i.pvTaskIncrementMutexHeldCount  tasks.o
    0x08017a54   0x08017a54   0x00000194   Code   RO         1478    i.pwm_trig_adc_cb   low_level.o
    0x08017be8   0x08017be8   0x0000002c   Code   RO         2871    i.pxPortInitialiseStack  port.o
    0x08017c14   0x08017c14   0x00000058   Code   RO         1479    i.queue_modulation_timings  low_level.o
    0x08017c6c   0x08017c6c   0x0000002c   Code   RO         1480    i.queue_voltage_timings  low_level.o
    0x08017c98   0x08017c98   0x0000002a   Code   RO         1481    i.read_hall_gpio_state  low_level.o
    0x08017cc2   0x08017cc2   0x00000002   PAD
    0x08017cc4   0x08017cc4   0x000000e8   Code   RO         1482    i.scan_for_enc_idx  low_level.o
    0x08017dac   0x08017dac   0x00000004   Code   RO         1900    i.send_packet       commands.o
    0x08017db0   0x08017db0   0x00000006   Code   RO         1901    i.send_packet_wrapper  commands.o
    0x08017db6   0x08017db6   0x00000002   PAD
    0x08017db8   0x08017db8   0x00000084   Code   RO         1484    i.set_brake_current  low_level.o
    0x08017e3c   0x08017e3c   0x0000000c   Code   RO         1902    i.set_cmd_buffer    commands.o
    0x08017e48   0x08017e48   0x00000074   Code   RO         1485    i.set_current_setpoint  low_level.o
    0x08017ebc   0x08017ebc   0x000000dc   Code   RO         1486    i.set_pos_setpoint  low_level.o
    0x08017f98   0x08017f98   0x000000a0   Code   RO         1487    i.set_vel_setpoint  low_level.o
    0x08018038   0x08018038   0x00000118   Code   RO         1488    i.spin_up_sensorless  low_level.o
    0x08018150   0x08018150   0x000000e4   Code   RO         1490    i.start_adc_pwm     low_level.o
    0x08018234   0x08018234   0x00000056   Code   RO         1491    i.start_pwm         low_level.o
    0x0801828a   0x0801828a   0x00000002   PAD
    0x0801828c   0x0801828c   0x0000007c   Code   RO         1492    i.step_cb           low_level.o
    0x08018308   0x08018308   0x00000154   Code   RO         1493    i.sync_timers       low_level.o
    0x0801845c   0x0801845c   0x000017f8   Code   RO         2089    i.terminal_process_string  terminal.o
    0x08019c54   0x08019c54   0x000002c4   Code   RO          265    i.uart2_test_thread  freertos.o
    0x08019f18   0x08019f18   0x000003b4   Code   RO         1495    i.update_rotor      low_level.o
    0x0801a2cc   0x0801a2cc   0x00000028   Code   RO         1903    i.usb_update_thread  commands.o
    0x0801a2f4   0x0801a2f4   0x00000024   Code   RO         2444    i.uxListRemove      list.o
    0x0801a318   0x0801a318   0x00000004   Code   RO          266    i.vApplicationStackOverflowHook  freertos.o
    0x0801a31c   0x0801a31c   0x00000016   Code   RO         2445    i.vListInitialise   list.o
    0x0801a332   0x0801a332   0x00000006   Code   RO         2446    i.vListInitialiseItem  list.o
    0x0801a338   0x0801a338   0x00000036   Code   RO         2447    i.vListInsert       list.o
    0x0801a36e   0x0801a36e   0x00000018   Code   RO         2448    i.vListInsertEnd    list.o
    0x0801a386   0x0801a386   0x00000002   PAD
    0x0801a388   0x0801a388   0x00000040   Code   RO         2873    i.vPortEnterCritical  port.o
    0x0801a3c8   0x0801a3c8   0x0000002c   Code   RO         2874    i.vPortExitCritical  port.o
    0x0801a3f4   0x0801a3f4   0x00000060   Code   RO         2948    i.vPortFree         heap_4.o
    0x0801a454   0x0801a454   0x00000054   Code   RO         2876    i.vPortValidateInterruptPriority  port.o
    0x0801a4a8   0x0801a4a8   0x0000004c   Code   RO         2617    i.vTaskDelay        tasks.o
    0x0801a4f4   0x0801a4f4   0x000000d4   Code   RO         2619    i.vTaskDelete       tasks.o
    0x0801a5c8   0x0801a5c8   0x0000000c   Code   RO         2621    i.vTaskMissedYield  tasks.o
    0x0801a5d4   0x0801a5d4   0x00000034   Code   RO         2623    i.vTaskPlaceOnEventList  tasks.o
    0x0801a608   0x0801a608   0x0000008c   Code   RO         2625    i.vTaskPriorityInherit  tasks.o
    0x0801a694   0x0801a694   0x00000024   Code   RO         2628    i.vTaskSetTimeOutState  tasks.o
    0x0801a6b8   0x0801a6b8   0x00000070   Code   RO         2629    i.vTaskStartScheduler  tasks.o
    0x0801a728   0x0801a728   0x00000010   Code   RO         2631    i.vTaskSuspendAll   tasks.o
    0x0801a738   0x0801a738   0x00000090   Code   RO         2632    i.vTaskSwitchContext  tasks.o
    0x0801a7c8   0x0801a7c8   0x00000028   Code   RO         1499    i.vbus_sense_adc_cb  low_level.o
    0x0801a7f0   0x0801a7f0   0x00000040   Code   RO         1771    i.wrap_pm_pi        utils.o
    0x0801a830   0x0801a830   0x0000010c   Code   RO         2877    i.xPortStartScheduler  port.o
    0x0801a93c   0x0801a93c   0x0000002c   Code   RO         2878    i.xPortSysTickHandler  port.o
    0x0801a968   0x0801a968   0x00000046   Code   RO         2490    i.xQueueGenericCreate  queue.o
    0x0801a9ae   0x0801a9ae   0x00000002   PAD
    0x0801a9b0   0x0801a9b0   0x000001b0   Code   RO         2491    i.xQueueGenericReceive  queue.o
    0x0801ab60   0x0801ab60   0x00000088   Code   RO         2492    i.xQueueGenericReset  queue.o
    0x0801abe8   0x0801abe8   0x000001d4   Code   RO         2493    i.xQueueGenericSend  queue.o
    0x0801adbc   0x0801adbc   0x0000009e   Code   RO         2495    i.xQueueGiveFromISR  queue.o
    0x0801ae5a   0x0801ae5a   0x000000ac   Code   RO         2499    i.xQueueReceiveFromISR  queue.o
    0x0801af06   0x0801af06   0x00000002   PAD
    0x0801af08   0x0801af08   0x00000074   Code   RO         2633    i.xTaskCheckForTimeOut  tasks.o
    0x0801af7c   0x0801af7c   0x00000184   Code   RO         2634    i.xTaskCreate       tasks.o
    0x0801b100   0x0801b100   0x000000cc   Code   RO         2635    i.xTaskGenericNotify  tasks.o
    0x0801b1cc   0x0801b1cc   0x000000f4   Code   RO         2636    i.xTaskGenericNotifyFromISR  tasks.o
    0x0801b2c0   0x0801b2c0   0x0000000c   Code   RO         2637    i.xTaskGetCurrentTaskHandle  tasks.o
    0x0801b2cc   0x0801b2cc   0x0000001c   Code   RO         2638    i.xTaskGetSchedulerState  tasks.o
    0x0801b2e8   0x0801b2e8   0x0000000c   Code   RO         2639    i.xTaskGetTickCount  tasks.o
    0x0801b2f4   0x0801b2f4   0x00000010   Code   RO         2640    i.xTaskGetTickCountFromISR  tasks.o
    0x0801b304   0x0801b304   0x000000ec   Code   RO         2641    i.xTaskIncrementTick  tasks.o
    0x0801b3f0   0x0801b3f0   0x00000090   Code   RO         2643    i.xTaskNotifyWait   tasks.o
    0x0801b480   0x0801b480   0x0000009c   Code   RO         2644    i.xTaskPriorityDisinherit  tasks.o
    0x0801b51c   0x0801b51c   0x00000074   Code   RO         2645    i.xTaskRemoveFromEventList  tasks.o
    0x0801b590   0x0801b590   0x000000e8   Code   RO         2647    i.xTaskResumeAll    tasks.o
    0x0801b678   0x0801b678   0x0000008c   Data   RO          267    .constdata          freertos.o
    0x0801b704   0x0801b704   0x00000010   Data   RO          876    .constdata          system_stm32f4xx.o
    0x0801b714   0x0801b714   0x00000008   Data   RO          877    .constdata          system_stm32f4xx.o
    0x0801b71c   0x0801b71c   0x00000004   Data   RO         1500    .constdata          low_level.o
    0x0801b720   0x0801b720   0x0000001c   Data   RO         1501    .constdata          low_level.o
    0x0801b73c   0x0801b73c   0x00000200   Data   RO         1832    .constdata          crc.o
    0x0801b93c   0x0801b93c   0x0000013c   Data   RO         1905    .constdata          commands.o
    0x0801ba78   0x0801ba78   0x00000804   Data   RO         2328    .constdata          arm_common_tables.o
    0x0801c27c   0x0801c27c   0x00000008   Data   RO         4675    .constdata          stm32f4xx_hal_dma.o
    0x0801c284   0x0801c284   0x00000010   Data   RO         7611    .constdata          segger_rtt_printf.o
    0x0801c294   0x0801c294   0x00000040   Data   RO         8068    .constdata          mc_w.l(ctype_c.o)
    0x0801c2d4   0x0801c2d4   0x0000010c   Data   RO          268    .conststring        freertos.o
    0x0801c3e0   0x0801c3e0   0x000000ca   Data   RO         2092    .conststring        terminal.o


==============================================================================

Image component sizes


      Code (inc. data)   RO Data    RW Data    ZI Data      Debug   Object Name

       732         98          0          0        216     675723   adc.o
         0          0       2052          0          0       4956   arm_common_tables.o
       120         12          0          0          0        846   arm_cos_f32.o
       116         12          0          0          0        846   arm_sin_f32.o
       200          0          0          0          0       3903   buffer.o
       160         32          0          0         72       1937   can.o
       516         14          0          0          0      21586   cmsis_os.o
      4502       1010        316         20       2848      17970   commands.o
      1474        316          0         20       2047       4918   commands_pro.o
        52          4        512          0          0       1600   crc.o
        60          4          0          0          0        982   dma.o
       838          0          0          0          0      11719   drv8301.o
         0          0          0          0          0       9660   event_groups.o
      1000        144        408         40          0      37813   freertos.o
       448         44          0          0          0       6590   gpio.o
       492         30          0         24      15360       7435   heap_4.o
       142          0          0          0          0       4010   list.o
      7922        806         32       1072          0      69271   low_level.o
       276         20          0          0          0       7665   main.o
       420         26          0          0       4160       4180   packet.o
       774         90          0         12          0      12105   port.o
      1544         18          0          0          0      13009   queue.o
       434         40          0          0       4280       9599   segger_rtt.o
       946          4         16          0          0       5977   segger_rtt_printf.o
       176         34          0          0         92       1945   spi.o
        36          8        392          0       6144        888   startup_stm32f4xx.o
       110         16          0          4          0       4212   stm32f4xx_hal.o
       742         30          0          0          0       3378   stm32f4xx_hal_adc.o
       552         18          0          0          0       2647   stm32f4xx_hal_adc_ex.o
       340          0          0          0          0       1775   stm32f4xx_hal_can.o
       250         16          0          0          0      31603   stm32f4xx_hal_cortex.o
      1164         26          8          0          0       6310   stm32f4xx_hal_dma.o
       592         22          0          0          0       4182   stm32f4xx_hal_gpio.o
        88          0          0          0          0        570   stm32f4xx_hal_msp.o
      2288         62          0          0          0      11844   stm32f4xx_hal_pcd.o
        86          0          0          0          0       2136   stm32f4xx_hal_pcd_ex.o
      1740        110          0          0          0       7137   stm32f4xx_hal_rcc.o
      1200          0          0          0          0       6449   stm32f4xx_hal_spi.o
      2402         38          0          0          0      20058   stm32f4xx_hal_tim.o
       258          0          0          0          0       4969   stm32f4xx_hal_tim_ex.o
       116         16          0          0         64       1669   stm32f4xx_hal_timebase_tim.o
      2350         44          0          0          0      16180   stm32f4xx_hal_uart.o
       338         72          0          0          0      10917   stm32f4xx_it.o
      2584         34          0          0          0      21414   stm32f4xx_ll_usb.o
        12          4          0          0          0       2897   syscalls.o
        88         24         24          4          0       1495   system_stm32f4xx.o
      2968        268          0         60        240      28511   tasks.o
      6136       2616        202          8        512       9441   terminal.o
      1444        158          0          0        320       8015   tim.o
       492         90          0          8        408       3089   usart.o
        56         18          0          0        548        820   usb_device.o
       648         26          0        275          0      14270   usbd_cdc.o
       156         26          0         16        128       4020   usbd_cdc_if.o
       720         44          0          0       1012      15606   usbd_conf.o
       646          0          0          0          0      13165   usbd_core.o
      1126         28          0          1          0       7116   usbd_ctlreq.o
       188         92          0         50        512       5755   usbd_desc.o
       132          0          0          0          0       4964   usbd_ioreq.o
       708         56          0          0          0       3542   utils.o

    ----------------------------------------------------------------------
     56164       6720       3996       1620      71736    1217289   Object Totals
         0          0         32          0      32768          0   (incl. Generated)
        64          0          2          6          5          0   (incl. Padding)

    ----------------------------------------------------------------------

      Code (inc. data)   RO Data    RW Data    ZI Data      Debug   Library Member Name

       112         14          0          0          0        116   floorf.o
        56          8          0          0          0         84   __0sscanf.o
        86          0          0          0          0          0   __dczerorl2.o
        28          0          0          0          0         68   _chval.o
       812          4          0          0          0        112   _scanf.o
       332          0          0          0          0         96   _scanf_int.o
       224          0          0          0          0         96   _scanf_str.o
        64          0          0          0          0         84   _sgetc.o
        40          6         64          0          0         68   ctype_c.o
         0          0          0          0          0          0   entry.o
         0          0          0          0          0          0   entry10a.o
         0          0          0          0          0          0   entry11a.o
         8          4          0          0          0          0   entry2.o
         4          0          0          0          0          0   entry5.o
         0          0          0          0          0          0   entry7b.o
         0          0          0          0          0          0   entry8b.o
         8          4          0          0          0          0   entry9a.o
        30          0          0          0          0          0   handlers.o
        36          8          0          0          0         68   init.o
        10          0          0          0          0         68   isspace_c.o
         0          0          0          0          0          0   iusefp.o
        30          0          0          0          0         68   llshl.o
        36          0          0          0          0         68   llsshr.o
        32          0          0          0          0         68   llushr.o
       188         20          0          0          0        160   malloc.o
        36          0          0          0          0         68   memcpya.o
        36          0          0          0          0        108   memseta.o
         0          0          0          8          0          0   mvars.o
      2340         88          0          0          0        600   printfa.o
        40          8          0          0          0         84   scanf_char.o
       878         12          0          0          0        216   scanf_fp.o
        28          0          0          0          0         76   strcmp.o
        14          0          0          0          0         68   strlen.o
        68          6          0          4          0         80   strtok.o
        44          0          0          0          0         80   uidiv.o
        98          0          0          0          0         92   uldiv.o
        48          0          0          0          0         68   cdrcmple.o
        56          0          0          0          0         88   d2f.o
       334          0          0          0          0        148   dadd.o
       222          0          0          0          0        100   ddiv.o
       186          0          0          0          0        176   depilogue.o
        48          0          0          0          0         68   dfixul.o
        24          0          0          0          0         76   dfltul.o
       228          0          0          0          0         96   dmul.o
        38          0          0          0          0         68   f2d.o
       110          0          0          0          0        168   fepilogue.o

    ----------------------------------------------------------------------
      7020        182         64         12          0       3752   Library Totals
         8          0          0          0          0          0   (incl. Padding)

    ----------------------------------------------------------------------

      Code (inc. data)   RO Data    RW Data    ZI Data      Debug   Library Name

       112         14          0          0          0        116   m_wm.l
      5606        168         64         12          0       2580   mc_w.l
      1294          0          0          0          0       1056   mf_w.l

    ----------------------------------------------------------------------
      7020        182         64         12          0       3752   Library Totals

    ----------------------------------------------------------------------

==============================================================================


      Code (inc. data)   RO Data    RW Data    ZI Data      Debug   

     63184       6902       4060       1632      71736    1180649   Grand Totals
     63184       6902       4060        468      71736    1180649   ELF Image Totals (compressed)
     63184       6902       4060        468          0          0   ROM Totals

==============================================================================

    Total RO  Size (Code + RO Data)                67244 (  65.67kB)
    Total RW  Size (RW Data + ZI Data)             73368 (  71.65kB)
    Total ROM Size (Code + RO Data + RW Data)      67712 (  66.13kB)

==============================================================================

