Archive member included to satisfy reference by file (symbol)

Drivers/CMSIS/Lib\libarm_cortexM4lf_math.a(arm_sin_f32.o)
                              build/low_level.o (arm_sin_f32)
Drivers/CMSIS/Lib\libarm_cortexM4lf_math.a(arm_cos_f32.o)
                              build/low_level.o (arm_cos_f32)
Drivers/CMSIS/Lib\libarm_cortexM4lf_math.a(arm_common_tables.o)
                              Drivers/CMSIS/Lib\libarm_cortexM4lf_math.a(arm_sin_f32.o) (sinTable_f32)
d:/cygwin/opt/ecos/gnutools/arm-none-eabi/bin/../lib/gcc/arm-none-eabi/5.4.1/../../../../arm-none-eabi/lib/armv7e-m/fpu\libm.a(lib_a-sf_floor.o)
                              build/low_level.o (floorf)
d:/cygwin/opt/ecos/gnutools/arm-none-eabi/bin/../lib/gcc/arm-none-eabi/5.4.1/../../../../arm-none-eabi/lib/armv7e-m/fpu\libc_nano.a(lib_a-assert.o)
                              build/drv8301.o (__assert_func)
d:/cygwin/opt/ecos/gnutools/arm-none-eabi/bin/../lib/gcc/arm-none-eabi/5.4.1/../../../../arm-none-eabi/lib/armv7e-m/fpu\libc_nano.a(lib_a-exit.o)
                              d:/cygwin/opt/ecos/gnutools/arm-none-eabi/bin/../lib/gcc/arm-none-eabi/5.4.1/../../../../arm-none-eabi/lib/armv7e-m/fpu/crt0.o (exit)
d:/cygwin/opt/ecos/gnutools/arm-none-eabi/bin/../lib/gcc/arm-none-eabi/5.4.1/../../../../arm-none-eabi/lib/armv7e-m/fpu\libc_nano.a(lib_a-fprintf.o)
                              d:/cygwin/opt/ecos/gnutools/arm-none-eabi/bin/../lib/gcc/arm-none-eabi/5.4.1/../../../../arm-none-eabi/lib/armv7e-m/fpu\libc_nano.a(lib_a-assert.o) (fiprintf)
d:/cygwin/opt/ecos/gnutools/arm-none-eabi/bin/../lib/gcc/arm-none-eabi/5.4.1/../../../../arm-none-eabi/lib/armv7e-m/fpu\libc_nano.a(lib_a-impure.o)
                              d:/cygwin/opt/ecos/gnutools/arm-none-eabi/bin/../lib/gcc/arm-none-eabi/5.4.1/../../../../arm-none-eabi/lib/armv7e-m/fpu\libc_nano.a(lib_a-exit.o) (_global_impure_ptr)
d:/cygwin/opt/ecos/gnutools/arm-none-eabi/bin/../lib/gcc/arm-none-eabi/5.4.1/../../../../arm-none-eabi/lib/armv7e-m/fpu\libc_nano.a(lib_a-init.o)
                              d:/cygwin/opt/ecos/gnutools/arm-none-eabi/bin/../lib/gcc/arm-none-eabi/5.4.1/../../../../arm-none-eabi/lib/armv7e-m/fpu/crt0.o (__libc_init_array)
d:/cygwin/opt/ecos/gnutools/arm-none-eabi/bin/../lib/gcc/arm-none-eabi/5.4.1/../../../../arm-none-eabi/lib/armv7e-m/fpu\libc_nano.a(lib_a-malloc.o)
                              build/usbd_cdc.o (malloc)
d:/cygwin/opt/ecos/gnutools/arm-none-eabi/bin/../lib/gcc/arm-none-eabi/5.4.1/../../../../arm-none-eabi/lib/armv7e-m/fpu\libc_nano.a(lib_a-memcpy-stub.o)
                              build/queue.o (memcpy)
d:/cygwin/opt/ecos/gnutools/arm-none-eabi/bin/../lib/gcc/arm-none-eabi/5.4.1/../../../../arm-none-eabi/lib/armv7e-m/fpu\libc_nano.a(lib_a-memset.o)
                              d:/cygwin/opt/ecos/gnutools/arm-none-eabi/bin/../lib/gcc/arm-none-eabi/5.4.1/../../../../arm-none-eabi/lib/armv7e-m/fpu/crt0.o (memset)
d:/cygwin/opt/ecos/gnutools/arm-none-eabi/bin/../lib/gcc/arm-none-eabi/5.4.1/../../../../arm-none-eabi/lib/armv7e-m/fpu\libc_nano.a(lib_a-nano-freer.o)
                              d:/cygwin/opt/ecos/gnutools/arm-none-eabi/bin/../lib/gcc/arm-none-eabi/5.4.1/../../../../arm-none-eabi/lib/armv7e-m/fpu\libc_nano.a(lib_a-malloc.o) (_free_r)
d:/cygwin/opt/ecos/gnutools/arm-none-eabi/bin/../lib/gcc/arm-none-eabi/5.4.1/../../../../arm-none-eabi/lib/armv7e-m/fpu\libc_nano.a(lib_a-nano-mallocr.o)
                              d:/cygwin/opt/ecos/gnutools/arm-none-eabi/bin/../lib/gcc/arm-none-eabi/5.4.1/../../../../arm-none-eabi/lib/armv7e-m/fpu\libc_nano.a(lib_a-malloc.o) (_malloc_r)
d:/cygwin/opt/ecos/gnutools/arm-none-eabi/bin/../lib/gcc/arm-none-eabi/5.4.1/../../../../arm-none-eabi/lib/armv7e-m/fpu\libc_nano.a(lib_a-nano-vfprintf.o)
                              d:/cygwin/opt/ecos/gnutools/arm-none-eabi/bin/../lib/gcc/arm-none-eabi/5.4.1/../../../../arm-none-eabi/lib/armv7e-m/fpu\libc_nano.a(lib_a-fprintf.o) (_vfprintf_r)
d:/cygwin/opt/ecos/gnutools/arm-none-eabi/bin/../lib/gcc/arm-none-eabi/5.4.1/../../../../arm-none-eabi/lib/armv7e-m/fpu\libc_nano.a(lib_a-nano-vfprintf_float.o)
                              d:/cygwin/opt/ecos/gnutools/arm-none-eabi/bin/../lib/gcc/arm-none-eabi/5.4.1/../../../../arm-none-eabi/lib/armv7e-m/fpu\libc_nano.a(lib_a-nano-vfprintf.o) (_printf_float)
d:/cygwin/opt/ecos/gnutools/arm-none-eabi/bin/../lib/gcc/arm-none-eabi/5.4.1/../../../../arm-none-eabi/lib/armv7e-m/fpu\libc_nano.a(lib_a-nano-vfprintf_i.o)
                              d:/cygwin/opt/ecos/gnutools/arm-none-eabi/bin/../lib/gcc/arm-none-eabi/5.4.1/../../../../arm-none-eabi/lib/armv7e-m/fpu\libc_nano.a(lib_a-nano-vfprintf_float.o) (_printf_common)
d:/cygwin/opt/ecos/gnutools/arm-none-eabi/bin/../lib/gcc/arm-none-eabi/5.4.1/../../../../arm-none-eabi/lib/armv7e-m/fpu\libc_nano.a(lib_a-nano-vfscanf_float.o)
                              (_scanf_float)
[...]
Memory Configuration

Name             Origin             Length             Attributes
RAM              0x20000000         0x00020000         xrw
CCMRAM           0x10000000         0x00010000         rw
FLASH            0x08000000         0x00100000         xr
*default*        0x00000000         0xffffffff

Linker script and memory map

LOAD d:/cygwin/opt/ecos/gnutools/arm-none-eabi/bin/../lib/gcc/arm-none-eabi/5.4.1/armv7e-m/fpu/crti.o
LOAD d:/cygwin/opt/ecos/gnutools/arm-none-eabi/bin/../lib/gcc/arm-none-eabi/5.4.1/armv7e-m/fpu/crtbegin.o
LOAD d:/cygwin/opt/ecos/gnutools/arm-none-eabi/bin/../lib/gcc/arm-none-eabi/5.4.1/../../../../arm-none-eabi/lib/armv7e-m/fpu/crt0.o
LOAD build/queue.o
LOAD build/tasks.o
LOAD build/list.o
LOAD build/event_groups.o
LOAD build/croutine.o
LOAD build/timers.o
LOAD build/port.o
LOAD build/heap_4.o
LOAD build/cmsis_os.o
LOAD build/usbd_core.o
LOAD build/usbd_ioreq.o
LOAD build/usbd_ctlreq.o
LOAD build/usbd_cdc.o
LOAD build/system_stm32f4xx.o
LOAD build/stm32f4xx_it.o
LOAD build/stm32f4xx_hal_msp.o
LOAD build/stm32f4xx_hal_timebase_TIM.o
LOAD build/tim.o
LOAD build/gpio.o
LOAD build/main.o
LOAD build/adc.o
LOAD build/freertos.o
LOAD build/spi.o
LOAD build/can.o
LOAD build/usart.o
LOAD build/dma.o
LOAD build/usbd_conf.o
LOAD build/usbd_desc.o
LOAD build/usb_device.o
LOAD build/drv8301.o
LOAD build/stm32f4xx_hal.o
LOAD build/stm32f4xx_hal_rcc.o
LOAD build/stm32f4xx_hal_tim_ex.o
LOAD build/stm32f4xx_hal_flash_ramfunc.o
LOAD build/stm32f4xx_hal_spi.o
LOAD build/stm32f4xx_hal_rcc_ex.o
LOAD build/stm32f4xx_hal_flash.o
LOAD build/stm32f4xx_hal_flash_ex.o
LOAD build/stm32f4xx_hal_can.o
LOAD build/stm32f4xx_hal_adc.o
LOAD build/stm32f4xx_hal_dma.o
LOAD build/stm32f4xx_hal_cortex.o
LOAD build/stm32f4xx_hal_pwr_ex.o
LOAD build/stm32f4xx_hal_tim.o
LOAD build/stm32f4xx_hal_gpio.o
LOAD build/stm32f4xx_hal_dma_ex.o
LOAD build/stm32f4xx_hal_pwr.o
LOAD build/stm32f4xx_hal_adc_ex.o
LOAD build/stm32f4xx_hal_pcd.o
LOAD build/stm32f4xx_hal_pcd_ex.o
LOAD build/stm32f4xx_hal_uart.o
LOAD build/stm32f4xx_ll_usb.o
LOAD build/usbd_cdc_if.o
LOAD build/syscalls.o
LOAD build/utils.o
LOAD build/commands.o
LOAD build/low_level.o
LOAD build/startup_stm32f405xx.o
LOAD d:/cygwin/opt/ecos/gnutools/arm-none-eabi/bin/../lib/gcc/arm-none-eabi/5.4.1/../../../../arm-none-eabi/lib/armv7e-m/fpu\libnosys.a
LOAD Drivers/CMSIS/Lib\libarm_cortexM4lf_math.a
LOAD d:/cygwin/opt/ecos/gnutools/arm-none-eabi/bin/../lib/gcc/arm-none-eabi/5.4.1/../../../../arm-none-eabi/lib/armv7e-m/fpu\libstdc++_nano.a
LOAD d:/cygwin/opt/ecos/gnutools/arm-none-eabi/bin/../lib/gcc/arm-none-eabi/5.4.1/../../../../arm-none-eabi/lib/armv7e-m/fpu\libm.a
LOAD d:/cygwin/opt/ecos/gnutools/arm-none-eabi/bin/../lib/gcc/arm-none-eabi/5.4.1/../../../../arm-none-eabi/lib/armv7e-m/fpu\libc_nano.a
START GROUP
LOAD d:/cygwin/opt/ecos/gnutools/arm-none-eabi/bin/../lib/gcc/arm-none-eabi/5.4.1/armv7e-m/fpu\libgcc.a
LOAD d:/cygwin/opt/ecos/gnutools/arm-none-eabi/bin/../lib/gcc/arm-none-eabi/5.4.1/../../../../arm-none-eabi/lib/armv7e-m/fpu\libc_nano.a
END GROUP
START GROUP
LOAD d:/cygwin/opt/ecos/gnutools/arm-none-eabi/bin/../lib/gcc/arm-none-eabi/5.4.1/armv7e-m/fpu\libgcc.a
LOAD d:/cygwin/opt/ecos/gnutools/arm-none-eabi/bin/../lib/gcc/arm-none-eabi/5.4.1/../../../../arm-none-eabi/lib/armv7e-m/fpu\libc_nano.a
LOAD d:/cygwin/opt/ecos/gnutools/arm-none-eabi/bin/../lib/gcc/arm-none-eabi/5.4.1/../../../../arm-none-eabi/lib/armv7e-m/fpu\libnosys.a
END GROUP
START GROUP
LOAD d:/cygwin/opt/ecos/gnutools/arm-none-eabi/bin/../lib/gcc/arm-none-eabi/5.4.1/armv7e-m/fpu\libgcc.a
LOAD d:/cygwin/opt/ecos/gnutools/arm-none-eabi/bin/../lib/gcc/arm-none-eabi/5.4.1/../../../../arm-none-eabi/lib/armv7e-m/fpu\libc_nano.a
LOAD d:/cygwin/opt/ecos/gnutools/arm-none-eabi/bin/../lib/gcc/arm-none-eabi/5.4.1/../../../../arm-none-eabi/lib/armv7e-m/fpu\libnosys.a
END GROUP
LOAD d:/cygwin/opt/ecos/gnutools/arm-none-eabi/bin/../lib/gcc/arm-none-eabi/5.4.1/armv7e-m/fpu/crtend.o
LOAD d:/cygwin/opt/ecos/gnutools/arm-none-eabi/bin/../lib/gcc/arm-none-eabi/5.4.1/armv7e-m/fpu/crtn.o
                0x20020000                _estack = 0x20020000
                0x00003c00                _Min_Heap_Size = 0x3c00
                0x00000800                _Min_Stack_Size = 0x800

.isr_vector     0x08000000      0x188
                0x08000000                . = ALIGN (0x4)
 *(.isr_vector)
 .isr_vector    0x08000000      0x188 build/startup_stm32f405xx.o
                0x08000000                g_pfnVectors
                0x08000188                . = ALIGN (0x4)

.text           0x08000190     0xfbf8
                0x08000190                . = ALIGN (0x4)
 *(.text)
 .text          0x08000190       0x5c d:/cygwin/opt/ecos/gnutools/arm-none-eabi/bin/../lib/gcc/arm-none-eabi/5.4.1/armv7e-m/fpu/crtbegin.o
 .text          0x080001ec       0x10 d:/cygwin/opt/ecos/gnutools/arm-none-eabi/bin/../lib/gcc/arm-none-eabi/5.4.1/../../../../arm-none-eabi/lib/armv7e-m/fpu\libc_nano.a(lib_a-strlen.o)
                0x080001ec                strlen
 *fill*         0x080001fc        0x4 
 .text          0x08000200       0xa0 d:/cygwin/opt/ecos/gnutools/arm-none-eabi/bin/../lib/gcc/arm-none-eabi/5.4.1/../../../../arm-none-eabi/lib/armv7e-m/fpu\libc_nano.a(lib_a-memchr.o)
                0x08000200                memchr
 .text          0x080002a0      0x370 d:/cygwin/opt/ecos/gnutools/arm-none-eabi/bin/../lib/gcc/arm-none-eabi/5.4.1/armv7e-m/fpu\libgcc.a(_arm_addsubdf3.o)
                0x080002a0                __aeabi_drsub
                0x080002a8                __aeabi_dsub
                0x080002a8                __subdf3
                0x080002ac                __aeabi_dadd
                0x080002ac                __adddf3
                0x08000524                __floatunsidf
                0x08000524                __aeabi_ui2d
                0x08000544                __floatsidf
                0x08000544                __aeabi_i2d
                0x08000568                __aeabi_f2d
                0x08000568                __extendsfdf2
                0x080005a4                __floatundidf
                0x080005a4                __aeabi_ul2d
                0x080005b4                __floatdidf
                0x080005b4                __aeabi_l2d
 .text          0x08000610      0x424 d:/cygwin/opt/ecos/gnutools/arm-none-eabi/bin/../lib/gcc/arm-none-eabi/5.4.1/armv7e-m/fpu\libgcc.a(_arm_muldivdf3.o)
                0x08000610                __aeabi_dmul
                0x08000610                __muldf3
                0x08000864                __divdf3
                0x08000864                __aeabi_ddiv
 .text          0x08000a34      0x110 d:/cygwin/opt/ecos/gnutools/arm-none-eabi/bin/../lib/gcc/arm-none-eabi/5.4.1/armv7e-m/fpu\libgcc.a(_arm_cmpdf2.o)
                0x08000a34                __gtdf2
                0x08000a34                __gedf2
                0x08000a3c                __ltdf2
                0x08000a3c                __ledf2
                0x08000a44                __nedf2
                0x08000a44                __eqdf2
                0x08000a44                __cmpdf2
                0x08000ac0                __aeabi_cdrcmple
                0x08000ad0                __aeabi_cdcmpeq
                0x08000ad0                __aeabi_cdcmple
                0x08000ae0                __aeabi_dcmpeq
                0x08000af4                __aeabi_dcmplt
                0x08000b08                __aeabi_dcmple
                0x08000b1c                __aeabi_dcmpge
                0x08000b30                __aeabi_dcmpgt
 .text          0x08000b44       0x2c d:/cygwin/opt/ecos/gnutools/arm-none-eabi/bin/../lib/gcc/arm-none-eabi/5.4.1/armv7e-m/fpu\libgcc.a(_arm_unorddf2.o)
                0x08000b44                __unorddf2
                0x08000b44                __aeabi_dcmpun
 .text          0x08000b70       0x50 d:/cygwin/opt/ecos/gnutools/arm-none-eabi/bin/../lib/gcc/arm-none-eabi/5.4.1/armv7e-m/fpu\libgcc.a(_arm_fixdfsi.o)
                0x08000b70                __aeabi_d2iz
                0x08000b70                __fixdfsi
 .text          0x08000bc0       0x40 d:/cygwin/opt/ecos/gnutools/arm-none-eabi/bin/../lib/gcc/arm-none-eabi/5.4.1/armv7e-m/fpu\libgcc.a(_arm_fixunsdfsi.o)
                0x08000bc0                __aeabi_d2uiz
                0x08000bc0                __fixunsdfsi
 .text          0x08000c00       0xa0 d:/cygwin/opt/ecos/gnutools/arm-none-eabi/bin/../lib/gcc/arm-none-eabi/5.4.1/armv7e-m/fpu\libgcc.a(_arm_truncdfsf2.o)
                0x08000c00                __truncdfsf2
                0x08000c00                __aeabi_d2f
 *(.text*)
 .text.prvIsQueueFull
                0x08000ca0       0x20 build/queue.o
 .text.prvIsQueueEmpty
                0x08000cc0       0x1c build/queue.o
 .text.prvCopyDataToQueue
                0x08000cdc       0x78 build/queue.o
 .text.prvCopyDataFromQueue
                0x08000d54       0x24 build/queue.o
 .text.prvUnlockQueue
                0x08000d78       0x68 build/queue.o
 .text.xQueueGenericReset
                0x08000de0       0x80 build/queue.o
                0x08000de0                xQueueGenericReset
 .text.prvInitialiseNewQueue
                0x08000e60       0x1c build/queue.o
 .text.xQueueGenericCreate
                0x08000e7c       0x4c build/queue.o
                0x08000e7c                xQueueGenericCreate
 .text.xQueueGenericSend
                0x08000ec8      0x190 build/queue.o
                0x08000ec8                xQueueGenericSend
 .text.xQueueGiveFromISR
                0x08001058       0xbc build/queue.o
                0x08001058                xQueueGiveFromISR
 .text.xQueueGenericReceive
                0x08001114      0x1a0 build/queue.o
                0x08001114                xQueueGenericReceive
 .text.xQueueReceiveFromISR
                0x080012b4       0xb8 build/queue.o
                0x080012b4                xQueueReceiveFromISR
 .text.prvResetNextTaskUnblockTime
                0x0800136c       0x34 build/tasks.o
 .text.prvDeleteTCB
                0x080013a0       0x14 build/tasks.o
 .text.prvInitialiseNewTask
                0x080013b4       0x80 build/tasks.o
 .text.prvInitialiseTaskLists
                0x08001434       0x68 build/tasks.o
 .text.prvAddNewTaskToReadyList
                0x0800149c       0xa8 build/tasks.o
 .text.prvAddCurrentTaskToDelayedList
                0x08001544       0x98 build/tasks.o
 .text.xTaskCreate
                0x080015dc       0x64 build/tasks.o
                0x080015dc                xTaskCreate
 .text.vTaskDelete
                0x08001640       0xdc build/tasks.o
                0x08001640                vTaskDelete
 .text.vTaskStartScheduler
                0x0800171c       0x7c build/tasks.o
                0x0800171c                vTaskStartScheduler
 .text.vTaskSuspendAll
                0x08001798       0x10 build/tasks.o
                0x08001798                vTaskSuspendAll
 .text.xTaskIncrementTick
                0x080017a8      0x124 build/tasks.o
                0x080017a8                xTaskIncrementTick
 .text.xTaskResumeAll
                0x080018cc       0xf8 build/tasks.o
                0x080018cc                xTaskResumeAll
 .text.vTaskDelay
                0x080019c4       0x50 build/tasks.o
                0x080019c4                vTaskDelay
 .text.prvCheckTasksWaitingTermination
                0x08001a14       0x54 build/tasks.o
 .text.prvIdleTask
                0x08001a68       0x28 build/tasks.o
 .text.vTaskSwitchContext
                0x08001a90       0x94 build/tasks.o
                0x08001a90                vTaskSwitchContext
 .text.vTaskPlaceOnEventList
                0x08001b24       0x30 build/tasks.o
                0x08001b24                vTaskPlaceOnEventList
 .text.xTaskRemoveFromEventList
                0x08001b54       0x8c build/tasks.o
                0x08001b54                xTaskRemoveFromEventList
 .text.vTaskSetTimeOutState
                0x08001be0       0x2c build/tasks.o
                0x08001be0                vTaskSetTimeOutState
 .text.xTaskCheckForTimeOut
                0x08001c0c       0x80 build/tasks.o
                0x08001c0c                xTaskCheckForTimeOut
 .text.vTaskMissedYield
                0x08001c8c        0xc build/tasks.o
                0x08001c8c                vTaskMissedYield
 .text.xTaskGetCurrentTaskHandle
                0x08001c98        0xc build/tasks.o
                0x08001c98                xTaskGetCurrentTaskHandle
 .text.xTaskGetSchedulerState
                0x08001ca4       0x20 build/tasks.o
                0x08001ca4                xTaskGetSchedulerState
 .text.vTaskPriorityInherit
                0x08001cc4       0xa8 build/tasks.o
                0x08001cc4                vTaskPriorityInherit
 .text.xTaskPriorityDisinherit
                0x08001d6c       0xb4 build/tasks.o
                0x08001d6c                xTaskPriorityDisinherit
 .text.pvTaskIncrementMutexHeldCount
                0x08001e20       0x1c build/tasks.o
                0x08001e20                pvTaskIncrementMutexHeldCount
 .text.xTaskNotifyWait
                0x08001e3c       0x98 build/tasks.o
                0x08001e3c                xTaskNotifyWait
 .text.xTaskGenericNotify
                0x08001ed4       0xe4 build/tasks.o
                0x08001ed4                xTaskGenericNotify
 .text.xTaskGenericNotifyFromISR
                0x08001fb8      0x124 build/tasks.o
                0x08001fb8                xTaskGenericNotifyFromISR
 .text.vListInitialise
                0x080020dc       0x18 build/list.o
                0x080020dc                vListInitialise
 .text.vListInitialiseItem
                0x080020f4        0x8 build/list.o
                0x080020f4                vListInitialiseItem
 .text.vListInsertEnd
                0x080020fc       0x18 build/list.o
                0x080020fc                vListInsertEnd
 .text.vListInsert
                0x08002114       0x34 build/list.o
                0x08002114                vListInsert
 .text.uxListRemove
                0x08002148       0x24 build/list.o
                0x08002148                uxListRemove
 .text.prvTaskExitError
                0x0800216c       0x34 build/port.o
 .text.prvPortStartFirstTask
                0x080021a0       0x20 build/port.o
 .text.vPortEnableVFP
                0x080021c0       0x14 build/port.o
 .text.pxPortInitialiseStack
                0x080021d4       0x2c build/port.o
                0x080021d4                pxPortInitialiseStack
 .text.SVC_Handler
                0x08002200       0x24 build/port.o
                0x08002200                SVC_Handler
 .text.vPortEnterCritical
                0x08002224       0x44 build/port.o
                0x08002224                vPortEnterCritical
 .text.vPortExitCritical
                0x08002268       0x2c build/port.o
                0x08002268                vPortExitCritical
 *fill*         0x08002294        0xc 
 .text.PendSV_Handler
                0x080022a0       0x64 build/port.o
                0x080022a0                PendSV_Handler
 .text.xPortSysTickHandler
                0x08002304       0x2c build/port.o
                0x08002304                xPortSysTickHandler
 .text.vPortSetupTimerInterrupt
                0x08002330       0x2c build/port.o
                0x08002330                vPortSetupTimerInterrupt
 .text.xPortStartScheduler
                0x0800235c       0xec build/port.o
                0x0800235c                xPortStartScheduler
 .text.vPortValidateInterruptPriority
                0x08002448       0x5c build/port.o
                0x08002448                vPortValidateInterruptPriority
 .text.prvHeapInit
                0x080024a4       0x64 build/heap_4.o
 .text.prvInsertBlockIntoFreeList
                0x08002508       0x58 build/heap_4.o
 .text.pvPortMalloc
                0x08002560      0x104 build/heap_4.o
                0x08002560                pvPortMalloc
 .text.vPortFree
                0x08002664       0x78 build/heap_4.o
                0x08002664                vPortFree
 .text.makeFreeRtosPriority
                0x080026dc        0xc build/cmsis_os.o
 .text.inHandlerMode
                0x080026e8        0xc build/cmsis_os.o
 .text.osKernelStart
                0x080026f4        0xc build/cmsis_os.o
                0x080026f4                osKernelStart
 .text.osThreadCreate
                0x08002700       0x34 build/cmsis_os.o
                0x08002700                osThreadCreate
 .text.osThreadGetId
                0x08002734        0x8 build/cmsis_os.o
                0x08002734                osThreadGetId
 .text.osDelay  0x0800273c       0x10 build/cmsis_os.o
                0x0800273c                osDelay
 .text.osSignalSet
                0x0800274c       0x64 build/cmsis_os.o
                0x0800274c                osSignalSet
 .text.osSignalWait
                0x080027b0       0x64 build/cmsis_os.o
                0x080027b0                osSignalWait
 .text.osSemaphoreCreate
                0x08002814       0x28 build/cmsis_os.o
                0x08002814                osSemaphoreCreate
 .text.osSemaphoreWait
                0x0800283c       0x6c build/cmsis_os.o
                0x0800283c                osSemaphoreWait
 .text.osSemaphoreRelease
                0x080028a8       0x5c build/cmsis_os.o
                0x080028a8                osSemaphoreRelease
 .text.osSystickHandler
                0x08002904       0x10 build/cmsis_os.o
                0x08002904                osSystickHandler
 .text.USBD_Init
                0x08002914       0x30 build/usbd_core.o
                0x08002914                USBD_Init
 .text.USBD_RegisterClass
                0x08002944       0x10 build/usbd_core.o
                0x08002944                USBD_RegisterClass
 .text.USBD_Start
                0x08002954        0xc build/usbd_core.o
                0x08002954                USBD_Start
 .text.USBD_SetClassConfig
                0x08002960       0x1c build/usbd_core.o
                0x08002960                USBD_SetClassConfig
 .text.USBD_ClrClassConfig
                0x0800297c       0x10 build/usbd_core.o
                0x0800297c                USBD_ClrClassConfig
 .text.USBD_LL_SetupStage
                0x0800298c       0x5c build/usbd_core.o
                0x0800298c                USBD_LL_SetupStage
 .text.USBD_LL_DataOutStage
                0x080029e8       0x68 build/usbd_core.o
                0x080029e8                USBD_LL_DataOutStage
 .text.USBD_LL_DataInStage
                0x08002a50       0xac build/usbd_core.o
                0x08002a50                USBD_LL_DataInStage
 .text.USBD_LL_Reset
                0x08002afc       0x40 build/usbd_core.o
                0x08002afc                USBD_LL_Reset
 .text.USBD_LL_SetSpeed
                0x08002b3c        0x8 build/usbd_core.o
                0x08002b3c                USBD_LL_SetSpeed
 .text.USBD_LL_Suspend
                0x08002b44       0x14 build/usbd_core.o
                0x08002b44                USBD_LL_Suspend
 .text.USBD_LL_Resume
                0x08002b58        0xc build/usbd_core.o
                0x08002b58                USBD_LL_Resume
 .text.USBD_LL_SOF
                0x08002b64       0x18 build/usbd_core.o
                0x08002b64                USBD_LL_SOF
 .text.USBD_LL_IsoINIncomplete
                0x08002b7c        0x4 build/usbd_core.o
                0x08002b7c                USBD_LL_IsoINIncomplete
 .text.USBD_LL_IsoOUTIncomplete
                0x08002b80        0x4 build/usbd_core.o
                0x08002b80                USBD_LL_IsoOUTIncomplete
 .text.USBD_LL_DevConnected
                0x08002b84        0x4 build/usbd_core.o
                0x08002b84                USBD_LL_DevConnected
 .text.USBD_LL_DevDisconnected
                0x08002b88       0x18 build/usbd_core.o
                0x08002b88                USBD_LL_DevDisconnected
 .text.USBD_CtlSendData
                0x08002ba0       0x1c build/usbd_ioreq.o
                0x08002ba0                USBD_CtlSendData
 .text.USBD_CtlContinueSendData
                0x08002bbc       0x10 build/usbd_ioreq.o
                0x08002bbc                USBD_CtlContinueSendData
 .text.USBD_CtlPrepareRx
                0x08002bcc       0x20 build/usbd_ioreq.o
                0x08002bcc                USBD_CtlPrepareRx
 .text.USBD_CtlContinueRx
                0x08002bec       0x10 build/usbd_ioreq.o
                0x08002bec                USBD_CtlContinueRx
 .text.USBD_CtlSendStatus
                0x08002bfc       0x18 build/usbd_ioreq.o
                0x08002bfc                USBD_CtlSendStatus
 .text.USBD_CtlReceiveStatus
                0x08002c14       0x18 build/usbd_ioreq.o
                0x08002c14                USBD_CtlReceiveStatus
 .text.USBD_GetLen
                0x08002c2c       0x14 build/usbd_ctlreq.o
 .text.USBD_SetFeature
                0x08002c40       0x20 build/usbd_ctlreq.o
 .text.USBD_ParseSetupRequest
                0x08002c60       0x28 build/usbd_ctlreq.o
                0x08002c60                USBD_ParseSetupRequest
 .text.USBD_CtlError
                0x08002c88       0x14 build/usbd_ctlreq.o
                0x08002c88                USBD_CtlError
 .text.USBD_GetDescriptor
                0x08002c9c      0x130 build/usbd_ctlreq.o
 .text.USBD_SetAddress
                0x08002dcc       0x4c build/usbd_ctlreq.o
 .text.USBD_SetConfig
                0x08002e18       0xa8 build/usbd_ctlreq.o
 .text.USBD_GetConfig
                0x08002ec0       0x3c build/usbd_ctlreq.o
 .text.USBD_GetStatus
                0x08002efc       0x2c build/usbd_ctlreq.o
 .text.USBD_ClrFeature
                0x08002f28       0x30 build/usbd_ctlreq.o
 .text.USBD_StdDevReq
                0x08002f58       0x48 build/usbd_ctlreq.o
                0x08002f58                USBD_StdDevReq
 .text.USBD_StdItfReq
                0x08002fa0       0x38 build/usbd_ctlreq.o
                0x08002fa0                USBD_StdItfReq
 .text.USBD_StdEPReq
                0x08002fd8      0x11c build/usbd_ctlreq.o
                0x08002fd8                USBD_StdEPReq
 .text.USBD_GetString
                0x080030f4       0x3c build/usbd_ctlreq.o
                0x080030f4                USBD_GetString
 .text.USBD_CDC_EP0_RxReady
                0x08003130       0x28 build/usbd_cdc.o
 .text.USBD_CDC_GetFSCfgDesc
                0x08003158        0xc build/usbd_cdc.o
 .text.USBD_CDC_GetHSCfgDesc
                0x08003164        0xc build/usbd_cdc.o
 .text.USBD_CDC_GetOtherSpeedCfgDesc
                0x08003170        0xc build/usbd_cdc.o
 .text.USBD_CDC_GetDeviceQualifierDescriptor
                0x0800317c        0xc build/usbd_cdc.o
                0x0800317c                USBD_CDC_GetDeviceQualifierDescriptor
 .text.USBD_CDC_DataOut
                0x08003188       0x30 build/usbd_cdc.o
 .text.USBD_CDC_DataIn
                0x080031b8       0x24 build/usbd_cdc.o
 .text.USBD_CDC_Setup
                0x080031dc       0x74 build/usbd_cdc.o
 .text.USBD_CDC_DeInit
                0x08003250       0x3c build/usbd_cdc.o
 .text.USBD_CDC_Init
                0x0800328c       0x98 build/usbd_cdc.o
 .text.USBD_CDC_RegisterInterface
                0x08003324       0x10 build/usbd_cdc.o
                0x08003324                USBD_CDC_RegisterInterface
 .text.USBD_CDC_SetTxBuffer
                0x08003334       0x10 build/usbd_cdc.o
                0x08003334                USBD_CDC_SetTxBuffer
 .text.USBD_CDC_SetRxBuffer
                0x08003344        0xc build/usbd_cdc.o
                0x08003344                USBD_CDC_SetRxBuffer
 .text.USBD_CDC_TransmitPacket
                0x08003350       0x30 build/usbd_cdc.o
                0x08003350                USBD_CDC_TransmitPacket
 .text.USBD_CDC_ReceivePacket
                0x08003380       0x34 build/usbd_cdc.o
                0x08003380                USBD_CDC_ReceivePacket
 .text.SystemInit
                0x080033b4       0x4c build/system_stm32f4xx.o
                0x080033b4                SystemInit
 .text.NMI_Handler
                0x08003400        0x4 build/stm32f4xx_it.o
                0x08003400                NMI_Handler
 .text.HardFault_Handler
                0x08003404        0x4 build/stm32f4xx_it.o
                0x08003404                HardFault_Handler
 .text.MemManage_Handler
                0x08003408        0x4 build/stm32f4xx_it.o
                0x08003408                MemManage_Handler
 .text.BusFault_Handler
                0x0800340c        0x4 build/stm32f4xx_it.o
                0x0800340c                BusFault_Handler
 .text.UsageFault_Handler
                0x08003410        0x4 build/stm32f4xx_it.o
                0x08003410                UsageFault_Handler
 .text.DebugMon_Handler
                0x08003414        0x4 build/stm32f4xx_it.o
                0x08003414                DebugMon_Handler
 .text.SysTick_Handler
                0x08003418        0x8 build/stm32f4xx_it.o
                0x08003418                SysTick_Handler
 .text.DMA1_Stream2_IRQHandler
                0x08003420       0x10 build/stm32f4xx_it.o
                0x08003420                DMA1_Stream2_IRQHandler
 .text.DMA1_Stream4_IRQHandler
                0x08003430       0x10 build/stm32f4xx_it.o
                0x08003430                DMA1_Stream4_IRQHandler
 .text.TIM8_TRG_COM_TIM14_IRQHandler
                0x08003440       0x18 build/stm32f4xx_it.o
                0x08003440                TIM8_TRG_COM_TIM14_IRQHandler
 .text.UART4_IRQHandler
                0x08003458       0x10 build/stm32f4xx_it.o
                0x08003458                UART4_IRQHandler
 .text.OTG_FS_IRQHandler
                0x08003468       0x18 build/stm32f4xx_it.o
                0x08003468                OTG_FS_IRQHandler
 .text.ADC_IRQ_Dispatch
                0x08003480       0x48 build/stm32f4xx_it.o
                0x08003480                ADC_IRQ_Dispatch
 .text.ADC_IRQHandler
                0x080034c8       0x34 build/stm32f4xx_it.o
                0x080034c8                ADC_IRQHandler
 .text.EXTI0_IRQHandler
                0x080034fc        0xc build/stm32f4xx_it.o
                0x080034fc                EXTI0_IRQHandler
 .text.EXTI2_IRQHandler
                0x08003508        0xc build/stm32f4xx_it.o
                0x08003508                EXTI2_IRQHandler
 .text.EXTI4_IRQHandler
                0x08003514        0xc build/stm32f4xx_it.o
                0x08003514                EXTI4_IRQHandler
 .text.HAL_MspInit
                0x08003520       0x60 build/stm32f4xx_hal_msp.o
                0x08003520                HAL_MspInit
 .text.HAL_InitTick
                0x08003580       0x7c build/stm32f4xx_hal_timebase_TIM.o
                0x08003580                HAL_InitTick
 .text.OC4_PWM_Override
                0x080035fc       0x28 build/tim.o
                0x080035fc                OC4_PWM_Override
 .text.MX_TIM3_Init
                0x08003624       0x6c build/tim.o
                0x08003624                MX_TIM3_Init
 .text.MX_TIM4_Init
                0x08003690       0x70 build/tim.o
                0x08003690                MX_TIM4_Init
 .text.HAL_TIM_Base_MspInit
                0x08003700       0x30 build/tim.o
                0x08003700                HAL_TIM_Base_MspInit
 .text.HAL_TIM_PWM_MspInit
                0x08003730       0x60 build/tim.o
                0x08003730                HAL_TIM_PWM_MspInit
 .text.HAL_TIM_Encoder_MspInit
                0x08003790       0x88 build/tim.o
                0x08003790                HAL_TIM_Encoder_MspInit
 .text.HAL_TIM_MspPostInit
                0x08003818       0xc4 build/tim.o
                0x08003818                HAL_TIM_MspPostInit
 .text.MX_TIM1_Init
                0x080038dc      0x12c build/tim.o
                0x080038dc                MX_TIM1_Init
 .text.MX_TIM2_Init
                0x08003a08       0x98 build/tim.o
                0x08003a08                MX_TIM2_Init
 .text.MX_TIM8_Init
                0x08003aa0       0xe4 build/tim.o
                0x08003aa0                MX_TIM8_Init
 .text.MX_GPIO_Init
                0x08003b84      0x16c build/gpio.o
                0x08003b84                MX_GPIO_Init
 .text.HAL_GPIO_EXTI_Callback
                0x08003cf0       0x10 build/gpio.o
                0x08003cf0                HAL_GPIO_EXTI_Callback
 .text.HAL_TIM_PeriodElapsedCallback
                0x08003d00       0x14 build/main.o
                0x08003d00                HAL_TIM_PeriodElapsedCallback
 .text._Error_Handler
                0x08003d14        0x4 build/main.o
                0x08003d14                _Error_Handler
 .text.SystemClock_Config
                0x08003d18       0xc8 build/main.o
                0x08003d18                SystemClock_Config
 .text.main     0x08003de0       0x5c build/main.o
                0x08003de0                main
 .text.MX_ADC1_Init
                0x08003e3c       0xa0 build/adc.o
                0x08003e3c                MX_ADC1_Init
 .text.MX_ADC2_Init
                0x08003edc       0xa0 build/adc.o
                0x08003edc                MX_ADC2_Init
 .text.MX_ADC3_Init
                0x08003f7c       0xa0 build/adc.o
                0x08003f7c                MX_ADC3_Init
 .text.HAL_ADC_MspInit
                0x0800401c      0x108 build/adc.o
                0x0800401c                HAL_ADC_MspInit
 .text.StartDefaultTask
                0x08004124       0xa4 build/freertos.o
                0x08004124                StartDefaultTask
 .text.MX_FREERTOS_Init
                0x080041c8       0x88 build/freertos.o
                0x080041c8                MX_FREERTOS_Init
 .text.MX_SPI3_Init
                0x08004250       0x50 build/spi.o
                0x08004250                MX_SPI3_Init
 .text.HAL_SPI_MspInit
                0x080042a0       0x54 build/spi.o
                0x080042a0                HAL_SPI_MspInit
 .text.MX_CAN1_Init
                0x080042f4       0x40 build/can.o
                0x080042f4                MX_CAN1_Init
 .text.HAL_CAN_MspInit
                0x08004334       0x54 build/can.o
                0x08004334                HAL_CAN_MspInit
 .text.MX_UART4_Init
                0x08004388       0x3c build/usart.o
                0x08004388                MX_UART4_Init
 .text.HAL_UART_MspInit
                0x080043c4      0x108 build/usart.o
                0x080043c4                HAL_UART_MspInit
 .text.MX_DMA_Init
                0x080044cc       0x44 build/dma.o
                0x080044cc                MX_DMA_Init
 .text.HAL_PCD_MspInit
                0x08004510       0x68 build/usbd_conf.o
                0x08004510                HAL_PCD_MspInit
 .text.HAL_PCD_SetupStageCallback
                0x08004578       0x10 build/usbd_conf.o
                0x08004578                HAL_PCD_SetupStageCallback
 .text.HAL_PCD_DataOutStageCallback
                0x08004588       0x18 build/usbd_conf.o
                0x08004588                HAL_PCD_DataOutStageCallback
 .text.HAL_PCD_DataInStageCallback
                0x080045a0       0x18 build/usbd_conf.o
                0x080045a0                HAL_PCD_DataInStageCallback
 .text.HAL_PCD_SOFCallback
                0x080045b8        0xc build/usbd_conf.o
                0x080045b8                HAL_PCD_SOFCallback
 .text.HAL_PCD_ResetCallback
                0x080045c4       0x20 build/usbd_conf.o
                0x080045c4                HAL_PCD_ResetCallback
 .text.HAL_PCD_SuspendCallback
                0x080045e4       0x30 build/usbd_conf.o
                0x080045e4                HAL_PCD_SuspendCallback
 .text.HAL_PCD_ResumeCallback
                0x08004614        0xc build/usbd_conf.o
                0x08004614                HAL_PCD_ResumeCallback
 .text.HAL_PCD_ISOOUTIncompleteCallback
                0x08004620        0xc build/usbd_conf.o
                0x08004620                HAL_PCD_ISOOUTIncompleteCallback
 .text.HAL_PCD_ISOINIncompleteCallback
                0x0800462c        0xc build/usbd_conf.o
                0x0800462c                HAL_PCD_ISOINIncompleteCallback
 .text.HAL_PCD_ConnectCallback
                0x08004638        0xc build/usbd_conf.o
                0x08004638                HAL_PCD_ConnectCallback
 .text.HAL_PCD_DisconnectCallback
                0x08004644        0xc build/usbd_conf.o
                0x08004644                HAL_PCD_DisconnectCallback
 .text.USBD_LL_Init
                0x08004650       0x70 build/usbd_conf.o
                0x08004650                USBD_LL_Init
 .text.USBD_LL_Start
                0x080046c0       0x20 build/usbd_conf.o
                0x080046c0                USBD_LL_Start
 .text.USBD_LL_OpenEP
                0x080046e0       0x24 build/usbd_conf.o
                0x080046e0                USBD_LL_OpenEP
 .text.USBD_LL_CloseEP
                0x08004704       0x20 build/usbd_conf.o
                0x08004704                USBD_LL_CloseEP
 .text.USBD_LL_StallEP
                0x08004724       0x20 build/usbd_conf.o
                0x08004724                USBD_LL_StallEP
 .text.USBD_LL_ClearStallEP
                0x08004744       0x20 build/usbd_conf.o
                0x08004744                USBD_LL_ClearStallEP
 .text.USBD_LL_IsStallEP
                0x08004764       0x30 build/usbd_conf.o
                0x08004764                USBD_LL_IsStallEP
 .text.USBD_LL_SetUSBAddress
                0x08004794       0x20 build/usbd_conf.o
                0x08004794                USBD_LL_SetUSBAddress
 .text.USBD_LL_Transmit
                0x080047b4       0x20 build/usbd_conf.o
                0x080047b4                USBD_LL_Transmit
 .text.USBD_LL_PrepareReceive
                0x080047d4       0x20 build/usbd_conf.o
                0x080047d4                USBD_LL_PrepareReceive
 .text.USBD_LL_GetRxDataSize
                0x080047f4        0xc build/usbd_conf.o
                0x080047f4                USBD_LL_GetRxDataSize
 .text.USBD_FS_DeviceDescriptor
                0x08004800        0xc build/usbd_desc.o
                0x08004800                USBD_FS_DeviceDescriptor
 .text.USBD_FS_LangIDStrDescriptor
                0x0800480c        0xc build/usbd_desc.o
                0x0800480c                USBD_FS_LangIDStrDescriptor
 .text.USBD_FS_ProductStrDescriptor
                0x08004818       0x24 build/usbd_desc.o
                0x08004818                USBD_FS_ProductStrDescriptor
 .text.USBD_FS_ManufacturerStrDescriptor
                0x0800483c       0x1c build/usbd_desc.o
                0x0800483c                USBD_FS_ManufacturerStrDescriptor
 .text.USBD_FS_SerialStrDescriptor
                0x08004858       0x24 build/usbd_desc.o
                0x08004858                USBD_FS_SerialStrDescriptor
 .text.USBD_FS_ConfigStrDescriptor
                0x0800487c       0x24 build/usbd_desc.o
                0x0800487c                USBD_FS_ConfigStrDescriptor
 .text.USBD_FS_InterfaceStrDescriptor
                0x080048a0       0x24 build/usbd_desc.o
                0x080048a0                USBD_FS_InterfaceStrDescriptor
 .text.MX_USB_DEVICE_Init
                0x080048c4       0x38 build/usb_device.o
                0x080048c4                MX_USB_DEVICE_Init
 .text.DRV8301_readSpi
                0x080048fc       0xb4 build/drv8301.o
                0x080048fc                DRV8301_readSpi
 .text.DRV8301_enable
                0x080049b0       0x30 build/drv8301.o
                0x080049b0                DRV8301_enable
 .text.DRV8301_writeSpi
                0x080049e0       0x4c build/drv8301.o
                0x080049e0                DRV8301_writeSpi
 .text.DRV8301_writeData
                0x08004a2c       0x48 build/drv8301.o
                0x08004a2c                DRV8301_writeData
 .text.DRV8301_readData
                0x08004a74       0xc0 build/drv8301.o
                0x08004a74                DRV8301_readData
 .text.DRV8301_setupSpi
                0x08004b34       0xc4 build/drv8301.o
                0x08004b34                DRV8301_setupSpi
 .text.HAL_Init
                0x08004bf8       0x34 build/stm32f4xx_hal.o
                0x08004bf8                HAL_Init
 .text.HAL_IncTick
                0x08004c2c       0x10 build/stm32f4xx_hal.o
                0x08004c2c                HAL_IncTick
 .text.HAL_GetTick
                0x08004c3c        0xc build/stm32f4xx_hal.o
                0x08004c3c                HAL_GetTick
 .text.HAL_Delay
                0x08004c48       0x24 build/stm32f4xx_hal.o
                0x08004c48                HAL_Delay
 .text.HAL_RCC_OscConfig
                0x08004c6c      0x3c8 build/stm32f4xx_hal_rcc.o
                0x08004c6c                HAL_RCC_OscConfig
 .text.HAL_RCC_GetSysClockFreq
                0x08005034       0xa4 build/stm32f4xx_hal_rcc.o
                0x08005034                HAL_RCC_GetSysClockFreq
 .text.HAL_RCC_ClockConfig
                0x080050d8      0x1b0 build/stm32f4xx_hal_rcc.o
                0x080050d8                HAL_RCC_ClockConfig
 .text.HAL_RCC_GetHCLKFreq
                0x08005288        0xc build/stm32f4xx_hal_rcc.o
                0x08005288                HAL_RCC_GetHCLKFreq
 .text.HAL_RCC_GetPCLK1Freq
                0x08005294       0x30 build/stm32f4xx_hal_rcc.o
                0x08005294                HAL_RCC_GetPCLK1Freq
 .text.HAL_RCC_GetPCLK2Freq
                0x080052c4       0x30 build/stm32f4xx_hal_rcc.o
                0x080052c4                HAL_RCC_GetPCLK2Freq
 .text.HAL_RCC_GetClockConfig
                0x080052f4       0x3c build/stm32f4xx_hal_rcc.o
                0x080052f4                HAL_RCC_GetClockConfig
 .text.TIM_CCxNChannelCmd
                0x08005330       0x20 build/stm32f4xx_hal_tim_ex.o
 .text.HAL_TIMEx_PWMN_Start
                0x08005350       0x24 build/stm32f4xx_hal_tim_ex.o
                0x08005350                HAL_TIMEx_PWMN_Start
 .text.HAL_TIMEx_MasterConfigSynchronization
                0x08005374       0x54 build/stm32f4xx_hal_tim_ex.o
                0x08005374                HAL_TIMEx_MasterConfigSynchronization
 .text.HAL_TIMEx_ConfigBreakDeadTime
                0x080053c8       0x58 build/stm32f4xx_hal_tim_ex.o
                0x080053c8                HAL_TIMEx_ConfigBreakDeadTime
 .text.HAL_TIMEx_CommutationCallback
                0x08005420        0x4 build/stm32f4xx_hal_tim_ex.o
                0x08005420                HAL_TIMEx_CommutationCallback
 .text.HAL_TIMEx_BreakCallback
                0x08005424        0x4 build/stm32f4xx_hal_tim_ex.o
                0x08005424                HAL_TIMEx_BreakCallback
 .text.SPI_WaitFlagStateUntilTimeout
                0x08005428       0x94 build/stm32f4xx_hal_spi.o
 .text.SPI_CheckFlag_BSY
                0x080054bc       0x28 build/stm32f4xx_hal_spi.o
 .text.HAL_SPI_Init
                0x080054e4       0x84 build/stm32f4xx_hal_spi.o
                0x080054e4                HAL_SPI_Init
 .text.HAL_SPI_Transmit
                0x08005568      0x1b0 build/stm32f4xx_hal_spi.o
                0x08005568                HAL_SPI_Transmit
 .text.HAL_SPI_TransmitReceive
                0x08005718      0x244 build/stm32f4xx_hal_spi.o
                0x08005718                HAL_SPI_TransmitReceive
 .text.HAL_CAN_Init
                0x0800595c      0x188 build/stm32f4xx_hal_can.o
                0x0800595c                HAL_CAN_Init
 .text.ADC_Init
                0x08005ae4      0x138 build/stm32f4xx_hal_adc.o
 .text.HAL_ADC_Init
                0x08005c1c       0x54 build/stm32f4xx_hal_adc.o
                0x08005c1c                HAL_ADC_Init
 .text.HAL_ADC_GetValue
                0x08005c70        0x8 build/stm32f4xx_hal_adc.o
                0x08005c70                HAL_ADC_GetValue
 .text.HAL_ADC_ConfigChannel
                0x08005c78      0x18c build/stm32f4xx_hal_adc.o
                0x08005c78                HAL_ADC_ConfigChannel
 .text.DMA_SetConfig
                0x08005e04       0x2c build/stm32f4xx_hal_dma.o
 .text.DMA_CalcBaseAndBitshift
                0x08005e30       0x3c build/stm32f4xx_hal_dma.o
 .text.DMA_CheckFifoParam
                0x08005e6c       0x90 build/stm32f4xx_hal_dma.o
 .text.HAL_DMA_Init
                0x08005efc       0xd0 build/stm32f4xx_hal_dma.o
                0x08005efc                HAL_DMA_Init
 .text.HAL_DMA_Start_IT
                0x08005fcc       0x74 build/stm32f4xx_hal_dma.o
                0x08005fcc                HAL_DMA_Start_IT
 .text.HAL_DMA_Abort
                0x08006040       0x94 build/stm32f4xx_hal_dma.o
                0x08006040                HAL_DMA_Abort
 .text.HAL_DMA_Abort_IT
                0x080060d4       0x28 build/stm32f4xx_hal_dma.o
                0x080060d4                HAL_DMA_Abort_IT
 .text.HAL_DMA_IRQHandler
                0x080060fc      0x1e0 build/stm32f4xx_hal_dma.o
                0x080060fc                HAL_DMA_IRQHandler
 .text.HAL_NVIC_SetPriorityGrouping
                0x080062dc       0x24 build/stm32f4xx_hal_cortex.o
                0x080062dc                HAL_NVIC_SetPriorityGrouping
 .text.HAL_NVIC_SetPriority
                0x08006300       0x64 build/stm32f4xx_hal_cortex.o
                0x08006300                HAL_NVIC_SetPriority
 .text.HAL_NVIC_EnableIRQ
                0x08006364       0x18 build/stm32f4xx_hal_cortex.o
                0x08006364                HAL_NVIC_EnableIRQ
 .text.HAL_NVIC_DisableIRQ
                0x0800637c       0x1c build/stm32f4xx_hal_cortex.o
                0x0800637c                HAL_NVIC_DisableIRQ
 .text.HAL_SYSTICK_Config
                0x08006398       0x2c build/stm32f4xx_hal_cortex.o
                0x08006398                HAL_SYSTICK_Config
 .text.HAL_SYSTICK_CLKSourceConfig
                0x080063c4       0x20 build/stm32f4xx_hal_cortex.o
                0x080063c4                HAL_SYSTICK_CLKSourceConfig
 .text.TIM_OC1_SetConfig
                0x080063e4       0x68 build/stm32f4xx_hal_tim.o
 .text.TIM_OC3_SetConfig
                0x0800644c       0x6c build/stm32f4xx_hal_tim.o
 .text.TIM_OC4_SetConfig
                0x080064b8       0x5c build/stm32f4xx_hal_tim.o
 .text.TIM_TI1_ConfigInputStage
                0x08006514       0x28 build/stm32f4xx_hal_tim.o
 .text.TIM_TI2_ConfigInputStage
                0x0800653c       0x28 build/stm32f4xx_hal_tim.o
 .text.TIM_ITRx_SetConfig
                0x08006564       0x10 build/stm32f4xx_hal_tim.o
 .text.TIM_ETR_SetConfig
                0x08006574       0x1c build/stm32f4xx_hal_tim.o
 .text.HAL_TIM_Base_Start_IT
                0x08006590       0x18 build/stm32f4xx_hal_tim.o
                0x08006590                HAL_TIM_Base_Start_IT
 .text.HAL_TIM_OC_MspInit
                0x080065a8        0x4 build/stm32f4xx_hal_tim.o
                0x080065a8                HAL_TIM_OC_MspInit
 .text.HAL_TIM_ConfigClockSource
                0x080065ac      0x114 build/stm32f4xx_hal_tim.o
                0x080065ac                HAL_TIM_ConfigClockSource
 .text.HAL_TIM_OC_DelayElapsedCallback
                0x080066c0        0x4 build/stm32f4xx_hal_tim.o
                0x080066c0                HAL_TIM_OC_DelayElapsedCallback
 .text.HAL_TIM_IC_CaptureCallback
                0x080066c4        0x4 build/stm32f4xx_hal_tim.o
                0x080066c4                HAL_TIM_IC_CaptureCallback
 .text.HAL_TIM_PWM_PulseFinishedCallback
                0x080066c8        0x4 build/stm32f4xx_hal_tim.o
                0x080066c8                HAL_TIM_PWM_PulseFinishedCallback
 .text.HAL_TIM_TriggerCallback
                0x080066cc        0x4 build/stm32f4xx_hal_tim.o
                0x080066cc                HAL_TIM_TriggerCallback
 .text.HAL_TIM_IRQHandler
                0x080066d0      0x174 build/stm32f4xx_hal_tim.o
                0x080066d0                HAL_TIM_IRQHandler
 .text.TIM_Base_SetConfig
                0x08006844      0x11c build/stm32f4xx_hal_tim.o
                0x08006844                TIM_Base_SetConfig
 .text.HAL_TIM_Base_Init
                0x08006960       0x38 build/stm32f4xx_hal_tim.o
                0x08006960                HAL_TIM_Base_Init
 .text.HAL_TIM_OC_Init
                0x08006998       0x38 build/stm32f4xx_hal_tim.o
                0x08006998                HAL_TIM_OC_Init
 .text.HAL_TIM_PWM_Init
                0x080069d0       0x38 build/stm32f4xx_hal_tim.o
                0x080069d0                HAL_TIM_PWM_Init
 .text.HAL_TIM_Encoder_Init
                0x08006a08       0x9c build/stm32f4xx_hal_tim.o
                0x08006a08                HAL_TIM_Encoder_Init
 .text.TIM_OC2_SetConfig
                0x08006aa4       0x70 build/stm32f4xx_hal_tim.o
                0x08006aa4                TIM_OC2_SetConfig
 .text.HAL_TIM_OC_ConfigChannel
                0x08006b14       0x60 build/stm32f4xx_hal_tim.o
                0x08006b14                HAL_TIM_OC_ConfigChannel
 .text.HAL_TIM_PWM_ConfigChannel
                0x08006b74       0xdc build/stm32f4xx_hal_tim.o
                0x08006b74                HAL_TIM_PWM_ConfigChannel
 .text.TIM_CCxChannelCmd
                0x08006c50       0x20 build/stm32f4xx_hal_tim.o
                0x08006c50                TIM_CCxChannelCmd
 .text.HAL_TIM_PWM_Start
                0x08006c70       0x44 build/stm32f4xx_hal_tim.o
                0x08006c70                HAL_TIM_PWM_Start
 .text.HAL_TIM_PWM_Start_IT
                0x08006cb4       0x88 build/stm32f4xx_hal_tim.o
                0x08006cb4                HAL_TIM_PWM_Start_IT
 .text.HAL_TIM_Encoder_Start
                0x08006d3c       0x48 build/stm32f4xx_hal_tim.o
                0x08006d3c                HAL_TIM_Encoder_Start
 .text.HAL_GPIO_Init
                0x08006d84      0x1c0 build/stm32f4xx_hal_gpio.o
                0x08006d84                HAL_GPIO_Init
 .text.HAL_GPIO_ReadPin
                0x08006f44       0x10 build/stm32f4xx_hal_gpio.o
                0x08006f44                HAL_GPIO_ReadPin
 .text.HAL_GPIO_WritePin
                0x08006f54        0xc build/stm32f4xx_hal_gpio.o
                0x08006f54                HAL_GPIO_WritePin
 .text.HAL_GPIO_EXTI_IRQHandler
                0x08006f60       0x18 build/stm32f4xx_hal_gpio.o
                0x08006f60                HAL_GPIO_EXTI_IRQHandler
 .text.HAL_ADCEx_InjectedGetValue
                0x08006f78       0x40 build/stm32f4xx_hal_adc_ex.o
                0x08006f78                HAL_ADCEx_InjectedGetValue
 .text.HAL_ADCEx_InjectedConfigChannel
                0x08006fb8      0x200 build/stm32f4xx_hal_adc_ex.o
                0x08006fb8                HAL_ADCEx_InjectedConfigChannel
 .text.PCD_WriteEmptyTxFifo
                0x080071b8       0xb0 build/stm32f4xx_hal_pcd.o
 .text.HAL_PCD_Init
                0x08007268       0xe4 build/stm32f4xx_hal_pcd.o
                0x08007268                HAL_PCD_Init
 .text.HAL_PCD_Start
                0x0800734c       0x2c build/stm32f4xx_hal_pcd.o
                0x0800734c                HAL_PCD_Start
 .text.HAL_PCD_IRQHandler
                0x08007378      0x57c build/stm32f4xx_hal_pcd.o
                0x08007378                HAL_PCD_IRQHandler
 .text.HAL_PCD_SetAddress
                0x080078f4       0x24 build/stm32f4xx_hal_pcd.o
                0x080078f4                HAL_PCD_SetAddress
 .text.HAL_PCD_EP_Open
                0x08007918       0x68 build/stm32f4xx_hal_pcd.o
                0x08007918                HAL_PCD_EP_Open
 .text.HAL_PCD_EP_Close
                0x08007980       0x58 build/stm32f4xx_hal_pcd.o
                0x08007980                HAL_PCD_EP_Close
 .text.HAL_PCD_EP_Receive
                0x080079d8       0x58 build/stm32f4xx_hal_pcd.o
                0x080079d8                HAL_PCD_EP_Receive
 .text.HAL_PCD_EP_GetRxCount
                0x08007a30       0x14 build/stm32f4xx_hal_pcd.o
                0x08007a30                HAL_PCD_EP_GetRxCount
 .text.HAL_PCD_EP_Transmit
                0x08007a44       0x50 build/stm32f4xx_hal_pcd.o
                0x08007a44                HAL_PCD_EP_Transmit
 .text.HAL_PCD_EP_SetStall
                0x08007a94       0x64 build/stm32f4xx_hal_pcd.o
                0x08007a94                HAL_PCD_EP_SetStall
 .text.HAL_PCD_EP_ClrStall
                0x08007af8       0x58 build/stm32f4xx_hal_pcd.o
                0x08007af8                HAL_PCD_EP_ClrStall
 .text.HAL_PCDEx_SetTxFiFo
                0x08007b50       0x48 build/stm32f4xx_hal_pcd_ex.o
                0x08007b50                HAL_PCDEx_SetTxFiFo
 .text.HAL_PCDEx_SetRxFiFo
                0x08007b98        0x8 build/stm32f4xx_hal_pcd_ex.o
                0x08007b98                HAL_PCDEx_SetRxFiFo
 .text.UART_EndTxTransfer
                0x08007ba0       0x14 build/stm32f4xx_hal_uart.o
 .text.UART_EndRxTransfer
                0x08007bb4       0x1c build/stm32f4xx_hal_uart.o
 .text.UART_Transmit_IT
                0x08007bd0       0x6c build/stm32f4xx_hal_uart.o
 .text.UART_SetConfig
                0x08007c3c      0x32c build/stm32f4xx_hal_uart.o
 .text.HAL_UART_Init
                0x08007f68       0x64 build/stm32f4xx_hal_uart.o
                0x08007f68                HAL_UART_Init
 .text.HAL_UART_Transmit_DMA
                0x08007fcc       0x8c build/stm32f4xx_hal_uart.o
                0x08007fcc                HAL_UART_Transmit_DMA
 .text.HAL_UART_Receive_DMA
                0x08008058       0xa8 build/stm32f4xx_hal_uart.o
                0x08008058                HAL_UART_Receive_DMA
 .text.HAL_UART_AbortReceive
                0x08008100       0x44 build/stm32f4xx_hal_uart.o
                0x08008100                HAL_UART_AbortReceive
 .text.UART_DMATransmitCplt
                0x08008144       0x30 build/stm32f4xx_hal_uart.o
 .text.UART_EndTransmit_IT
                0x08008174       0x1c build/stm32f4xx_hal_uart.o
 .text.HAL_UART_TxHalfCpltCallback
                0x08008190        0x4 build/stm32f4xx_hal_uart.o
                0x08008190                HAL_UART_TxHalfCpltCallback
 .text.UART_DMATxHalfCplt
                0x08008194        0xc build/stm32f4xx_hal_uart.o
 .text.HAL_UART_RxCpltCallback
                0x080081a0        0x4 build/stm32f4xx_hal_uart.o
                0x080081a0                HAL_UART_RxCpltCallback
 .text.UART_DMAReceiveCplt
                0x080081a4       0x40 build/stm32f4xx_hal_uart.o
 .text.UART_Receive_IT
                0x080081e4       0x94 build/stm32f4xx_hal_uart.o
 .text.HAL_UART_RxHalfCpltCallback
                0x08008278        0x4 build/stm32f4xx_hal_uart.o
                0x08008278                HAL_UART_RxHalfCpltCallback
 .text.UART_DMARxHalfCplt
                0x0800827c        0xc build/stm32f4xx_hal_uart.o
 .text.HAL_UART_ErrorCallback
                0x08008288        0x4 build/stm32f4xx_hal_uart.o
                0x08008288                HAL_UART_ErrorCallback
 .text.UART_DMAError
                0x0800828c       0x50 build/stm32f4xx_hal_uart.o
 .text.HAL_UART_IRQHandler
                0x080082dc      0x11c build/stm32f4xx_hal_uart.o
                0x080082dc                HAL_UART_IRQHandler
 .text.UART_DMAAbortOnError
                0x080083f8       0x10 build/stm32f4xx_hal_uart.o
 .text.USB_CoreInit
                0x08008408       0x78 build/stm32f4xx_ll_usb.o
                0x08008408                USB_CoreInit
 .text.USB_EnableGlobalInt
                0x08008480        0xc build/stm32f4xx_ll_usb.o
                0x08008480                USB_EnableGlobalInt
 .text.USB_DisableGlobalInt
                0x0800848c        0xc build/stm32f4xx_ll_usb.o
                0x0800848c                USB_DisableGlobalInt
 .text.USB_SetCurrentMode
                0x08008498       0x2c build/stm32f4xx_ll_usb.o
                0x08008498                USB_SetCurrentMode
 .text.USB_DevInit
                0x080084c4      0x14c build/stm32f4xx_ll_usb.o
                0x080084c4                USB_DevInit
 .text.USB_FlushTxFifo
                0x08008610       0x28 build/stm32f4xx_ll_usb.o
                0x08008610                USB_FlushTxFifo
 .text.USB_FlushRxFifo
                0x08008638       0x24 build/stm32f4xx_ll_usb.o
                0x08008638                USB_FlushRxFifo
 .text.USB_SetDevSpeed
                0x0800865c       0x10 build/stm32f4xx_ll_usb.o
                0x0800865c                USB_SetDevSpeed
 .text.USB_GetDevSpeed
                0x0800866c       0x40 build/stm32f4xx_ll_usb.o
                0x0800866c                USB_GetDevSpeed
 .text.USB_ActivateEndpoint
                0x080086ac       0x98 build/stm32f4xx_ll_usb.o
                0x080086ac                USB_ActivateEndpoint
 .text.USB_DeactivateEndpoint
                0x08008744       0xf4 build/stm32f4xx_ll_usb.o
                0x08008744                USB_DeactivateEndpoint
 .text.USB_EPStartXfer
                0x08008838      0x258 build/stm32f4xx_ll_usb.o
                0x08008838                USB_EPStartXfer
 .text.USB_EP0StartXfer
                0x08008a90      0x160 build/stm32f4xx_ll_usb.o
                0x08008a90                USB_EP0StartXfer
 .text.USB_WritePacket
                0x08008bf0       0x2c build/stm32f4xx_ll_usb.o
                0x08008bf0                USB_WritePacket
 .text.USB_ReadPacket
                0x08008c1c       0x24 build/stm32f4xx_ll_usb.o
                0x08008c1c                USB_ReadPacket
 .text.USB_EPSetStall
                0x08008c40       0x64 build/stm32f4xx_ll_usb.o
                0x08008c40                USB_EPSetStall
 .text.USB_EPClearStall
                0x08008ca4       0x68 build/stm32f4xx_ll_usb.o
                0x08008ca4                USB_EPClearStall
 .text.USB_SetDevAddress
                0x08008d0c       0x20 build/stm32f4xx_ll_usb.o
                0x08008d0c                USB_SetDevAddress
 .text.USB_DevConnect
                0x08008d2c       0x18 build/stm32f4xx_ll_usb.o
                0x08008d2c                USB_DevConnect
 .text.USB_DevDisconnect
                0x08008d44       0x18 build/stm32f4xx_ll_usb.o
                0x08008d44                USB_DevDisconnect
 .text.USB_ReadInterrupts
                0x08008d5c        0x8 build/stm32f4xx_ll_usb.o
                0x08008d5c                USB_ReadInterrupts
 .text.USB_ReadDevAllOutEpInterrupt
                0x08008d64       0x10 build/stm32f4xx_ll_usb.o
                0x08008d64                USB_ReadDevAllOutEpInterrupt
 .text.USB_ReadDevAllInEpInterrupt
                0x08008d74       0x10 build/stm32f4xx_ll_usb.o
                0x08008d74                USB_ReadDevAllInEpInterrupt
 .text.USB_ReadDevOutEPInterrupt
                0x08008d84       0x14 build/stm32f4xx_ll_usb.o
                0x08008d84                USB_ReadDevOutEPInterrupt
 .text.USB_ReadDevInEPInterrupt
                0x08008d98       0x24 build/stm32f4xx_ll_usb.o
                0x08008d98                USB_ReadDevInEPInterrupt
 .text.USB_GetMode
                0x08008dbc        0x8 build/stm32f4xx_ll_usb.o
                0x08008dbc                USB_GetMode
 .text.USB_ActivateSetup
                0x08008dc4       0x38 build/stm32f4xx_ll_usb.o
                0x08008dc4                USB_ActivateSetup
 .text.USB_EP0_OutStart
                0x08008dfc       0x44 build/stm32f4xx_ll_usb.o
                0x08008dfc                USB_EP0_OutStart
 .text.USB_CoreReset
                0x08008e40       0x3c build/stm32f4xx_ll_usb.o
 .text.CDC_DeInit_FS
                0x08008e7c        0x4 build/usbd_cdc_if.o
 .text.CDC_Control_FS
                0x08008e80        0x4 build/usbd_cdc_if.o
 .text.CDC_Receive_FS
                0x08008e84       0x28 build/usbd_cdc_if.o
 .text.CDC_Init_FS
                0x08008eac       0x28 build/usbd_cdc_if.o
 .text.CDC_Transmit_FS
                0x08008ed4       0x44 build/usbd_cdc_if.o
                0x08008ed4                CDC_Transmit_FS
 .text._write   0x08008f18       0x80 build/syscalls.o
                0x08008f18                _write
 .text.HAL_UART_TxCpltCallback
                0x08008f98       0x10 build/syscalls.o
                0x08008f98                HAL_UART_TxCpltCallback
 .text.SVM      0x08008fa8      0x2b4 build/utils.o
                0x08008fa8                SVM
 .text.wrap_pm_pi
                0x0800925c       0x40 build/utils.o
                0x0800925c                wrap_pm_pi
 .text.fast_atan2
                0x0800929c       0x98 build/utils.o
                0x0800929c                fast_atan2
 .text.mod      0x08009334       0x10 build/utils.o
                0x08009334                mod
 .text.print_monitoring
                0x08009344       0xb4 build/commands.o
 .text.init_communication
                0x080093f8        0x4 build/commands.o
                0x080093f8                init_communication
 .text.motor_parse_cmd
                0x080093fc      0x360 build/commands.o
                0x080093fc                motor_parse_cmd
 .text.cmd_parse_thread
                0x0800975c       0xdc build/commands.o
                0x0800975c                cmd_parse_thread
 .text.set_cmd_buffer
                0x08009838       0x14 build/commands.o
                0x08009838                set_cmd_buffer
 .text.usb_update_thread
                0x0800984c       0x28 build/commands.o
                0x0800984c                usb_update_thread
 .text.check_timing
                0x08009874       0x3c build/low_level.o
 .text.phase_current_from_adcval
                0x080098b0       0x2c build/low_level.o
 .text.sync_timers
                0x080098dc      0x154 build/low_level.o
 .text.using_encoder
                0x08009a30       0x18 build/low_level.o
 .text.using_sensorless
                0x08009a48       0x10 build/low_level.o
 .text.get_rotor_phase
                0x08009a58       0x28 build/low_level.o
 .text.get_pll_vel
                0x08009a80       0x28 build/low_level.o
 .text.update_brake_current
                0x08009aa8       0x80 build/low_level.o
 .text.global_fault
                0x08009b28       0x54 build/low_level.o
 .text.DRV8301_setup
                0x08009b7c       0x54 build/low_level.o
 .text.start_pwm
                0x08009bd0       0x54 build/low_level.o
 .text.start_adc_pwm
                0x08009c24       0xdc build/low_level.o
 .text.update_rotor
                0x08009d00      0x280 build/low_level.o
 .text.queue_modulation_timings
                0x08009f80       0x58 build/low_level.o
 .text.FOC_current
                0x08009fd8      0x1b4 build/low_level.o
 .text.spin_up_timestep
                0x0800a18c       0x50 build/low_level.o
 .text.spin_up_sensorless
                0x0800a1dc       0xac build/low_level.o
 .text.queue_voltage_timings
                0x0800a288       0x24 build/low_level.o
 .text.measure_phase_resistance
                0x0800a2ac      0x104 build/low_level.o
 .text.measure_phase_inductance
                0x0800a3b0      0x10c build/low_level.o
 .text.calib_enc_offset
                0x0800a4bc      0x1c0 build/low_level.o
 .text.motor_calibration
                0x0800a67c       0x9c build/low_level.o
 .text.set_pos_setpoint
                0x0800a718       0x14 build/low_level.o
                0x0800a718                set_pos_setpoint
 .text.set_vel_setpoint
                0x0800a72c       0x10 build/low_level.o
                0x0800a72c                set_vel_setpoint
 .text.set_current_setpoint
                0x0800a73c        0xc build/low_level.o
                0x0800a73c                set_current_setpoint
 .text.init_motor_control
                0x0800a748       0x3c build/low_level.o
                0x0800a748                init_motor_control
 .text.step_cb  0x0800a784       0x88 build/low_level.o
                0x0800a784                step_cb
 .text.vbus_sense_adc_cb
                0x0800a80c       0x28 build/low_level.o
                0x0800a80c                vbus_sense_adc_cb
 .text.pwm_trig_adc_cb
                0x0800a834      0x16c build/low_level.o
                0x0800a834                pwm_trig_adc_cb
 .text.anti_cogging_calibration
                0x0800a9a0       0xac build/low_level.o
                0x0800a9a0                anti_cogging_calibration
 .text.control_motor_loop
                0x0800aa4c      0x178 build/low_level.o
 .text.motor_thread
                0x0800abc4       0xd4 build/low_level.o
                0x0800abc4                motor_thread
 .text.Reset_Handler
                0x0800ac98       0x50 build/startup_stm32f405xx.o
                0x0800ac98                Reset_Handler
 .text.Default_Handler
                0x0800ace8        0x2 build/startup_stm32f405xx.o
                0x0800ace8                RTC_Alarm_IRQHandler
                0x0800ace8                HASH_RNG_IRQHandler
                0x0800ace8                TIM8_CC_IRQHandler
                0x0800ace8                TIM1_CC_IRQHandler
                0x0800ace8                DMA2_Stream5_IRQHandler
                0x0800ace8                DMA1_Stream5_IRQHandler
                0x0800ace8                PVD_IRQHandler
                0x0800ace8                SDIO_IRQHandler
                0x0800ace8                TAMP_STAMP_IRQHandler
                0x0800ace8                CAN2_RX1_IRQHandler
                0x0800ace8                EXTI3_IRQHandler
                0x0800ace8                TIM1_UP_TIM10_IRQHandler
                0x0800ace8                TIM8_UP_TIM13_IRQHandler
                0x0800ace8                I2C3_ER_IRQHandler
                0x0800ace8                I2C2_EV_IRQHandler
                0x0800ace8                CAN1_RX0_IRQHandler
                0x0800ace8                FPU_IRQHandler
                0x0800ace8                OTG_HS_WKUP_IRQHandler
                0x0800ace8                CAN2_SCE_IRQHandler
                0x0800ace8                DMA2_Stream2_IRQHandler
                0x0800ace8                SPI1_IRQHandler
                0x0800ace8                TIM6_DAC_IRQHandler
                0x0800ace8                TIM1_BRK_TIM9_IRQHandler
                0x0800ace8                CAN2_RX0_IRQHandler
                0x0800ace8                DMA2_Stream3_IRQHandler
                0x0800ace8                USART6_IRQHandler
                0x0800ace8                USART3_IRQHandler
                0x0800ace8                CAN1_RX1_IRQHandler
                0x0800ace8                UART5_IRQHandler
                0x0800ace8                DMA2_Stream0_IRQHandler
                0x0800ace8                TIM4_IRQHandler
                0x0800ace8                I2C1_EV_IRQHandler
                0x0800ace8                DMA1_Stream6_IRQHandler
                0x0800ace8                DMA1_Stream1_IRQHandler
                0x0800ace8                TIM3_IRQHandler
                0x0800ace8                RCC_IRQHandler
                0x0800ace8                TIM8_BRK_TIM12_IRQHandler
                0x0800ace8                Default_Handler
                0x0800ace8                EXTI15_10_IRQHandler
                0x0800ace8                DMA1_Stream7_IRQHandler
                0x0800ace8                TIM7_IRQHandler
                0x0800ace8                CAN2_TX_IRQHandler
                0x0800ace8                TIM5_IRQHandler
                0x0800ace8                DMA2_Stream7_IRQHandler
                0x0800ace8                I2C3_EV_IRQHandler
                0x0800ace8                EXTI9_5_IRQHandler
                0x0800ace8                RTC_WKUP_IRQHandler
                0x0800ace8                SPI2_IRQHandler
                0x0800ace8                OTG_HS_EP1_IN_IRQHandler
                0x0800ace8                DMA1_Stream0_IRQHandler
                0x0800ace8                CAN1_TX_IRQHandler
                0x0800ace8                FSMC_IRQHandler
                0x0800ace8                OTG_HS_EP1_OUT_IRQHandler
                0x0800ace8                WWDG_IRQHandler
                0x0800ace8                TIM2_IRQHandler
                0x0800ace8                OTG_FS_WKUP_IRQHandler
                0x0800ace8                TIM1_TRG_COM_TIM11_IRQHandler
                0x0800ace8                OTG_HS_IRQHandler
                0x0800ace8                EXTI1_IRQHandler
                0x0800ace8                USART2_IRQHandler
                0x0800ace8                I2C2_ER_IRQHandler
                0x0800ace8                DMA2_Stream1_IRQHandler
                0x0800ace8                CAN1_SCE_IRQHandler
                0x0800ace8                FLASH_IRQHandler
                0x0800ace8                DMA2_Stream4_IRQHandler
                0x0800ace8                USART1_IRQHandler
                0x0800ace8                SPI3_IRQHandler
                0x0800ace8                I2C1_ER_IRQHandler
                0x0800ace8                DMA2_Stream6_IRQHandler
                0x0800ace8                DMA1_Stream3_IRQHandler
 *fill*         0x0800acea        0x2 
 .text.arm_sin_f32
                0x0800acec       0x88 Drivers/CMSIS/Lib\libarm_cortexM4lf_math.a(arm_sin_f32.o)
                0x0800acec                arm_sin_f32
 .text.arm_cos_f32
                0x0800ad74       0x80 Drivers/CMSIS/Lib\libarm_cortexM4lf_math.a(arm_cos_f32.o)
                0x0800ad74                arm_cos_f32
 .text.floorf   0x0800adf4       0x90 d:/cygwin/opt/ecos/gnutools/arm-none-eabi/bin/../lib/gcc/arm-none-eabi/5.4.1/../../../../arm-none-eabi/lib/armv7e-m/fpu\libm.a(lib_a-sf_floor.o)
                0x0800adf4                floorf
 .text.__assert_func
                0x0800ae84       0x3c d:/cygwin/opt/ecos/gnutools/arm-none-eabi/bin/../lib/gcc/arm-none-eabi/5.4.1/../../../../arm-none-eabi/lib/armv7e-m/fpu\libc_nano.a(lib_a-assert.o)
                0x0800ae84                __assert_func
 .text.fprintf  0x0800aec0       0x24 d:/cygwin/opt/ecos/gnutools/arm-none-eabi/bin/../lib/gcc/arm-none-eabi/5.4.1/../../../../arm-none-eabi/lib/armv7e-m/fpu\libc_nano.a(lib_a-fprintf.o)
                0x0800aec0                fiprintf
                0x0800aec0                fprintf
 .text.__libc_init_array
                0x0800aee4       0x4c d:/cygwin/opt/ecos/gnutools/arm-none-eabi/bin/../lib/gcc/arm-none-eabi/5.4.1/../../../../arm-none-eabi/lib/armv7e-m/fpu\libc_nano.a(lib_a-init.o)
                0x0800aee4                __libc_init_array
 .text.malloc   0x0800af30       0x10 d:/cygwin/opt/ecos/gnutools/arm-none-eabi/bin/../lib/gcc/arm-none-eabi/5.4.1/../../../../arm-none-eabi/lib/armv7e-m/fpu\libc_nano.a(lib_a-malloc.o)
                0x0800af30                malloc
 .text.free     0x0800af40       0x10 d:/cygwin/opt/ecos/gnutools/arm-none-eabi/bin/../lib/gcc/arm-none-eabi/5.4.1/../../../../arm-none-eabi/lib/armv7e-m/fpu\libc_nano.a(lib_a-malloc.o)
                0x0800af40                free
 .text.memcpy   0x0800af50       0x16 d:/cygwin/opt/ecos/gnutools/arm-none-eabi/bin/../lib/gcc/arm-none-eabi/5.4.1/../../../../arm-none-eabi/lib/armv7e-m/fpu\libc_nano.a(lib_a-memcpy-stub.o)
                0x0800af50                memcpy
 .text.memset   0x0800af66       0x10 d:/cygwin/opt/ecos/gnutools/arm-none-eabi/bin/../lib/gcc/arm-none-eabi/5.4.1/../../../../arm-none-eabi/lib/armv7e-m/fpu\libc_nano.a(lib_a-memset.o)
                0x0800af66                memset
 *fill*         0x0800af76        0x2 
 .text._free_r  0x0800af78       0x9c d:/cygwin/opt/ecos/gnutools/arm-none-eabi/bin/../lib/gcc/arm-none-eabi/5.4.1/../../../../arm-none-eabi/lib/armv7e-m/fpu\libc_nano.a(lib_a-nano-freer.o)
                0x0800af78                _free_r
 .text._malloc_r
                0x0800b014       0xbc d:/cygwin/opt/ecos/gnutools/arm-none-eabi/bin/../lib/gcc/arm-none-eabi/5.4.1/../../../../arm-none-eabi/lib/armv7e-m/fpu\libc_nano.a(lib_a-nano-mallocr.o)
                0x0800b014                _malloc_r
 .text.__sfputc_r
                0x0800b0d0       0x30 d:/cygwin/opt/ecos/gnutools/arm-none-eabi/bin/../lib/gcc/arm-none-eabi/5.4.1/../../../../arm-none-eabi/lib/armv7e-m/fpu\libc_nano.a(lib_a-nano-vfprintf.o)
 .text.__sfputs_r
                0x0800b100       0x24 d:/cygwin/opt/ecos/gnutools/arm-none-eabi/bin/../lib/gcc/arm-none-eabi/5.4.1/../../../../arm-none-eabi/lib/armv7e-m/fpu\libc_nano.a(lib_a-nano-vfprintf.o)
                0x0800b100                __sfputs_r
 .text._vfprintf_r
                0x0800b124      0x238 d:/cygwin/opt/ecos/gnutools/arm-none-eabi/bin/../lib/gcc/arm-none-eabi/5.4.1/../../../../arm-none-eabi/lib/armv7e-m/fpu\libc_nano.a(lib_a-nano-vfprintf.o)
                0x0800b124                _vfprintf_r
                0x0800b124                _vfiprintf_r
 .text.__cvt    0x0800b35c       0xc8 d:/cygwin/opt/ecos/gnutools/arm-none-eabi/bin/../lib/gcc/arm-none-eabi/5.4.1/../../../../arm-none-eabi/lib/armv7e-m/fpu\libc_nano.a(lib_a-nano-vfprintf_float.o)
                0x0800b35c                __cvt
 .text.__exponent
                0x0800b424       0x60 d:/cygwin/opt/ecos/gnutools/arm-none-eabi/bin/../lib/gcc/arm-none-eabi/5.4.1/../../../../arm-none-eabi/lib/armv7e-m/fpu\libc_nano.a(lib_a-nano-vfprintf_float.o)
                0x0800b424                __exponent
 .text._printf_float
                0x0800b484      0x47c d:/cygwin/opt/ecos/gnutools/arm-none-eabi/bin/../lib/gcc/arm-none-eabi/5.4.1/../../../../arm-none-eabi/lib/armv7e-m/fpu\libc_nano.a(lib_a-nano-vfprintf_float.o)
                0x0800b484                _printf_float
 .text._printf_common
                0x0800b900       0xec d:/cygwin/opt/ecos/gnutools/arm-none-eabi/bin/../lib/gcc/arm-none-eabi/5.4.1/../../../../arm-none-eabi/lib/armv7e-m/fpu\libc_nano.a(lib_a-nano-vfprintf_i.o)
                0x0800b900                _printf_common
 .text._printf_i
                0x0800b9ec      0x24c d:/cygwin/opt/ecos/gnutools/arm-none-eabi/bin/../lib/gcc/arm-none-eabi/5.4.1/../../../../arm-none-eabi/lib/armv7e-m/fpu\libc_nano.a(lib_a-nano-vfprintf_i.o)
                0x0800b9ec                _printf_i
 .text._scanf_float
                0x0800bc38      0x3c0 d:/cygwin/opt/ecos/gnutools/arm-none-eabi/bin/../lib/gcc/arm-none-eabi/5.4.1/../../../../arm-none-eabi/lib/armv7e-m/fpu\libc_nano.a(lib_a-nano-vfscanf_float.o)
                0x0800bc38                _scanf_float
 .text.printf   0x0800bff8       0x30 d:/cygwin/opt/ecos/gnutools/arm-none-eabi/bin/../lib/gcc/arm-none-eabi/5.4.1/../../../../arm-none-eabi/lib/armv7e-m/fpu\libc_nano.a(lib_a-printf.o)
                0x0800bff8                iprintf
                0x0800bff8                printf
 .text.putchar  0x0800c028       0x28 d:/cygwin/opt/ecos/gnutools/arm-none-eabi/bin/../lib/gcc/arm-none-eabi/5.4.1/../../../../arm-none-eabi/lib/armv7e-m/fpu\libc_nano.a(lib_a-putchar.o)
                0x0800c028                putchar
 .text._sbrk_r  0x0800c050       0x20 d:/cygwin/opt/ecos/gnutools/arm-none-eabi/bin/../lib/gcc/arm-none-eabi/5.4.1/../../../../arm-none-eabi/lib/armv7e-m/fpu\libc_nano.a(lib_a-sbrkr.o)
                0x0800c050                _sbrk_r
 .text.nanf     0x0800c070        0xc d:/cygwin/opt/ecos/gnutools/arm-none-eabi/bin/../lib/gcc/arm-none-eabi/5.4.1/../../../../arm-none-eabi/lib/armv7e-m/fpu\libc_nano.a(lib_a-sf_nan.o)
                0x0800c070                nanf
 .text.sprintf  0x0800c07c       0x48 d:/cygwin/opt/ecos/gnutools/arm-none-eabi/bin/../lib/gcc/arm-none-eabi/5.4.1/../../../../arm-none-eabi/lib/armv7e-m/fpu\libc_nano.a(lib_a-sprintf.o)
                0x0800c07c                siprintf
                0x0800c07c                sprintf
 .text.sscanf   0x0800c0c4       0x54 d:/cygwin/opt/ecos/gnutools/arm-none-eabi/bin/../lib/gcc/arm-none-eabi/5.4.1/../../../../arm-none-eabi/lib/armv7e-m/fpu\libc_nano.a(lib_a-sscanf.o)
                0x0800c0c4                siscanf
                0x0800c0c4                sscanf
 .text.__sread  0x0800c118       0x22 d:/cygwin/opt/ecos/gnutools/arm-none-eabi/bin/../lib/gcc/arm-none-eabi/5.4.1/../../../../arm-none-eabi/lib/armv7e-m/fpu\libc_nano.a(lib_a-stdio.o)
                0x0800c118                __sread
 .text.__seofread
                0x0800c13a        0x4 d:/cygwin/opt/ecos/gnutools/arm-none-eabi/bin/../lib/gcc/arm-none-eabi/5.4.1/../../../../arm-none-eabi/lib/armv7e-m/fpu\libc_nano.a(lib_a-stdio.o)
                0x0800c13a                __seofread
 .text.__swrite
                0x0800c13e       0x38 d:/cygwin/opt/ecos/gnutools/arm-none-eabi/bin/../lib/gcc/arm-none-eabi/5.4.1/../../../../arm-none-eabi/lib/armv7e-m/fpu\libc_nano.a(lib_a-stdio.o)
                0x0800c13e                __swrite
 .text.__sseek  0x0800c176       0x24 d:/cygwin/opt/ecos/gnutools/arm-none-eabi/bin/../lib/gcc/arm-none-eabi/5.4.1/../../../../arm-none-eabi/lib/armv7e-m/fpu\libc_nano.a(lib_a-stdio.o)
                0x0800c176                __sseek
 .text.__sclose
                0x0800c19a        0x8 d:/cygwin/opt/ecos/gnutools/arm-none-eabi/bin/../lib/gcc/arm-none-eabi/5.4.1/../../../../arm-none-eabi/lib/armv7e-m/fpu\libc_nano.a(lib_a-stdio.o)
                0x0800c19a                __sclose
 .text.unlikely.sulp
                0x0800c1a2       0x38 d:/cygwin/opt/ecos/gnutools/arm-none-eabi/bin/../lib/gcc/arm-none-eabi/5.4.1/../../../../arm-none-eabi/lib/armv7e-m/fpu\libc_nano.a(lib_a-strtod.o)
 *fill*         0x0800c1da        0x6 
 .text._strtod_l
                0x0800c1e0      0xbf0 d:/cygwin/opt/ecos/gnutools/arm-none-eabi/bin/../lib/gcc/arm-none-eabi/5.4.1/../../../../arm-none-eabi/lib/armv7e-m/fpu\libc_nano.a(lib_a-strtod.o)
                0x0800c1e0                _strtod_l
 .text._strtod_r
                0x0800cdd0       0x20 d:/cygwin/opt/ecos/gnutools/arm-none-eabi/bin/../lib/gcc/arm-none-eabi/5.4.1/../../../../arm-none-eabi/lib/armv7e-m/fpu\libc_nano.a(lib_a-strtod.o)
                0x0800cdd0                _strtod_r
 .text._strtol_l.isra.0
                0x0800cdf0      0x110 d:/cygwin/opt/ecos/gnutools/arm-none-eabi/bin/../lib/gcc/arm-none-eabi/5.4.1/../../../../arm-none-eabi/lib/armv7e-m/fpu\libc_nano.a(lib_a-strtol.o)
 .text._strtol_r
                0x0800cf00       0x24 d:/cygwin/opt/ecos/gnutools/arm-none-eabi/bin/../lib/gcc/arm-none-eabi/5.4.1/../../../../arm-none-eabi/lib/armv7e-m/fpu\libc_nano.a(lib_a-strtol.o)
                0x0800cf00                _strtol_r
 .text.__swbuf_r
                0x0800cf24       0xa8 d:/cygwin/opt/ecos/gnutools/arm-none-eabi/bin/../lib/gcc/arm-none-eabi/5.4.1/../../../../arm-none-eabi/lib/armv7e-m/fpu\libc_nano.a(lib_a-wbuf.o)
                0x0800cf24                __swbuf_r
 .text._write_r
                0x0800cfcc       0x24 d:/cygwin/opt/ecos/gnutools/arm-none-eabi/bin/../lib/gcc/arm-none-eabi/5.4.1/../../../../arm-none-eabi/lib/armv7e-m/fpu\libc_nano.a(lib_a-writer.o)
                0x0800cfcc                _write_r
 .text.__swsetup_r
                0x0800cff0       0xdc d:/cygwin/opt/ecos/gnutools/arm-none-eabi/bin/../lib/gcc/arm-none-eabi/5.4.1/../../../../arm-none-eabi/lib/armv7e-m/fpu\libc_nano.a(lib_a-wsetup.o)
                0x0800cff0                __swsetup_r
 .text.abort    0x0800d0cc        0xe d:/cygwin/opt/ecos/gnutools/arm-none-eabi/bin/../lib/gcc/arm-none-eabi/5.4.1/../../../../arm-none-eabi/lib/armv7e-m/fpu\libc_nano.a(lib_a-abort.o)
                0x0800d0cc                abort
 *fill*         0x0800d0da        0x2 
 .text._close_r
                0x0800d0dc       0x20 d:/cygwin/opt/ecos/gnutools/arm-none-eabi/bin/../lib/gcc/arm-none-eabi/5.4.1/../../../../arm-none-eabi/lib/armv7e-m/fpu\libc_nano.a(lib_a-closer.o)
                0x0800d0dc                _close_r
 .text.quorem   0x0800d0fc      0x11e d:/cygwin/opt/ecos/gnutools/arm-none-eabi/bin/../lib/gcc/arm-none-eabi/5.4.1/../../../../arm-none-eabi/lib/armv7e-m/fpu\libc_nano.a(lib_a-dtoa.o)
 *fill*         0x0800d21a        0x6 
 .text._dtoa_r  0x0800d220      0xb40 d:/cygwin/opt/ecos/gnutools/arm-none-eabi/bin/../lib/gcc/arm-none-eabi/5.4.1/../../../../arm-none-eabi/lib/armv7e-m/fpu\libc_nano.a(lib_a-dtoa.o)
                0x0800d220                _dtoa_r
 .text.__sflush_r
                0x0800dd60      0x110 d:/cygwin/opt/ecos/gnutools/arm-none-eabi/bin/../lib/gcc/arm-none-eabi/5.4.1/../../../../arm-none-eabi/lib/armv7e-m/fpu\libc_nano.a(lib_a-fflush.o)
                0x0800dd60                __sflush_r
 .text._fflush_r
                0x0800de70       0x54 d:/cygwin/opt/ecos/gnutools/arm-none-eabi/bin/../lib/gcc/arm-none-eabi/5.4.1/../../../../arm-none-eabi/lib/armv7e-m/fpu\libc_nano.a(lib_a-fflush.o)
                0x0800de70                _fflush_r
 .text._cleanup_r
                0x0800dec4        0xc d:/cygwin/opt/ecos/gnutools/arm-none-eabi/bin/../lib/gcc/arm-none-eabi/5.4.1/../../../../arm-none-eabi/lib/armv7e-m/fpu\libc_nano.a(lib_a-findfp.o)
                0x0800dec4                _cleanup_r
 .text.std.isra.0
                0x0800ded0       0x48 d:/cygwin/opt/ecos/gnutools/arm-none-eabi/bin/../lib/gcc/arm-none-eabi/5.4.1/../../../../arm-none-eabi/lib/armv7e-m/fpu\libc_nano.a(lib_a-findfp.o)
 .text.__sfmoreglue
                0x0800df18       0x2c d:/cygwin/opt/ecos/gnutools/arm-none-eabi/bin/../lib/gcc/arm-none-eabi/5.4.1/../../../../arm-none-eabi/lib/armv7e-m/fpu\libc_nano.a(lib_a-findfp.o)
                0x0800df18                __sfmoreglue
 .text.__sinit  0x0800df44       0x60 d:/cygwin/opt/ecos/gnutools/arm-none-eabi/bin/../lib/gcc/arm-none-eabi/5.4.1/../../../../arm-none-eabi/lib/armv7e-m/fpu\libc_nano.a(lib_a-findfp.o)
                0x0800df44                __sinit
 .text.__sfp    0x0800dfa4       0x78 d:/cygwin/opt/ecos/gnutools/arm-none-eabi/bin/../lib/gcc/arm-none-eabi/5.4.1/../../../../arm-none-eabi/lib/armv7e-m/fpu\libc_nano.a(lib_a-findfp.o)
                0x0800dfa4                __sfp
 .text._fwalk_reent
                0x0800e01c       0x3c d:/cygwin/opt/ecos/gnutools/arm-none-eabi/bin/../lib/gcc/arm-none-eabi/5.4.1/../../../../arm-none-eabi/lib/armv7e-m/fpu\libc_nano.a(lib_a-fwalk.o)
                0x0800e01c                _fwalk_reent
 .text.rshift   0x0800e058       0x6c d:/cygwin/opt/ecos/gnutools/arm-none-eabi/bin/../lib/gcc/arm-none-eabi/5.4.1/../../../../arm-none-eabi/lib/armv7e-m/fpu\libc_nano.a(lib_a-gdtoa-gethex.o)
 .text.__hexdig_fun
                0x0800e0c4       0x2a d:/cygwin/opt/ecos/gnutools/arm-none-eabi/bin/../lib/gcc/arm-none-eabi/5.4.1/../../../../arm-none-eabi/lib/armv7e-m/fpu\libc_nano.a(lib_a-gdtoa-gethex.o)
                0x0800e0c4                __hexdig_fun
 .text.__gethex
                0x0800e0ee      0x440 d:/cygwin/opt/ecos/gnutools/arm-none-eabi/bin/../lib/gcc/arm-none-eabi/5.4.1/../../../../arm-none-eabi/lib/armv7e-m/fpu\libc_nano.a(lib_a-gdtoa-gethex.o)
                0x0800e0ee                __gethex
 .text.L_shift  0x0800e52e       0x24 d:/cygwin/opt/ecos/gnutools/arm-none-eabi/bin/../lib/gcc/arm-none-eabi/5.4.1/../../../../arm-none-eabi/lib/armv7e-m/fpu\libc_nano.a(lib_a-gdtoa-hexnan.o)
 .text.__match  0x0800e552       0x26 d:/cygwin/opt/ecos/gnutools/arm-none-eabi/bin/../lib/gcc/arm-none-eabi/5.4.1/../../../../arm-none-eabi/lib/armv7e-m/fpu\libc_nano.a(lib_a-gdtoa-hexnan.o)
                0x0800e552                __match
 .text.__hexnan
                0x0800e578      0x11c d:/cygwin/opt/ecos/gnutools/arm-none-eabi/bin/../lib/gcc/arm-none-eabi/5.4.1/../../../../arm-none-eabi/lib/armv7e-m/fpu\libc_nano.a(lib_a-gdtoa-hexnan.o)
                0x0800e578                __hexnan
 .text.__get_current_locale
                0x0800e694       0x18 d:/cygwin/opt/ecos/gnutools/arm-none-eabi/bin/../lib/gcc/arm-none-eabi/5.4.1/../../../../arm-none-eabi/lib/armv7e-m/fpu\libc_nano.a(lib_a-locale.o)
 .text.__locale_ctype_ptr_l
                0x0800e6ac        0x6 d:/cygwin/opt/ecos/gnutools/arm-none-eabi/bin/../lib/gcc/arm-none-eabi/5.4.1/../../../../arm-none-eabi/lib/armv7e-m/fpu\libc_nano.a(lib_a-locale.o)
                0x0800e6ac                __locale_ctype_ptr_l
 *fill*         0x0800e6b2        0x2 
 .text.__locale_ctype_ptr
                0x0800e6b4       0x14 d:/cygwin/opt/ecos/gnutools/arm-none-eabi/bin/../lib/gcc/arm-none-eabi/5.4.1/../../../../arm-none-eabi/lib/armv7e-m/fpu\libc_nano.a(lib_a-locale.o)
                0x0800e6b4                __locale_ctype_ptr
 .text.__localeconv_l
                0x0800e6c8        0x4 d:/cygwin/opt/ecos/gnutools/arm-none-eabi/bin/../lib/gcc/arm-none-eabi/5.4.1/../../../../arm-none-eabi/lib/armv7e-m/fpu\libc_nano.a(lib_a-localeconv.o)
                0x0800e6c8                __localeconv_l
 .text._localeconv_r
                0x0800e6cc       0x1c d:/cygwin/opt/ecos/gnutools/arm-none-eabi/bin/../lib/gcc/arm-none-eabi/5.4.1/../../../../arm-none-eabi/lib/armv7e-m/fpu\libc_nano.a(lib_a-localeconv.o)
                0x0800e6cc                _localeconv_r
 .text._lseek_r
                0x0800e6e8       0x24 d:/cygwin/opt/ecos/gnutools/arm-none-eabi/bin/../lib/gcc/arm-none-eabi/5.4.1/../../../../arm-none-eabi/lib/armv7e-m/fpu\libc_nano.a(lib_a-lseekr.o)
                0x0800e6e8                _lseek_r
 .text.__swhatbuf_r
                0x0800e70c       0x46 d:/cygwin/opt/ecos/gnutools/arm-none-eabi/bin/../lib/gcc/arm-none-eabi/5.4.1/../../../../arm-none-eabi/lib/armv7e-m/fpu\libc_nano.a(lib_a-makebuf.o)
                0x0800e70c                __swhatbuf_r
 *fill*         0x0800e752        0x2 
 .text.__smakebuf_r
                0x0800e754       0x78 d:/cygwin/opt/ecos/gnutools/arm-none-eabi/bin/../lib/gcc/arm-none-eabi/5.4.1/../../../../arm-none-eabi/lib/armv7e-m/fpu\libc_nano.a(lib_a-makebuf.o)
                0x0800e754                __smakebuf_r
 .text.__ascii_mbtowc
                0x0800e7cc       0x24 d:/cygwin/opt/ecos/gnutools/arm-none-eabi/bin/../lib/gcc/arm-none-eabi/5.4.1/../../../../arm-none-eabi/lib/armv7e-m/fpu\libc_nano.a(lib_a-mbtowc_r.o)
                0x0800e7cc                __ascii_mbtowc
 .text.memmove  0x0800e7f0       0x36 d:/cygwin/opt/ecos/gnutools/arm-none-eabi/bin/../lib/gcc/arm-none-eabi/5.4.1/../../../../arm-none-eabi/lib/armv7e-m/fpu\libc_nano.a(lib_a-memmove.o)
                0x0800e7f0                memmove
 .text.__malloc_lock
                0x0800e826        0x2 d:/cygwin/opt/ecos/gnutools/arm-none-eabi/bin/../lib/gcc/arm-none-eabi/5.4.1/../../../../arm-none-eabi/lib/armv7e-m/fpu\libc_nano.a(lib_a-mlock.o)
                0x0800e826                __malloc_lock
 .text.__malloc_unlock
                0x0800e828        0x2 d:/cygwin/opt/ecos/gnutools/arm-none-eabi/bin/../lib/gcc/arm-none-eabi/5.4.1/../../../../arm-none-eabi/lib/armv7e-m/fpu\libc_nano.a(lib_a-mlock.o)
                0x0800e828                __malloc_unlock
 .text._Balloc  0x0800e82a       0x6a d:/cygwin/opt/ecos/gnutools/arm-none-eabi/bin/../lib/gcc/arm-none-eabi/5.4.1/../../../../arm-none-eabi/lib/armv7e-m/fpu\libc_nano.a(lib_a-mprec.o)
                0x0800e82a                _Balloc
 .text._Bfree   0x0800e894       0x2e d:/cygwin/opt/ecos/gnutools/arm-none-eabi/bin/../lib/gcc/arm-none-eabi/5.4.1/../../../../arm-none-eabi/lib/armv7e-m/fpu\libc_nano.a(lib_a-mprec.o)
                0x0800e894                _Bfree
 .text.__multadd
                0x0800e8c2       0x76 d:/cygwin/opt/ecos/gnutools/arm-none-eabi/bin/../lib/gcc/arm-none-eabi/5.4.1/../../../../arm-none-eabi/lib/armv7e-m/fpu\libc_nano.a(lib_a-mprec.o)
                0x0800e8c2                __multadd
 .text.__s2b    0x0800e938       0x7c d:/cygwin/opt/ecos/gnutools/arm-none-eabi/bin/../lib/gcc/arm-none-eabi/5.4.1/../../../../arm-none-eabi/lib/armv7e-m/fpu\libc_nano.a(lib_a-mprec.o)
                0x0800e938                __s2b
 .text.__hi0bits
                0x0800e9b4       0x40 d:/cygwin/opt/ecos/gnutools/arm-none-eabi/bin/../lib/gcc/arm-none-eabi/5.4.1/../../../../arm-none-eabi/lib/armv7e-m/fpu\libc_nano.a(lib_a-mprec.o)
                0x0800e9b4                __hi0bits
 .text.__lo0bits
                0x0800e9f4       0x5a d:/cygwin/opt/ecos/gnutools/arm-none-eabi/bin/../lib/gcc/arm-none-eabi/5.4.1/../../../../arm-none-eabi/lib/armv7e-m/fpu\libc_nano.a(lib_a-mprec.o)
                0x0800e9f4                __lo0bits
 .text.__i2b    0x0800ea4e       0x12 d:/cygwin/opt/ecos/gnutools/arm-none-eabi/bin/../lib/gcc/arm-none-eabi/5.4.1/../../../../arm-none-eabi/lib/armv7e-m/fpu\libc_nano.a(lib_a-mprec.o)
                0x0800ea4e                __i2b
 .text.__multiply
                0x0800ea60      0x122 d:/cygwin/opt/ecos/gnutools/arm-none-eabi/bin/../lib/gcc/arm-none-eabi/5.4.1/../../../../arm-none-eabi/lib/armv7e-m/fpu\libc_nano.a(lib_a-mprec.o)
                0x0800ea60                __multiply
 *fill*         0x0800eb82        0x2 
 .text.__pow5mult
                0x0800eb84       0x9c d:/cygwin/opt/ecos/gnutools/arm-none-eabi/bin/../lib/gcc/arm-none-eabi/5.4.1/../../../../arm-none-eabi/lib/armv7e-m/fpu\libc_nano.a(lib_a-mprec.o)
                0x0800eb84                __pow5mult
 .text.__lshift
                0x0800ec20       0xa2 d:/cygwin/opt/ecos/gnutools/arm-none-eabi/bin/../lib/gcc/arm-none-eabi/5.4.1/../../../../arm-none-eabi/lib/armv7e-m/fpu\libc_nano.a(lib_a-mprec.o)
                0x0800ec20                __lshift
 .text.__mcmp   0x0800ecc2       0x38 d:/cygwin/opt/ecos/gnutools/arm-none-eabi/bin/../lib/gcc/arm-none-eabi/5.4.1/../../../../arm-none-eabi/lib/armv7e-m/fpu\libc_nano.a(lib_a-mprec.o)
                0x0800ecc2                __mcmp
 .text.__mdiff  0x0800ecfa       0xbe d:/cygwin/opt/ecos/gnutools/arm-none-eabi/bin/../lib/gcc/arm-none-eabi/5.4.1/../../../../arm-none-eabi/lib/armv7e-m/fpu\libc_nano.a(lib_a-mprec.o)
                0x0800ecfa                __mdiff
 .text.__ulp    0x0800edb8       0x50 d:/cygwin/opt/ecos/gnutools/arm-none-eabi/bin/../lib/gcc/arm-none-eabi/5.4.1/../../../../arm-none-eabi/lib/armv7e-m/fpu\libc_nano.a(lib_a-mprec.o)
                0x0800edb8                __ulp
 .text.__b2d    0x0800ee08       0x9a d:/cygwin/opt/ecos/gnutools/arm-none-eabi/bin/../lib/gcc/arm-none-eabi/5.4.1/../../../../arm-none-eabi/lib/armv7e-m/fpu\libc_nano.a(lib_a-mprec.o)
                0x0800ee08                __b2d
 .text.__d2b    0x0800eea2       0x9c d:/cygwin/opt/ecos/gnutools/arm-none-eabi/bin/../lib/gcc/arm-none-eabi/5.4.1/../../../../arm-none-eabi/lib/armv7e-m/fpu\libc_nano.a(lib_a-mprec.o)
                0x0800eea2                __d2b
 .text.__ratio  0x0800ef3e       0x54 d:/cygwin/opt/ecos/gnutools/arm-none-eabi/bin/../lib/gcc/arm-none-eabi/5.4.1/../../../../arm-none-eabi/lib/armv7e-m/fpu\libc_nano.a(lib_a-mprec.o)
                0x0800ef3e                __ratio
 .text.__copybits
                0x0800ef92       0x34 d:/cygwin/opt/ecos/gnutools/arm-none-eabi/bin/../lib/gcc/arm-none-eabi/5.4.1/../../../../arm-none-eabi/lib/armv7e-m/fpu\libc_nano.a(lib_a-mprec.o)
                0x0800ef92                __copybits
 .text.__any_on
                0x0800efc6       0x44 d:/cygwin/opt/ecos/gnutools/arm-none-eabi/bin/../lib/gcc/arm-none-eabi/5.4.1/../../../../arm-none-eabi/lib/armv7e-m/fpu\libc_nano.a(lib_a-mprec.o)
                0x0800efc6                __any_on
 .text._calloc_r
                0x0800f00a       0x1c d:/cygwin/opt/ecos/gnutools/arm-none-eabi/bin/../lib/gcc/arm-none-eabi/5.4.1/../../../../arm-none-eabi/lib/armv7e-m/fpu\libc_nano.a(lib_a-nano-callocr.o)
                0x0800f00a                _calloc_r
 .text._realloc_r
                0x0800f026       0x4c d:/cygwin/opt/ecos/gnutools/arm-none-eabi/bin/../lib/gcc/arm-none-eabi/5.4.1/../../../../arm-none-eabi/lib/armv7e-m/fpu\libc_nano.a(lib_a-nano-reallocr.o)
                0x0800f026                _realloc_r
 .text.__ssputs_r
                0x0800f072       0xb2 d:/cygwin/opt/ecos/gnutools/arm-none-eabi/bin/../lib/gcc/arm-none-eabi/5.4.1/../../../../arm-none-eabi/lib/armv7e-m/fpu\libc_nano.a(lib_a-nano-svfprintf.o)
                0x0800f072                __ssputs_r
 .text._svfprintf_r
                0x0800f124      0x1e8 d:/cygwin/opt/ecos/gnutools/arm-none-eabi/bin/../lib/gcc/arm-none-eabi/5.4.1/../../../../arm-none-eabi/lib/armv7e-m/fpu\libc_nano.a(lib_a-nano-svfprintf.o)
                0x0800f124                _svfiprintf_r
                0x0800f124                _svfprintf_r
 .text._sungetc_r
                0x0800f30c       0x7c d:/cygwin/opt/ecos/gnutools/arm-none-eabi/bin/../lib/gcc/arm-none-eabi/5.4.1/../../../../arm-none-eabi/lib/armv7e-m/fpu\libc_nano.a(lib_a-nano-svfscanf.o)
                0x0800f30c                _sungetc_r
 .text.__ssrefill_r
                0x0800f388       0x3a d:/cygwin/opt/ecos/gnutools/arm-none-eabi/bin/../lib/gcc/arm-none-eabi/5.4.1/../../../../arm-none-eabi/lib/armv7e-m/fpu\libc_nano.a(lib_a-nano-svfscanf.o)
                0x0800f388                __ssrefill_r
 *fill*         0x0800f3c2        0x2 
 .text.__ssvfscanf_r
                0x0800f3c4      0x2b0 d:/cygwin/opt/ecos/gnutools/arm-none-eabi/bin/../lib/gcc/arm-none-eabi/5.4.1/../../../../arm-none-eabi/lib/armv7e-m/fpu\libc_nano.a(lib_a-nano-svfscanf.o)
                0x0800f3c4                __ssvfiscanf_r
                0x0800f3c4                __ssvfscanf_r
 .text._scanf_chars
                0x0800f674       0xce d:/cygwin/opt/ecos/gnutools/arm-none-eabi/bin/../lib/gcc/arm-none-eabi/5.4.1/../../../../arm-none-eabi/lib/armv7e-m/fpu\libc_nano.a(lib_a-nano-vfscanf_i.o)
                0x0800f674                _scanf_chars
 *fill*         0x0800f742        0x2 
 .text._scanf_i
                0x0800f744      0x1e4 d:/cygwin/opt/ecos/gnutools/arm-none-eabi/bin/../lib/gcc/arm-none-eabi/5.4.1/../../../../arm-none-eabi/lib/armv7e-m/fpu\libc_nano.a(lib_a-nano-vfscanf_i.o)
                0x0800f744                _scanf_i
 .text._putc_r  0x0800f928       0x6c d:/cygwin/opt/ecos/gnutools/arm-none-eabi/bin/../lib/gcc/arm-none-eabi/5.4.1/../../../../arm-none-eabi/lib/armv7e-m/fpu\libc_nano.a(lib_a-putc.o)
                0x0800f928                _putc_r
 .text._read_r  0x0800f994       0x24 d:/cygwin/opt/ecos/gnutools/arm-none-eabi/bin/../lib/gcc/arm-none-eabi/5.4.1/../../../../arm-none-eabi/lib/armv7e-m/fpu\libc_nano.a(lib_a-readr.o)
                0x0800f994                _read_r
 .text.__sccl   0x0800f9b8       0x62 d:/cygwin/opt/ecos/gnutools/arm-none-eabi/bin/../lib/gcc/arm-none-eabi/5.4.1/../../../../arm-none-eabi/lib/armv7e-m/fpu\libc_nano.a(lib_a-sccl.o)
                0x0800f9b8                __sccl
 .text._raise_r
                0x0800fa1a       0x54 d:/cygwin/opt/ecos/gnutools/arm-none-eabi/bin/../lib/gcc/arm-none-eabi/5.4.1/../../../../arm-none-eabi/lib/armv7e-m/fpu\libc_nano.a(lib_a-signal.o)
                0x0800fa1a                _raise_r
 *fill*         0x0800fa6e        0x2 
 .text.raise    0x0800fa70       0x10 d:/cygwin/opt/ecos/gnutools/arm-none-eabi/bin/../lib/gcc/arm-none-eabi/5.4.1/../../../../arm-none-eabi/lib/armv7e-m/fpu\libc_nano.a(lib_a-signal.o)
                0x0800fa70                raise
 .text._kill_r  0x0800fa80       0x24 d:/cygwin/opt/ecos/gnutools/arm-none-eabi/bin/../lib/gcc/arm-none-eabi/5.4.1/../../../../arm-none-eabi/lib/armv7e-m/fpu\libc_nano.a(lib_a-signalr.o)
                0x0800fa80                _kill_r
 .text._getpid_r
                0x0800faa4        0x4 d:/cygwin/opt/ecos/gnutools/arm-none-eabi/bin/../lib/gcc/arm-none-eabi/5.4.1/../../../../arm-none-eabi/lib/armv7e-m/fpu\libc_nano.a(lib_a-signalr.o)
                0x0800faa4                _getpid_r
 .text.strncmp  0x0800faa8       0x2a d:/cygwin/opt/ecos/gnutools/arm-none-eabi/bin/../lib/gcc/arm-none-eabi/5.4.1/../../../../arm-none-eabi/lib/armv7e-m/fpu\libc_nano.a(lib_a-strncmp.o)
                0x0800faa8                strncmp
 .text._strtoul_l.isra.0
                0x0800fad2      0x102 d:/cygwin/opt/ecos/gnutools/arm-none-eabi/bin/../lib/gcc/arm-none-eabi/5.4.1/../../../../arm-none-eabi/lib/armv7e-m/fpu\libc_nano.a(lib_a-strtoul.o)
 .text._strtoul_r
                0x0800fbd4       0x24 d:/cygwin/opt/ecos/gnutools/arm-none-eabi/bin/../lib/gcc/arm-none-eabi/5.4.1/../../../../arm-none-eabi/lib/armv7e-m/fpu\libc_nano.a(lib_a-strtoul.o)
                0x0800fbd4                _strtoul_r
 .text.__submore
                0x0800fbf8       0x76 d:/cygwin/opt/ecos/gnutools/arm-none-eabi/bin/../lib/gcc/arm-none-eabi/5.4.1/../../../../arm-none-eabi/lib/armv7e-m/fpu\libc_nano.a(lib_a-ungetc.o)
                0x0800fbf8                __submore
 .text.__ascii_wctomb
                0x0800fc6e       0x1a d:/cygwin/opt/ecos/gnutools/arm-none-eabi/bin/../lib/gcc/arm-none-eabi/5.4.1/../../../../arm-none-eabi/lib/armv7e-m/fpu\libc_nano.a(lib_a-wctomb_r.o)
                0x0800fc6e                __ascii_wctomb
 .text._fstat_r
                0x0800fc88       0x24 d:/cygwin/opt/ecos/gnutools/arm-none-eabi/bin/../lib/gcc/arm-none-eabi/5.4.1/../../../../arm-none-eabi/lib/armv7e-m/fpu\libc_nano.a(lib_a-fstatr.o)
                0x0800fc88                _fstat_r
 .text._isatty_r
                0x0800fcac       0x20 d:/cygwin/opt/ecos/gnutools/arm-none-eabi/bin/../lib/gcc/arm-none-eabi/5.4.1/../../../../arm-none-eabi/lib/armv7e-m/fpu\libc_nano.a(lib_a-isattyr.o)
                0x0800fcac                _isatty_r
 .text._malloc_usable_size_r
                0x0800fccc       0x14 d:/cygwin/opt/ecos/gnutools/arm-none-eabi/bin/../lib/gcc/arm-none-eabi/5.4.1/../../../../arm-none-eabi/lib/armv7e-m/fpu\libc_nano.a(lib_a-nano-msizer.o)
                0x0800fccc                _malloc_usable_size_r
 .text._close   0x0800fce0       0x10 d:/cygwin/opt/ecos/gnutools/arm-none-eabi/bin/../lib/gcc/arm-none-eabi/5.4.1/../../../../arm-none-eabi/lib/armv7e-m/fpu\libnosys.a(close.o)
                0x0800fce0                _close
 .text._fstat   0x0800fcf0       0x10 d:/cygwin/opt/ecos/gnutools/arm-none-eabi/bin/../lib/gcc/arm-none-eabi/5.4.1/../../../../arm-none-eabi/lib/armv7e-m/fpu\libnosys.a(fstat.o)
                0x0800fcf0                _fstat
 .text._getpid  0x0800fd00       0x10 d:/cygwin/opt/ecos/gnutools/arm-none-eabi/bin/../lib/gcc/arm-none-eabi/5.4.1/../../../../arm-none-eabi/lib/armv7e-m/fpu\libnosys.a(getpid.o)
                0x0800fd00                _getpid
 .text._isatty  0x0800fd10       0x10 d:/cygwin/opt/ecos/gnutools/arm-none-eabi/bin/../lib/gcc/arm-none-eabi/5.4.1/../../../../arm-none-eabi/lib/armv7e-m/fpu\libnosys.a(isatty.o)
                0x0800fd10                _isatty
 .text._kill    0x0800fd20       0x10 d:/cygwin/opt/ecos/gnutools/arm-none-eabi/bin/../lib/gcc/arm-none-eabi/5.4.1/../../../../arm-none-eabi/lib/armv7e-m/fpu\libnosys.a(kill.o)
                0x0800fd20                _kill
 .text._lseek   0x0800fd30       0x10 d:/cygwin/opt/ecos/gnutools/arm-none-eabi/bin/../lib/gcc/arm-none-eabi/5.4.1/../../../../arm-none-eabi/lib/armv7e-m/fpu\libnosys.a(lseek.o)
                0x0800fd30                _lseek